Archive member included to satisfy reference by file (symbol)

/mnt/nvme0n1p4/soo/optee_os/out/arm-plat-vexpress/export-ta_arm32/lib/libutils.a(aeabi_unwind.o)
                              ./hello_world_ta.o (__aeabi_unwind_cpp_pr1)
/mnt/nvme0n1p4/soo/optee_os/out/arm-plat-vexpress/export-ta_arm32/lib/libutee.a(utee_syscalls_a32.o)
                              ./user_ta_header.o (utee_return)
/mnt/nvme0n1p4/soo/optee_os/out/arm-plat-vexpress/export-ta_arm32/lib/libutee.a(user_ta_entry.o)
                              ./user_ta_header.o (__utee_entry)
/mnt/nvme0n1p4/soo/optee_os/out/arm-plat-vexpress/export-ta_arm32/lib/libutee.a(tee_api.o)
                              /mnt/nvme0n1p4/soo/optee_os/out/arm-plat-vexpress/export-ta_arm32/lib/libutee.a(user_ta_entry.o) (TEE_Malloc)
/mnt/nvme0n1p4/soo/optee_os/out/arm-plat-vexpress/export-ta_arm32/lib/libutee.a(tee_api_panic.o)
                              /mnt/nvme0n1p4/soo/optee_os/out/arm-plat-vexpress/export-ta_arm32/lib/libutee.a(user_ta_entry.o) (TEE_Panic)
/mnt/nvme0n1p4/soo/optee_os/out/arm-plat-vexpress/export-ta_arm32/lib/libutee.a(tee_system_pta.o)
                              /mnt/nvme0n1p4/soo/optee_os/out/arm-plat-vexpress/export-ta_arm32/lib/libutee.a(tee_api.o) (tee_map_zi)
/mnt/nvme0n1p4/soo/optee_os/out/arm-plat-vexpress/export-ta_arm32/lib/libutee.a(tee_api_arith_mpi.o)
                              /mnt/nvme0n1p4/soo/optee_os/out/arm-plat-vexpress/export-ta_arm32/lib/libutee.a(user_ta_entry.o) (_TEE_MathAPI_Init)
/mnt/nvme0n1p4/soo/optee_os/out/arm-plat-vexpress/export-ta_arm32/lib/libutee.a(trace_ext.o)
                              /mnt/nvme0n1p4/soo/optee_os/out/arm-plat-vexpress/export-ta_arm32/lib/libutee.a(tee_api_arith_mpi.o) (printf)
/mnt/nvme0n1p4/soo/optee_os/out/arm-plat-vexpress/export-ta_arm32/lib/libmbedtls.a(bignum.o)
                              /mnt/nvme0n1p4/soo/optee_os/out/arm-plat-vexpress/export-ta_arm32/lib/libutee.a(tee_api_arith_mpi.o) (mbedtls_mpi_init_mempool)
/mnt/nvme0n1p4/soo/optee_os/out/arm-plat-vexpress/export-ta_arm32/lib/libmbedtls.a(platform_util.o)
                              /mnt/nvme0n1p4/soo/optee_os/out/arm-plat-vexpress/export-ta_arm32/lib/libmbedtls.a(bignum.o) (mbedtls_platform_zeroize)
/mnt/nvme0n1p4/soo/optee_os/out/arm-plat-vexpress/export-ta_arm32/lib/libutils.a(bget_malloc.o)
                              /mnt/nvme0n1p4/soo/optee_os/out/arm-plat-vexpress/export-ta_arm32/lib/libutee.a(tee_api.o) (malloc)
/mnt/nvme0n1p4/soo/optee_os/out/arm-plat-vexpress/export-ta_arm32/lib/libutils.a(snprintf.o)
                              /mnt/nvme0n1p4/soo/optee_os/out/arm-plat-vexpress/export-ta_arm32/lib/libutee.a(trace_ext.o) (vsnprintf)
/mnt/nvme0n1p4/soo/optee_os/out/arm-plat-vexpress/export-ta_arm32/lib/libutils.a(memcpy.o)
                              /mnt/nvme0n1p4/soo/optee_os/out/arm-plat-vexpress/export-ta_arm32/lib/libutee.a(tee_api.o) (memcpy)
/mnt/nvme0n1p4/soo/optee_os/out/arm-plat-vexpress/export-ta_arm32/lib/libutils.a(memmove.o)
                              /mnt/nvme0n1p4/soo/optee_os/out/arm-plat-vexpress/export-ta_arm32/lib/libutee.a(tee_api.o) (memmove)
/mnt/nvme0n1p4/soo/optee_os/out/arm-plat-vexpress/export-ta_arm32/lib/libutils.a(memset.o)
                              /mnt/nvme0n1p4/soo/optee_os/out/arm-plat-vexpress/export-ta_arm32/lib/libutee.a(user_ta_entry.o) (memset)
/mnt/nvme0n1p4/soo/optee_os/out/arm-plat-vexpress/export-ta_arm32/lib/libutils.a(strlen.o)
                              /mnt/nvme0n1p4/soo/optee_os/out/arm-plat-vexpress/export-ta_arm32/lib/libutee.a(trace_ext.o) (strlen)
/mnt/nvme0n1p4/soo/optee_os/out/arm-plat-vexpress/export-ta_arm32/lib/libutils.a(arm32_aeabi_ldivmod_a32.o)
                              /mnt/nvme0n1p4/soo/optee_os/out/arm-plat-vexpress/export-ta_arm32/lib/libmbedtls.a(bignum.o) (__aeabi_uldivmod)
/mnt/nvme0n1p4/soo/optee_os/out/arm-plat-vexpress/export-ta_arm32/lib/libutils.a(arm32_aeabi_ldivmod.o)
                              /mnt/nvme0n1p4/soo/optee_os/out/arm-plat-vexpress/export-ta_arm32/lib/libutils.a(arm32_aeabi_ldivmod_a32.o) (__ul_divmod)
/mnt/nvme0n1p4/soo/optee_os/out/arm-plat-vexpress/export-ta_arm32/lib/libutils.a(snprintk.o)
                              /mnt/nvme0n1p4/soo/optee_os/out/arm-plat-vexpress/export-ta_arm32/lib/libutils.a(snprintf.o) (__vsnprintf)
/mnt/nvme0n1p4/soo/optee_os/out/arm-plat-vexpress/export-ta_arm32/lib/libutils.a(trace.o)
                              /mnt/nvme0n1p4/soo/optee_os/out/arm-plat-vexpress/export-ta_arm32/lib/libutee.a(user_ta_entry.o) (trace_set_level)
/mnt/nvme0n1p4/soo/optee_os/out/arm-plat-vexpress/export-ta_arm32/lib/libutils.a(mempool.o)
                              /mnt/nvme0n1p4/soo/optee_os/out/arm-plat-vexpress/export-ta_arm32/lib/libutee.a(tee_api_arith_mpi.o) (mempool_alloc_pool)
/mnt/nvme0n1p4/soo/optee_os/out/arm-plat-vexpress/export-ta_arm32/lib/libutils.a(consttime_memcmp.o)
[...]
Memory Configuration

Name             Origin             Length             Attributes
*default*        0x0000000000000000 0xffffffffffffffff

Linker script and memory map


.ta_head        0x0000000000000000       0x20
 *(SORT(.ta_head))
 .ta_head       0x0000000000000000       0x20 ./user_ta_header.o
                0x0000000000000000                ta_head

.text           0x0000000000000020     0x9140
                0x0000000000000020                __text_start = .
 *(SORT(.text) SORT(.text.*))
 .text          0x0000000000000020       0xb0 ./hello_world_ta.o
                0x0000000000000020                TA_CreateEntryPoint
                0x0000000000000034                TA_DestroyEntryPoint
                0x0000000000000044                TA_OpenSessionEntryPoint
                0x0000000000000064                TA_CloseSessionEntryPoint
                0x0000000000000074                TA_InvokeCommandEntryPoint
 .text          0x00000000000000d0       0x28 ./user_ta_header.o
                0x00000000000000d0                __ta_entry_c
                0x00000000000000e4                tahead_get_trace_level
 .text.__ta_entry
                0x00000000000000f8        0x8 ./ta_entry_a32.o
                0x00000000000000f8                __ta_entry
 .text          0x0000000000000100       0x30 /mnt/nvme0n1p4/soo/optee_os/out/arm-plat-vexpress/export-ta_arm32/lib/libutils.a(aeabi_unwind.o)
                0x0000000000000100                __aeabi_unwind_cpp_pr0
                0x0000000000000110                __aeabi_unwind_cpp_pr1
                0x0000000000000120                __aeabi_unwind_cpp_pr2
 .text          0x0000000000000130        0x0 /mnt/nvme0n1p4/soo/optee_os/out/arm-plat-vexpress/export-ta_arm32/lib/libutee.a(utee_syscalls_a32.o)
 .text.utee_panic
                0x0000000000000130       0x14 /mnt/nvme0n1p4/soo/optee_os/out/arm-plat-vexpress/export-ta_arm32/lib/libutee.a(utee_syscalls_a32.o)
                0x0000000000000130                utee_panic
 .text.utee_return
                0x0000000000000144       0x14 /mnt/nvme0n1p4/soo/optee_os/out/arm-plat-vexpress/export-ta_arm32/lib/libutee.a(utee_syscalls_a32.o)
                0x0000000000000144                utee_return
 .text.utee_log
                0x0000000000000158       0x14 /mnt/nvme0n1p4/soo/optee_os/out/arm-plat-vexpress/export-ta_arm32/lib/libutee.a(utee_syscalls_a32.o)
                0x0000000000000158                utee_log
 .text.__utee_panic
                0x000000000000016c       0x14 /mnt/nvme0n1p4/soo/optee_os/out/arm-plat-vexpress/export-ta_arm32/lib/libutee.a(utee_syscalls_a32.o)
                0x000000000000016c                __utee_panic
 .text.utee_get_property
                0x0000000000000180       0x18 /mnt/nvme0n1p4/soo/optee_os/out/arm-plat-vexpress/export-ta_arm32/lib/libutee.a(utee_syscalls_a32.o)
                0x0000000000000180                utee_get_property
 .text.utee_get_property_name_to_index
                0x0000000000000198       0x14 /mnt/nvme0n1p4/soo/optee_os/out/arm-plat-vexpress/export-ta_arm32/lib/libutee.a(utee_syscalls_a32.o)
                0x0000000000000198                utee_get_property_name_to_index
 .text.utee_open_ta_session
                0x00000000000001ac       0x18 /mnt/nvme0n1p4/soo/optee_os/out/arm-plat-vexpress/export-ta_arm32/lib/libutee.a(utee_syscalls_a32.o)
                0x00000000000001ac                utee_open_ta_session
 .text.utee_close_ta_session
                0x00000000000001c4       0x14 /mnt/nvme0n1p4/soo/optee_os/out/arm-plat-vexpress/export-ta_arm32/lib/libutee.a(utee_syscalls_a32.o)
                0x00000000000001c4                utee_close_ta_session
 .text.utee_invoke_ta_command
                0x00000000000001d8       0x18 /mnt/nvme0n1p4/soo/optee_os/out/arm-plat-vexpress/export-ta_arm32/lib/libutee.a(utee_syscalls_a32.o)
                0x00000000000001d8                utee_invoke_ta_command
 .text.utee_get_cancellation_flag
                0x00000000000001f0       0x14 /mnt/nvme0n1p4/soo/optee_os/out/arm-plat-vexpress/export-ta_arm32/lib/libutee.a(utee_syscalls_a32.o)
                0x00000000000001f0                utee_get_cancellation_flag
 .text.utee_check_access_rights
                0x0000000000000204       0x14 /mnt/nvme0n1p4/soo/optee_os/out/arm-plat-vexpress/export-ta_arm32/lib/libutee.a(utee_syscalls_a32.o)
                0x0000000000000204                utee_check_access_rights
 .text.utee_unmask_cancellation
                0x0000000000000218       0x14 /mnt/nvme0n1p4/soo/optee_os/out/arm-plat-vexpress/export-ta_arm32/lib/libutee.a(utee_syscalls_a32.o)
                0x0000000000000218                utee_unmask_cancellation
 .text.utee_mask_cancellation
                0x000000000000022c       0x14 /mnt/nvme0n1p4/soo/optee_os/out/arm-plat-vexpress/export-ta_arm32/lib/libutee.a(utee_syscalls_a32.o)
                0x000000000000022c                utee_mask_cancellation
 .text.utee_wait
                0x0000000000000240       0x14 /mnt/nvme0n1p4/soo/optee_os/out/arm-plat-vexpress/export-ta_arm32/lib/libutee.a(utee_syscalls_a32.o)
                0x0000000000000240                utee_wait
 .text.utee_get_time
                0x0000000000000254       0x14 /mnt/nvme0n1p4/soo/optee_os/out/arm-plat-vexpress/export-ta_arm32/lib/libutee.a(utee_syscalls_a32.o)
                0x0000000000000254                utee_get_time
 .text.utee_set_ta_time
                0x0000000000000268       0x14 /mnt/nvme0n1p4/soo/optee_os/out/arm-plat-vexpress/export-ta_arm32/lib/libutee.a(utee_syscalls_a32.o)
                0x0000000000000268                utee_set_ta_time
 .text.utee_cryp_state_alloc
                0x000000000000027c       0x18 /mnt/nvme0n1p4/soo/optee_os/out/arm-plat-vexpress/export-ta_arm32/lib/libutee.a(utee_syscalls_a32.o)
                0x000000000000027c                utee_cryp_state_alloc
 .text.utee_cryp_state_copy
                0x0000000000000294       0x14 /mnt/nvme0n1p4/soo/optee_os/out/arm-plat-vexpress/export-ta_arm32/lib/libutee.a(utee_syscalls_a32.o)
                0x0000000000000294                utee_cryp_state_copy
 .text.utee_cryp_state_free
                0x00000000000002a8       0x14 /mnt/nvme0n1p4/soo/optee_os/out/arm-plat-vexpress/export-ta_arm32/lib/libutee.a(utee_syscalls_a32.o)
                0x00000000000002a8                utee_cryp_state_free
 .text.utee_hash_init
                0x00000000000002bc       0x14 /mnt/nvme0n1p4/soo/optee_os/out/arm-plat-vexpress/export-ta_arm32/lib/libutee.a(utee_syscalls_a32.o)
                0x00000000000002bc                utee_hash_init
 .text.utee_hash_update
                0x00000000000002d0       0x14 /mnt/nvme0n1p4/soo/optee_os/out/arm-plat-vexpress/export-ta_arm32/lib/libutee.a(utee_syscalls_a32.o)
                0x00000000000002d0                utee_hash_update
 .text.utee_hash_final
                0x00000000000002e4       0x18 /mnt/nvme0n1p4/soo/optee_os/out/arm-plat-vexpress/export-ta_arm32/lib/libutee.a(utee_syscalls_a32.o)
                0x00000000000002e4                utee_hash_final
 .text.utee_cipher_init
                0x00000000000002fc       0x14 /mnt/nvme0n1p4/soo/optee_os/out/arm-plat-vexpress/export-ta_arm32/lib/libutee.a(utee_syscalls_a32.o)
                0x00000000000002fc                utee_cipher_init
 .text.utee_cipher_update
                0x0000000000000310       0x18 /mnt/nvme0n1p4/soo/optee_os/out/arm-plat-vexpress/export-ta_arm32/lib/libutee.a(utee_syscalls_a32.o)
                0x0000000000000310                utee_cipher_update
 .text.utee_cipher_final
                0x0000000000000328       0x18 /mnt/nvme0n1p4/soo/optee_os/out/arm-plat-vexpress/export-ta_arm32/lib/libutee.a(utee_syscalls_a32.o)
                0x0000000000000328                utee_cipher_final
 .text.utee_cryp_obj_get_info
                0x0000000000000340       0x14 /mnt/nvme0n1p4/soo/optee_os/out/arm-plat-vexpress/export-ta_arm32/lib/libutee.a(utee_syscalls_a32.o)
                0x0000000000000340                utee_cryp_obj_get_info
 .text.utee_cryp_obj_restrict_usage
                0x0000000000000354       0x14 /mnt/nvme0n1p4/soo/optee_os/out/arm-plat-vexpress/export-ta_arm32/lib/libutee.a(utee_syscalls_a32.o)
                0x0000000000000354                utee_cryp_obj_restrict_usage
 .text.utee_cryp_obj_get_attr
                0x0000000000000368       0x14 /mnt/nvme0n1p4/soo/optee_os/out/arm-plat-vexpress/export-ta_arm32/lib/libutee.a(utee_syscalls_a32.o)
                0x0000000000000368                utee_cryp_obj_get_attr
 .text.utee_cryp_obj_alloc
                0x000000000000037c       0x14 /mnt/nvme0n1p4/soo/optee_os/out/arm-plat-vexpress/export-ta_arm32/lib/libutee.a(utee_syscalls_a32.o)
                0x000000000000037c                utee_cryp_obj_alloc
 .text.utee_cryp_obj_close
                0x0000000000000390       0x14 /mnt/nvme0n1p4/soo/optee_os/out/arm-plat-vexpress/export-ta_arm32/lib/libutee.a(utee_syscalls_a32.o)
                0x0000000000000390                utee_cryp_obj_close
 .text.utee_cryp_obj_reset
                0x00000000000003a4       0x14 /mnt/nvme0n1p4/soo/optee_os/out/arm-plat-vexpress/export-ta_arm32/lib/libutee.a(utee_syscalls_a32.o)
                0x00000000000003a4                utee_cryp_obj_reset
 .text.utee_cryp_obj_populate
                0x00000000000003b8       0x14 /mnt/nvme0n1p4/soo/optee_os/out/arm-plat-vexpress/export-ta_arm32/lib/libutee.a(utee_syscalls_a32.o)
                0x00000000000003b8                utee_cryp_obj_populate
 .text.utee_cryp_obj_copy
                0x00000000000003cc       0x14 /mnt/nvme0n1p4/soo/optee_os/out/arm-plat-vexpress/export-ta_arm32/lib/libutee.a(utee_syscalls_a32.o)
                0x00000000000003cc                utee_cryp_obj_copy
 .text.utee_cryp_derive_key
                0x00000000000003e0       0x14 /mnt/nvme0n1p4/soo/optee_os/out/arm-plat-vexpress/export-ta_arm32/lib/libutee.a(utee_syscalls_a32.o)
                0x00000000000003e0                utee_cryp_derive_key
 .text.utee_cryp_random_number_generate
                0x00000000000003f4       0x14 /mnt/nvme0n1p4/soo/optee_os/out/arm-plat-vexpress/export-ta_arm32/lib/libutee.a(utee_syscalls_a32.o)
                0x00000000000003f4                utee_cryp_random_number_generate
 .text.utee_authenc_init
                0x0000000000000408       0x18 /mnt/nvme0n1p4/soo/optee_os/out/arm-plat-vexpress/export-ta_arm32/lib/libutee.a(utee_syscalls_a32.o)
                0x0000000000000408                utee_authenc_init
 .text.utee_authenc_update_aad
                0x0000000000000420       0x14 /mnt/nvme0n1p4/soo/optee_os/out/arm-plat-vexpress/export-ta_arm32/lib/libutee.a(utee_syscalls_a32.o)
                0x0000000000000420                utee_authenc_update_aad
 .text.utee_authenc_update_payload
                0x0000000000000434       0x18 /mnt/nvme0n1p4/soo/optee_os/out/arm-plat-vexpress/export-ta_arm32/lib/libutee.a(utee_syscalls_a32.o)
                0x0000000000000434                utee_authenc_update_payload
 .text.utee_authenc_enc_final
                0x000000000000044c       0x18 /mnt/nvme0n1p4/soo/optee_os/out/arm-plat-vexpress/export-ta_arm32/lib/libutee.a(utee_syscalls_a32.o)
                0x000000000000044c                utee_authenc_enc_final
 .text.utee_authenc_dec_final
                0x0000000000000464       0x18 /mnt/nvme0n1p4/soo/optee_os/out/arm-plat-vexpress/export-ta_arm32/lib/libutee.a(utee_syscalls_a32.o)
                0x0000000000000464                utee_authenc_dec_final
 .text.utee_asymm_operate
                0x000000000000047c       0x18 /mnt/nvme0n1p4/soo/optee_os/out/arm-plat-vexpress/export-ta_arm32/lib/libutee.a(utee_syscalls_a32.o)
                0x000000000000047c                utee_asymm_operate
 .text.utee_asymm_verify
                0x0000000000000494       0x18 /mnt/nvme0n1p4/soo/optee_os/out/arm-plat-vexpress/export-ta_arm32/lib/libutee.a(utee_syscalls_a32.o)
                0x0000000000000494                utee_asymm_verify
 .text.utee_storage_obj_open
                0x00000000000004ac       0x18 /mnt/nvme0n1p4/soo/optee_os/out/arm-plat-vexpress/export-ta_arm32/lib/libutee.a(utee_syscalls_a32.o)
                0x00000000000004ac                utee_storage_obj_open
 .text.utee_storage_obj_create
                0x00000000000004c4       0x18 /mnt/nvme0n1p4/soo/optee_os/out/arm-plat-vexpress/export-ta_arm32/lib/libutee.a(utee_syscalls_a32.o)
                0x00000000000004c4                utee_storage_obj_create
 .text.utee_storage_obj_del
                0x00000000000004dc       0x14 /mnt/nvme0n1p4/soo/optee_os/out/arm-plat-vexpress/export-ta_arm32/lib/libutee.a(utee_syscalls_a32.o)
                0x00000000000004dc                utee_storage_obj_del
 .text.utee_storage_obj_rename
                0x00000000000004f0       0x14 /mnt/nvme0n1p4/soo/optee_os/out/arm-plat-vexpress/export-ta_arm32/lib/libutee.a(utee_syscalls_a32.o)
                0x00000000000004f0                utee_storage_obj_rename
 .text.utee_storage_alloc_enum
                0x0000000000000504       0x14 /mnt/nvme0n1p4/soo/optee_os/out/arm-plat-vexpress/export-ta_arm32/lib/libutee.a(utee_syscalls_a32.o)
                0x0000000000000504                utee_storage_alloc_enum
 .text.utee_storage_free_enum
                0x0000000000000518       0x14 /mnt/nvme0n1p4/soo/optee_os/out/arm-plat-vexpress/export-ta_arm32/lib/libutee.a(utee_syscalls_a32.o)
                0x0000000000000518                utee_storage_free_enum
 .text.utee_storage_reset_enum
                0x000000000000052c       0x14 /mnt/nvme0n1p4/soo/optee_os/out/arm-plat-vexpress/export-ta_arm32/lib/libutee.a(utee_syscalls_a32.o)
                0x000000000000052c                utee_storage_reset_enum
 .text.utee_storage_start_enum
                0x0000000000000540       0x14 /mnt/nvme0n1p4/soo/optee_os/out/arm-plat-vexpress/export-ta_arm32/lib/libutee.a(utee_syscalls_a32.o)
                0x0000000000000540                utee_storage_start_enum
 .text.utee_storage_next_enum
                0x0000000000000554       0x14 /mnt/nvme0n1p4/soo/optee_os/out/arm-plat-vexpress/export-ta_arm32/lib/libutee.a(utee_syscalls_a32.o)
                0x0000000000000554                utee_storage_next_enum
 .text.utee_storage_obj_read
                0x0000000000000568       0x14 /mnt/nvme0n1p4/soo/optee_os/out/arm-plat-vexpress/export-ta_arm32/lib/libutee.a(utee_syscalls_a32.o)
                0x0000000000000568                utee_storage_obj_read
 .text.utee_storage_obj_write
                0x000000000000057c       0x14 /mnt/nvme0n1p4/soo/optee_os/out/arm-plat-vexpress/export-ta_arm32/lib/libutee.a(utee_syscalls_a32.o)
                0x000000000000057c                utee_storage_obj_write
 .text.utee_storage_obj_trunc
                0x0000000000000590       0x14 /mnt/nvme0n1p4/soo/optee_os/out/arm-plat-vexpress/export-ta_arm32/lib/libutee.a(utee_syscalls_a32.o)
                0x0000000000000590                utee_storage_obj_trunc
 .text.utee_storage_obj_seek
                0x00000000000005a4       0x14 /mnt/nvme0n1p4/soo/optee_os/out/arm-plat-vexpress/export-ta_arm32/lib/libutee.a(utee_syscalls_a32.o)
                0x00000000000005a4                utee_storage_obj_seek
 .text.utee_cryp_obj_generate_key
                0x00000000000005b8       0x14 /mnt/nvme0n1p4/soo/optee_os/out/arm-plat-vexpress/export-ta_arm32/lib/libutee.a(utee_syscalls_a32.o)
                0x00000000000005b8                utee_cryp_obj_generate_key
 .text.utee_cache_operation
                0x00000000000005cc       0x14 /mnt/nvme0n1p4/soo/optee_os/out/arm-plat-vexpress/export-ta_arm32/lib/libutee.a(utee_syscalls_a32.o)
                0x00000000000005cc                utee_cache_operation
 .text          0x00000000000005e0      0x474 /mnt/nvme0n1p4/soo/optee_os/out/arm-plat-vexpress/export-ta_arm32/lib/libutee.a(user_ta_entry.o)
                0x00000000000007f0                __utee_entry
 .text          0x0000000000000a54      0x878 /mnt/nvme0n1p4/soo/optee_os/out/arm-plat-vexpress/export-ta_arm32/lib/libutee.a(tee_api.o)
                0x0000000000000af8                TEE_CloseTASession
                0x0000000000000b24                TEE_GetCancellationFlag
                0x0000000000000b5c                TEE_UnmaskCancellation
                0x0000000000000b94                TEE_MaskCancellation
                0x0000000000000bcc                TEE_CheckMemoryAccessRights
                0x0000000000000ddc                TEE_InvokeTACommand
                0x0000000000000efc                TEE_OpenTASession
                0x0000000000000fe0                TEE_SetInstanceData
                0x0000000000001000                TEE_GetInstanceData
                0x000000000000101c                TEE_MemMove
                0x0000000000001034                TEE_MemCompare
                0x000000000000104c                TEE_MemFill
                0x0000000000001064                TEE_GetSystemTime
                0x0000000000001090                TEE_Wait
                0x00000000000010c4                TEE_GetTAPersistentTime
                0x000000000000114c                TEE_SetTAPersistentTime
                0x00000000000011a0                TEE_GetREETime
                0x00000000000011cc                TEE_Malloc
                0x0000000000001248                TEE_Realloc
                0x0000000000001260                TEE_Free
                0x0000000000001278                TEE_CacheClean
                0x0000000000001294                TEE_CacheFlush
                0x00000000000012b0                TEE_CacheInvalidate
 .text          0x00000000000012cc       0x18 /mnt/nvme0n1p4/soo/optee_os/out/arm-plat-vexpress/export-ta_arm32/lib/libutee.a(tee_api_panic.o)
                0x00000000000012cc                TEE_Panic
 .text          0x00000000000012e4      0x18c /mnt/nvme0n1p4/soo/optee_os/out/arm-plat-vexpress/export-ta_arm32/lib/libutee.a(tee_system_pta.o)
                0x0000000000001370                tee_map_zi
                0x00000000000013e8                tee_unmap
 .text          0x0000000000001470     0x1c38 /mnt/nvme0n1p4/soo/optee_os/out/arm-plat-vexpress/export-ta_arm32/lib/libutee.a(tee_api_arith_mpi.o)
                0x0000000000001d70                _TEE_MathAPI_Init
                0x0000000000001ddc                TEE_BigIntInit
                0x0000000000001e4c                TEE_BigIntConvertFromOctetString
                0x0000000000001ee0                TEE_BigIntConvertToOctetString
                0x0000000000001f74                TEE_BigIntConvertFromS32
                0x0000000000001ffc                TEE_BigIntConvertToS32
                0x00000000000020a8                TEE_BigIntCmp
                0x0000000000002108                TEE_BigIntCmpS32
                0x00000000000022dc                TEE_BigIntShiftRight
                0x0000000000002470                TEE_BigIntGetBit
                0x00000000000024bc                TEE_BigIntGetBitCount
                0x00000000000024fc                TEE_BigIntAdd
                0x0000000000002534                TEE_BigIntSub
                0x000000000000256c                TEE_BigIntNeg
                0x0000000000002620                TEE_BigIntMul
                0x0000000000002714                TEE_BigIntSquare
                0x0000000000002730                TEE_BigIntDiv
                0x0000000000002890                TEE_BigIntMod
                0x0000000000002918                TEE_BigIntAddMod
                0x0000000000002950                TEE_BigIntSubMod
                0x0000000000002988                TEE_BigIntMulMod
                0x00000000000029c0                TEE_BigIntSquareMod
                0x00000000000029e0                TEE_BigIntInvMod
                0x0000000000002b04                TEE_BigIntRelativePrime
                0x0000000000002bc8                TEE_BigIntComputeExtendedGcd
                0x0000000000002e28                TEE_BigIntIsProbablePrime
                0x0000000000002e7c                TEE_BigIntInitFMM
                0x0000000000002e94                TEE_BigIntInitFMMContext
                0x0000000000002ea4                TEE_BigIntFMMSizeInU32
                0x0000000000002ec0                TEE_BigIntFMMContextSizeInU32
                0x0000000000002ed4                TEE_BigIntConvertToFMM
                0x0000000000002eec                TEE_BigIntConvertFromFMM
                0x0000000000002f90                TEE_BigIntComputeFMM
 .text.unlikely
                0x00000000000030a8       0x38 /mnt/nvme0n1p4/soo/optee_os/out/arm-plat-vexpress/export-ta_arm32/lib/libutee.a(tee_api_arith_mpi.o)
 .text          0x00000000000030e0      0x114 /mnt/nvme0n1p4/soo/optee_os/out/arm-plat-vexpress/export-ta_arm32/lib/libutee.a(trace_ext.o)
                0x00000000000030e0                trace_ext_puts
                0x0000000000003108                trace_ext_get_thread_id
                0x000000000000311c                printf
                0x0000000000003178                puts
                0x00000000000031b4                putchar
 .text          0x00000000000031f4     0x3e4c /mnt/nvme0n1p4/soo/optee_os/out/arm-plat-vexpress/export-ta_arm32/lib/libmbedtls.a(bignum.o)
                0x0000000000003814                mbedtls_mpi_init
                0x000000000000383c                mbedtls_mpi_init_mempool
                0x0000000000003888                mbedtls_mpi_free
                0x0000000000003908                mbedtls_mpi_grow
                0x0000000000003a00                mbedtls_mpi_shrink
                0x0000000000003b3c                mbedtls_mpi_copy
                0x0000000000003be8                mbedtls_mpi_swap
                0x0000000000003c40                mbedtls_mpi_safe_cond_assign
                0x0000000000003cf4                mbedtls_mpi_safe_cond_swap
                0x0000000000003dbc                mbedtls_mpi_lset
                0x0000000000003e1c                mbedtls_mpi_get_bit
                0x0000000000003e50                mbedtls_mpi_set_bit
                0x0000000000003ec8                mbedtls_mpi_lsb
                0x0000000000003f24                mbedtls_mpi_bitlen
                0x0000000000003fa0                mbedtls_mpi_size
                0x0000000000003fbc                mbedtls_mpi_read_binary
                0x0000000000004074                mbedtls_mpi_write_binary
                0x0000000000004128                mbedtls_mpi_shift_l
                0x0000000000004224                mbedtls_mpi_shift_r
                0x0000000000004310                mbedtls_mpi_cmp_abs
                0x00000000000043e4                mbedtls_mpi_cmp_mpi
                0x00000000000044f0                mbedtls_mpi_cmp_int
                0x000000000000453c                mbedtls_mpi_add_abs
                0x000000000000467c                mbedtls_mpi_sub_abs
                0x0000000000004758                mbedtls_mpi_add_mpi
                0x00000000000047dc                mbedtls_mpi_sub_mpi
                0x0000000000004864                mbedtls_mpi_add_int
                0x00000000000048b0                mbedtls_mpi_sub_int
                0x00000000000048fc                mbedtls_mpi_mul_mpi
                0x0000000000004a64                mbedtls_mpi_mul_int
                0x0000000000004a9c                mbedtls_mpi_read_string
                0x0000000000004c64                mbedtls_mpi_div_mpi
                0x0000000000005204                mbedtls_mpi_div_int
                0x0000000000005250                mbedtls_mpi_mod_mpi
                0x0000000000005304                mbedtls_mpi_mod_int
                0x0000000000005480                mbedtls_mpi_write_string
                0x00000000000056d4                mbedtls_mpi_montg_init
                0x000000000000571c                mbedtls_mpi_montmul
                0x000000000000586c                mbedtls_mpi_montred
                0x00000000000058b0                mbedtls_mpi_exp_mod
                0x0000000000005efc                mbedtls_mpi_gcd
                0x00000000000060b0                mbedtls_mpi_fill_random
                0x00000000000063ac                mbedtls_mpi_inv_mod
                0x00000000000067f4                mbedtls_mpi_is_prime_ext
                0x00000000000068ac                mbedtls_mpi_is_prime
                0x00000000000068d0                mbedtls_mpi_gen_prime
                0x0000000000006bbc                mbedtls_mpi_self_test
 .text          0x0000000000007040       0x30 /mnt/nvme0n1p4/soo/optee_os/out/arm-plat-vexpress/export-ta_arm32/lib/libmbedtls.a(platform_util.o)
                0x0000000000007040                mbedtls_platform_zeroize
 .text          0x0000000000007070      0xd7c /mnt/nvme0n1p4/soo/optee_os/out/arm-plat-vexpress/export-ta_arm32/lib/libutils.a(bget_malloc.o)
                0x00000000000070cc                bget
                0x00000000000072cc                bgetz
                0x0000000000007358                brel
                0x00000000000076a8                bgetr
                0x0000000000007770                bpool
                0x0000000000007870                bstats
                0x0000000000007920                malloc_reset_stats
                0x0000000000007950                malloc_get_stats
                0x0000000000007980                malloc
                0x00000000000079c8                calloc
                0x0000000000007a24                realloc
                0x0000000000007a6c                free
                0x0000000000007a9c                free_wipe
                0x0000000000007acc                malloc_add_pool
                0x0000000000007bf4                malloc_buffer_is_within_alloced
                0x0000000000007d64                malloc_buffer_overlaps_heap
 .text          0x0000000000007dec       0x58 /mnt/nvme0n1p4/soo/optee_os/out/arm-plat-vexpress/export-ta_arm32/lib/libutils.a(snprintf.o)
                0x0000000000007dec                snprintf
                0x0000000000007e20                vsnprintf
 .text          0x0000000000007e44       0x2c /mnt/nvme0n1p4/soo/optee_os/out/arm-plat-vexpress/export-ta_arm32/lib/libutils.a(memcpy.o)
                0x0000000000007e44                memcpy
 .text          0x0000000000007e70       0x5c /mnt/nvme0n1p4/soo/optee_os/out/arm-plat-vexpress/export-ta_arm32/lib/libutils.a(memmove.o)
                0x0000000000007e70                memmove
 .text          0x0000000000007ecc       0x28 /mnt/nvme0n1p4/soo/optee_os/out/arm-plat-vexpress/export-ta_arm32/lib/libutils.a(memset.o)
                0x0000000000007ecc                memset
 .text          0x0000000000007ef4       0x30 /mnt/nvme0n1p4/soo/optee_os/out/arm-plat-vexpress/export-ta_arm32/lib/libutils.a(strlen.o)
                0x0000000000007ef4                strlen
 .text.__aeabi_ldivmod
                0x0000000000007f24       0x18 /mnt/nvme0n1p4/soo/optee_os/out/arm-plat-vexpress/export-ta_arm32/lib/libutils.a(arm32_aeabi_ldivmod_a32.o)
                0x0000000000007f24                __aeabi_ldivmod
 .text.__aeabi_uldivmod
                0x0000000000007f3c       0x18 /mnt/nvme0n1p4/soo/optee_os/out/arm-plat-vexpress/export-ta_arm32/lib/libutils.a(arm32_aeabi_ldivmod_a32.o)
                0x0000000000007f3c                __aeabi_uldivmod
 .text          0x0000000000007f54      0x1c8 /mnt/nvme0n1p4/soo/optee_os/out/arm-plat-vexpress/export-ta_arm32/lib/libutils.a(arm32_aeabi_ldivmod.o)
                0x0000000000007f54                __ul_divmod
                0x0000000000007ffc                __l_divmod
 .text          0x000000000000811c      0xaac /mnt/nvme0n1p4/soo/optee_os/out/arm-plat-vexpress/export-ta_arm32/lib/libutils.a(snprintk.o)
                0x000000000000811c                __vsnprintf
                0x0000000000008b78                vsnprintk
                0x0000000000008b9c                snprintk
 .text          0x0000000000008bc8      0x2b4 /mnt/nvme0n1p4/soo/optee_os/out/arm-plat-vexpress/export-ta_arm32/lib/libutils.a(trace.o)
                0x0000000000008bc8                trace_set_level
                0x0000000000008c00                trace_get_level
                0x0000000000008c2c                trace_vprintf
                0x0000000000008e3c                trace_printf
                0x0000000000008e6c                dhex_dump
 .text          0x0000000000008e7c      0x1cc /mnt/nvme0n1p4/soo/optee_os/out/arm-plat-vexpress/export-ta_arm32/lib/libutils.a(mempool.o)
                0x0000000000008e7c                mempool_alloc_pool
                0x0000000000008ee8                mempool_alloc
                0x0000000000008fac                mempool_calloc
                0x0000000000008ff0                mempool_free
 .text          0x0000000000009048       0x7c /mnt/nvme0n1p4/soo/optee_os/out/arm-plat-vexpress/export-ta_arm32/lib/libutils.a(consttime_memcmp.o)
                0x0000000000009048                consttime_memcmp
 .text          0x00000000000090c4       0x40 /mnt/nvme0n1p4/soo/optee_os/out/arm-plat-vexpress/export-ta_arm32/lib/libutils.a(memchr.o)
                0x00000000000090c4                memchr
 .text          0x0000000000009104       0x5c /mnt/nvme0n1p4/soo/optee_os/out/arm-plat-vexpress/export-ta_arm32/lib/libutee.a(assert.o)
                0x0000000000009104                _assert_log
                0x0000000000009144                _assert_break
 .text          0x0000000000009160        0x0 ./ta_entry_a32.o
 .text          0x0000000000009160        0x0 /mnt/nvme0n1p4/soo/optee_os/out/arm-plat-vexpress/export-ta_arm32/lib/libutils.a(arm32_aeabi_ldivmod_a32.o)
 *(SORT(.stub))
 *(SORT(.glue_7))
 .glue_7        0x0000000000009160        0x0 linker stubs
 *(SORT(.glue_7t))
 .glue_7t       0x0000000000009160        0x0 linker stubs
 *(SORT(.gnu.linkonce.t.*))
 *(SORT(.vfp11_veneer))
 .vfp11_veneer  0x0000000000009160        0x0 linker stubs
                0x0000000000009160                __text_end = .

.v4_bx          0x0000000000009160        0x0
 .v4_bx         0x0000000000009160        0x0 linker stubs

.iplt           0x0000000000009160        0x0
 .iplt          0x0000000000009160        0x0 ./hello_world_ta.o

.plt            0x0000000000009160        0x0
 *(SORT(.plt))
 .plt           0x0000000000009160        0x0 ./hello_world_ta.o

.eh_frame
 *(SORT(.eh_frame))

.rodata         0x0000000000009160      0xef2
 *(SORT(.gnu.linkonce.r.*))
 *(SORT(.rodata) SORT(.rodata.*))
 .rodata.user_ta_header.c
                0x0000000000009160       0x1b ./user_ta_header.o
                0x0000000000009160                ta_num_props
                0x0000000000009174                ta_heap_size
                0x0000000000009178                trace_ext_prefix
 *fill*         0x000000000000917b        0x1 
 .rodata.lib/libutee/tee_system_pta.c
                0x000000000000917c       0x1a /mnt/nvme0n1p4/soo/optee_os/out/arm-plat-vexpress/export-ta_arm32/lib/libutee.a(tee_system_pta.o)
 *fill*         0x0000000000009196        0x2 
 .rodata.lib/libmbedtls/mbedtls/library/bignum.c
                0x0000000000009198      0x2c4 /mnt/nvme0n1p4/soo/optee_os/out/arm-plat-vexpress/export-ta_arm32/lib/libmbedtls.a(bignum.o)
 .rodata.str1.1.user_ta_header.c
                0x000000000000945c      0x128 ./user_ta_header.o
 .rodata.lib/libutee/tee_api.c
                0x0000000000009584        0xb /mnt/nvme0n1p4/soo/optee_os/out/arm-plat-vexpress/export-ta_arm32/lib/libutee.a(tee_api.o)
 .rodata.str1.1.lib/libutee/tee_api.c
                0x000000000000958f       0x11 /mnt/nvme0n1p4/soo/optee_os/out/arm-plat-vexpress/export-ta_arm32/lib/libutee.a(tee_api.o)
 .rodata.str1.1.lib/libutee/tee_system_pta.c
                0x00000000000095a0       0x2a /mnt/nvme0n1p4/soo/optee_os/out/arm-plat-vexpress/export-ta_arm32/lib/libutee.a(tee_system_pta.o)
 .rodata.lib/libutee/tee_api_arith_mpi.c
                0x00000000000095ca      0x13d /mnt/nvme0n1p4/soo/optee_os/out/arm-plat-vexpress/export-ta_arm32/lib/libutee.a(tee_api_arith_mpi.o)
 .rodata.str1.1.lib/libutee/tee_api_arith_mpi.c
                0x0000000000009707       0xb7 /mnt/nvme0n1p4/soo/optee_os/out/arm-plat-vexpress/export-ta_arm32/lib/libutee.a(tee_api_arith_mpi.o)
 .rodata.str1.1.lib/libutee/trace_ext.c
                0x00000000000097be       0xb7 /mnt/nvme0n1p4/soo/optee_os/out/arm-plat-vexpress/export-ta_arm32/lib/libutee.a(trace_ext.o)
                                          0x2 (size before relaxing)
 .rodata.str1.1.lib/libmbedtls/mbedtls/library/bignum.c
                0x00000000000097be      0x45d /mnt/nvme0n1p4/soo/optee_os/out/arm-plat-vexpress/export-ta_arm32/lib/libmbedtls.a(bignum.o)
 .rodata.lib/libutils/isoc/bget_malloc.c
                0x0000000000009c1b       0x58 /mnt/nvme0n1p4/soo/optee_os/out/arm-plat-vexpress/export-ta_arm32/lib/libutils.a(bget_malloc.o)
 .rodata.str1.1.lib/libutils/isoc/bget_malloc.c
                0x0000000000009c73      0x2a4 /mnt/nvme0n1p4/soo/optee_os/out/arm-plat-vexpress/export-ta_arm32/lib/libutils.a(bget_malloc.o)
                                        0x2ad (size before relaxing)
 .rodata.lib/libutils/ext/snprintk.c
                0x0000000000009f17       0x22 /mnt/nvme0n1p4/soo/optee_os/out/arm-plat-vexpress/export-ta_arm32/lib/libutils.a(snprintk.o)
 .rodata.str1.1.lib/libutils/ext/snprintk.c
                0x0000000000009f39       0x38 /mnt/nvme0n1p4/soo/optee_os/out/arm-plat-vexpress/export-ta_arm32/lib/libutils.a(snprintk.o)
 .rodata.lib/libutils/ext/trace.c
                0x0000000000009f71        0x5 /mnt/nvme0n1p4/soo/optee_os/out/arm-plat-vexpress/export-ta_arm32/lib/libutils.a(trace.o)
 .rodata.str1.1.lib/libutils/ext/trace.c
                0x0000000000009f76       0x1a /mnt/nvme0n1p4/soo/optee_os/out/arm-plat-vexpress/export-ta_arm32/lib/libutils.a(trace.o)
                                         0x1b (size before relaxing)
 .rodata.lib/libutils/ext/mempool.c
                0x0000000000009f90       0x21 /mnt/nvme0n1p4/soo/optee_os/out/arm-plat-vexpress/export-ta_arm32/lib/libutils.a(mempool.o)
 .rodata.str1.1.lib/libutils/ext/mempool.c
                0x0000000000009fb1       0x7a /mnt/nvme0n1p4/soo/optee_os/out/arm-plat-vexpress/export-ta_arm32/lib/libutils.a(mempool.o)
 .rodata.str1.1.lib/libutee/assert.c
                0x000000000000a02b       0x27 /mnt/nvme0n1p4/soo/optee_os/out/arm-plat-vexpress/export-ta_arm32/lib/libutee.a(assert.o)

.ARM.extab      0x000000000000a054      0x8b8
 .ARM.extab     0x000000000000a054       0x3c ./hello_world_ta.o
 .ARM.extab     0x000000000000a090       0x18 ./user_ta_header.o
 .ARM.extab     0x000000000000a0a8       0x24 /mnt/nvme0n1p4/soo/optee_os/out/arm-plat-vexpress/export-ta_arm32/lib/libutils.a(aeabi_unwind.o)
 .ARM.extab     0x000000000000a0cc       0x3c /mnt/nvme0n1p4/soo/optee_os/out/arm-plat-vexpress/export-ta_arm32/lib/libutee.a(user_ta_entry.o)
 .ARM.extab     0x000000000000a108      0x12c /mnt/nvme0n1p4/soo/optee_os/out/arm-plat-vexpress/export-ta_arm32/lib/libutee.a(tee_api.o)
 .ARM.extab     0x000000000000a234        0xc /mnt/nvme0n1p4/soo/optee_os/out/arm-plat-vexpress/export-ta_arm32/lib/libutee.a(tee_api_panic.o)
 .ARM.extab     0x000000000000a240       0x24 /mnt/nvme0n1p4/soo/optee_os/out/arm-plat-vexpress/export-ta_arm32/lib/libutee.a(tee_system_pta.o)
 .ARM.extab     0x000000000000a264      0x1ec /mnt/nvme0n1p4/soo/optee_os/out/arm-plat-vexpress/export-ta_arm32/lib/libutee.a(tee_api_arith_mpi.o)
 .ARM.extab     0x000000000000a450       0x40 /mnt/nvme0n1p4/soo/optee_os/out/arm-plat-vexpress/export-ta_arm32/lib/libutee.a(trace_ext.o)
 .ARM.extab     0x000000000000a490      0x27c /mnt/nvme0n1p4/soo/optee_os/out/arm-plat-vexpress/export-ta_arm32/lib/libmbedtls.a(bignum.o)
 .ARM.extab     0x000000000000a70c        0xc /mnt/nvme0n1p4/soo/optee_os/out/arm-plat-vexpress/export-ta_arm32/lib/libmbedtls.a(platform_util.o)
 .ARM.extab     0x000000000000a718       0xcc /mnt/nvme0n1p4/soo/optee_os/out/arm-plat-vexpress/export-ta_arm32/lib/libutils.a(bget_malloc.o)
 .ARM.extab     0x000000000000a7e4       0x1c /mnt/nvme0n1p4/soo/optee_os/out/arm-plat-vexpress/export-ta_arm32/lib/libutils.a(snprintf.o)
 .ARM.extab     0x000000000000a800        0xc /mnt/nvme0n1p4/soo/optee_os/out/arm-plat-vexpress/export-ta_arm32/lib/libutils.a(memcpy.o)
 .ARM.extab     0x000000000000a80c        0xc /mnt/nvme0n1p4/soo/optee_os/out/arm-plat-vexpress/export-ta_arm32/lib/libutils.a(memmove.o)
 .ARM.extab     0x000000000000a818        0xc /mnt/nvme0n1p4/soo/optee_os/out/arm-plat-vexpress/export-ta_arm32/lib/libutils.a(memset.o)
 .ARM.extab     0x000000000000a824        0xc /mnt/nvme0n1p4/soo/optee_os/out/arm-plat-vexpress/export-ta_arm32/lib/libutils.a(strlen.o)
 .ARM.extab     0x000000000000a830       0x18 /mnt/nvme0n1p4/soo/optee_os/out/arm-plat-vexpress/export-ta_arm32/lib/libutils.a(arm32_aeabi_ldivmod.o)
 .ARM.extab     0x000000000000a848       0x28 /mnt/nvme0n1p4/soo/optee_os/out/arm-plat-vexpress/export-ta_arm32/lib/libutils.a(snprintk.o)
 .ARM.extab     0x000000000000a870       0x3c /mnt/nvme0n1p4/soo/optee_os/out/arm-plat-vexpress/export-ta_arm32/lib/libutils.a(trace.o)
 .ARM.extab     0x000000000000a8ac       0x30 /mnt/nvme0n1p4/soo/optee_os/out/arm-plat-vexpress/export-ta_arm32/lib/libutils.a(mempool.o)
 .ARM.extab     0x000000000000a8dc        0xc /mnt/nvme0n1p4/soo/optee_os/out/arm-plat-vexpress/export-ta_arm32/lib/libutils.a(consttime_memcmp.o)
 .ARM.extab     0x000000000000a8e8        0xc /mnt/nvme0n1p4/soo/optee_os/out/arm-plat-vexpress/export-ta_arm32/lib/libutils.a(memchr.o)
 .ARM.extab     0x000000000000a8f4       0x18 /mnt/nvme0n1p4/soo/optee_os/out/arm-plat-vexpress/export-ta_arm32/lib/libutee.a(assert.o)

.gnu.version_d  0x000000000000a90c        0x0
 .gnu.version_d
                0x000000000000a90c        0x0 ./hello_world_ta.o

.gnu.version    0x000000000000a90c        0x0
 .gnu.version   0x000000000000a90c        0x0 ./hello_world_ta.o

.gnu.version_r  0x000000000000a90c        0x0
 .gnu.version_r
                0x000000000000a90c        0x0 ./hello_world_ta.o

.ARM.extab.text.__ta_entry
                0x000000000000a90c        0x0
 .ARM.extab.text.__ta_entry
                0x000000000000a90c        0x0 ./ta_entry_a32.o

.ARM.extab.text.utee_panic
                0x000000000000a90c        0xc
 .ARM.extab.text.utee_panic
                0x000000000000a90c        0xc /mnt/nvme0n1p4/soo/optee_os/out/arm-plat-vexpress/export-ta_arm32/lib/libutee.a(utee_syscalls_a32.o)

.ARM.extab.text.utee_return
                0x000000000000a918        0x0
 .ARM.extab.text.utee_return
                0x000000000000a918        0x0 /mnt/nvme0n1p4/soo/optee_os/out/arm-plat-vexpress/export-ta_arm32/lib/libutee.a(utee_syscalls_a32.o)

.ARM.extab.text.utee_log
                0x000000000000a918        0x0
 .ARM.extab.text.utee_log
                0x000000000000a918        0x0 /mnt/nvme0n1p4/soo/optee_os/out/arm-plat-vexpress/export-ta_arm32/lib/libutee.a(utee_syscalls_a32.o)

.ARM.extab.text.__utee_panic
                0x000000000000a918        0x0
 .ARM.extab.text.__utee_panic
                0x000000000000a918        0x0 /mnt/nvme0n1p4/soo/optee_os/out/arm-plat-vexpress/export-ta_arm32/lib/libutee.a(utee_syscalls_a32.o)

.ARM.extab.text.utee_get_property
                0x000000000000a918        0x0
 .ARM.extab.text.utee_get_property
                0x000000000000a918        0x0 /mnt/nvme0n1p4/soo/optee_os/out/arm-plat-vexpress/export-ta_arm32/lib/libutee.a(utee_syscalls_a32.o)

.ARM.extab.text.utee_get_property_name_to_index
                0x000000000000a918        0x0
 .ARM.extab.text.utee_get_property_name_to_index
                0x000000000000a918        0x0 /mnt/nvme0n1p4/soo/optee_os/out/arm-plat-vexpress/export-ta_arm32/lib/libutee.a(utee_syscalls_a32.o)

.ARM.extab.text.utee_open_ta_session
                0x000000000000a918        0x0
 .ARM.extab.text.utee_open_ta_session
                0x000000000000a918        0x0 /mnt/nvme0n1p4/soo/optee_os/out/arm-plat-vexpress/export-ta_arm32/lib/libutee.a(utee_syscalls_a32.o)

.ARM.extab.text.utee_close_ta_session
                0x000000000000a918        0x0
 .ARM.extab.text.utee_close_ta_session
                0x000000000000a918        0x0 /mnt/nvme0n1p4/soo/optee_os/out/arm-plat-vexpress/export-ta_arm32/lib/libutee.a(utee_syscalls_a32.o)

.ARM.extab.text.utee_invoke_ta_command
                0x000000000000a918        0x0
 .ARM.extab.text.utee_invoke_ta_command
                0x000000000000a918        0x0 /mnt/nvme0n1p4/soo/optee_os/out/arm-plat-vexpress/export-ta_arm32/lib/libutee.a(utee_syscalls_a32.o)

.ARM.extab.text.utee_get_cancellation_flag
                0x000000000000a918        0x0
 .ARM.extab.text.utee_get_cancellation_flag
                0x000000000000a918        0x0 /mnt/nvme0n1p4/soo/optee_os/out/arm-plat-vexpress/export-ta_arm32/lib/libutee.a(utee_syscalls_a32.o)

.ARM.extab.text.utee_check_access_rights
                0x000000000000a918        0x0
 .ARM.extab.text.utee_check_access_rights
                0x000000000000a918        0x0 /mnt/nvme0n1p4/soo/optee_os/out/arm-plat-vexpress/export-ta_arm32/lib/libutee.a(utee_syscalls_a32.o)

.ARM.extab.text.utee_unmask_cancellation
                0x000000000000a918        0x0
 .ARM.extab.text.utee_unmask_cancellation
                0x000000000000a918        0x0 /mnt/nvme0n1p4/soo/optee_os/out/arm-plat-vexpress/export-ta_arm32/lib/libutee.a(utee_syscalls_a32.o)

.ARM.extab.text.utee_mask_cancellation
                0x000000000000a918        0x0
 .ARM.extab.text.utee_mask_cancellation
                0x000000000000a918        0x0 /mnt/nvme0n1p4/soo/optee_os/out/arm-plat-vexpress/export-ta_arm32/lib/libutee.a(utee_syscalls_a32.o)

.ARM.extab.text.utee_wait
                0x000000000000a918        0x0
 .ARM.extab.text.utee_wait
                0x000000000000a918        0x0 /mnt/nvme0n1p4/soo/optee_os/out/arm-plat-vexpress/export-ta_arm32/lib/libutee.a(utee_syscalls_a32.o)

.ARM.extab.text.utee_get_time
                0x000000000000a918        0x0
 .ARM.extab.text.utee_get_time
                0x000000000000a918        0x0 /mnt/nvme0n1p4/soo/optee_os/out/arm-plat-vexpress/export-ta_arm32/lib/libutee.a(utee_syscalls_a32.o)

.ARM.extab.text.utee_set_ta_time
                0x000000000000a918        0x0
 .ARM.extab.text.utee_set_ta_time
                0x000000000000a918        0x0 /mnt/nvme0n1p4/soo/optee_os/out/arm-plat-vexpress/export-ta_arm32/lib/libutee.a(utee_syscalls_a32.o)

.ARM.extab.text.utee_cryp_state_alloc
                0x000000000000a918        0x0
 .ARM.extab.text.utee_cryp_state_alloc
                0x000000000000a918        0x0 /mnt/nvme0n1p4/soo/optee_os/out/arm-plat-vexpress/export-ta_arm32/lib/libutee.a(utee_syscalls_a32.o)

.ARM.extab.text.utee_cryp_state_copy
                0x000000000000a918        0x0
 .ARM.extab.text.utee_cryp_state_copy
                0x000000000000a918        0x0 /mnt/nvme0n1p4/soo/optee_os/out/arm-plat-vexpress/export-ta_arm32/lib/libutee.a(utee_syscalls_a32.o)

.ARM.extab.text.utee_cryp_state_free
                0x000000000000a918        0x0
 .ARM.extab.text.utee_cryp_state_free
                0x000000000000a918        0x0 /mnt/nvme0n1p4/soo/optee_os/out/arm-plat-vexpress/export-ta_arm32/lib/libutee.a(utee_syscalls_a32.o)

.ARM.extab.text.utee_hash_init
                0x000000000000a918        0x0
 .ARM.extab.text.utee_hash_init
                0x000000000000a918        0x0 /mnt/nvme0n1p4/soo/optee_os/out/arm-plat-vexpress/export-ta_arm32/lib/libutee.a(utee_syscalls_a32.o)

.ARM.extab.text.utee_hash_update
                0x000000000000a918        0x0
 .ARM.extab.text.utee_hash_update
                0x000000000000a918        0x0 /mnt/nvme0n1p4/soo/optee_os/out/arm-plat-vexpress/export-ta_arm32/lib/libutee.a(utee_syscalls_a32.o)

.ARM.extab.text.utee_hash_final
                0x000000000000a918        0x0
 .ARM.extab.text.utee_hash_final
                0x000000000000a918        0x0 /mnt/nvme0n1p4/soo/optee_os/out/arm-plat-vexpress/export-ta_arm32/lib/libutee.a(utee_syscalls_a32.o)

.ARM.extab.text.utee_cipher_init
                0x000000000000a918        0x0
 .ARM.extab.text.utee_cipher_init
                0x000000000000a918        0x0 /mnt/nvme0n1p4/soo/optee_os/out/arm-plat-vexpress/export-ta_arm32/lib/libutee.a(utee_syscalls_a32.o)

.ARM.extab.text.utee_cipher_update
                0x000000000000a918        0x0
 .ARM.extab.text.utee_cipher_update
                0x000000000000a918        0x0 /mnt/nvme0n1p4/soo/optee_os/out/arm-plat-vexpress/export-ta_arm32/lib/libutee.a(utee_syscalls_a32.o)

.ARM.extab.text.utee_cipher_final
                0x000000000000a918        0x0
 .ARM.extab.text.utee_cipher_final
                0x000000000000a918        0x0 /mnt/nvme0n1p4/soo/optee_os/out/arm-plat-vexpress/export-ta_arm32/lib/libutee.a(utee_syscalls_a32.o)

.ARM.extab.text.utee_cryp_obj_get_info
                0x000000000000a918        0x0
 .ARM.extab.text.utee_cryp_obj_get_info
                0x000000000000a918        0x0 /mnt/nvme0n1p4/soo/optee_os/out/arm-plat-vexpress/export-ta_arm32/lib/libutee.a(utee_syscalls_a32.o)

.ARM.extab.text.utee_cryp_obj_restrict_usage
                0x000000000000a918        0x0
 .ARM.extab.text.utee_cryp_obj_restrict_usage
                0x000000000000a918        0x0 /mnt/nvme0n1p4/soo/optee_os/out/arm-plat-vexpress/export-ta_arm32/lib/libutee.a(utee_syscalls_a32.o)

.ARM.extab.text.utee_cryp_obj_get_attr
                0x000000000000a918        0x0
 .ARM.extab.text.utee_cryp_obj_get_attr
                0x000000000000a918        0x0 /mnt/nvme0n1p4/soo/optee_os/out/arm-plat-vexpress/export-ta_arm32/lib/libutee.a(utee_syscalls_a32.o)

.ARM.extab.text.utee_cryp_obj_alloc
                0x000000000000a918        0x0
 .ARM.extab.text.utee_cryp_obj_alloc
                0x000000000000a918        0x0 /mnt/nvme0n1p4/soo/optee_os/out/arm-plat-vexpress/export-ta_arm32/lib/libutee.a(utee_syscalls_a32.o)

.ARM.extab.text.utee_cryp_obj_close
                0x000000000000a918        0x0
 .ARM.extab.text.utee_cryp_obj_close
                0x000000000000a918        0x0 /mnt/nvme0n1p4/soo/optee_os/out/arm-plat-vexpress/export-ta_arm32/lib/libutee.a(utee_syscalls_a32.o)

.ARM.extab.text.utee_cryp_obj_reset
                0x000000000000a918        0x0
 .ARM.extab.text.utee_cryp_obj_reset
                0x000000000000a918        0x0 /mnt/nvme0n1p4/soo/optee_os/out/arm-plat-vexpress/export-ta_arm32/lib/libutee.a(utee_syscalls_a32.o)

.ARM.extab.text.utee_cryp_obj_populate
                0x000000000000a918        0x0
 .ARM.extab.text.utee_cryp_obj_populate
                0x000000000000a918        0x0 /mnt/nvme0n1p4/soo/optee_os/out/arm-plat-vexpress/export-ta_arm32/lib/libutee.a(utee_syscalls_a32.o)

.ARM.extab.text.utee_cryp_obj_copy
                0x000000000000a918        0x0
 .ARM.extab.text.utee_cryp_obj_copy
                0x000000000000a918        0x0 /mnt/nvme0n1p4/soo/optee_os/out/arm-plat-vexpress/export-ta_arm32/lib/libutee.a(utee_syscalls_a32.o)

.ARM.extab.text.utee_cryp_derive_key
                0x000000000000a918        0x0
 .ARM.extab.text.utee_cryp_derive_key
                0x000000000000a918        0x0 /mnt/nvme0n1p4/soo/optee_os/out/arm-plat-vexpress/export-ta_arm32/lib/libutee.a(utee_syscalls_a32.o)

.ARM.extab.text.utee_cryp_random_number_generate
                0x000000000000a918        0x0
 .ARM.extab.text.utee_cryp_random_number_generate
                0x000000000000a918        0x0 /mnt/nvme0n1p4/soo/optee_os/out/arm-plat-vexpress/export-ta_arm32/lib/libutee.a(utee_syscalls_a32.o)

.ARM.extab.text.utee_authenc_init
                0x000000000000a918        0x0
 .ARM.extab.text.utee_authenc_init
                0x000000000000a918        0x0 /mnt/nvme0n1p4/soo/optee_os/out/arm-plat-vexpress/export-ta_arm32/lib/libutee.a(utee_syscalls_a32.o)

.ARM.extab.text.utee_authenc_update_aad
                0x000000000000a918        0x0
 .ARM.extab.text.utee_authenc_update_aad
                0x000000000000a918        0x0 /mnt/nvme0n1p4/soo/optee_os/out/arm-plat-vexpress/export-ta_arm32/lib/libutee.a(utee_syscalls_a32.o)

.ARM.extab.text.utee_authenc_update_payload
                0x000000000000a918        0x0
 .ARM.extab.text.utee_authenc_update_payload
                0x000000000000a918        0x0 /mnt/nvme0n1p4/soo/optee_os/out/arm-plat-vexpress/export-ta_arm32/lib/libutee.a(utee_syscalls_a32.o)

.ARM.extab.text.utee_authenc_enc_final
                0x000000000000a918        0x0
 .ARM.extab.text.utee_authenc_enc_final
                0x000000000000a918        0x0 /mnt/nvme0n1p4/soo/optee_os/out/arm-plat-vexpress/export-ta_arm32/lib/libutee.a(utee_syscalls_a32.o)

.ARM.extab.text.utee_authenc_dec_final
                0x000000000000a918        0x0
 .ARM.extab.text.utee_authenc_dec_final
                0x000000000000a918        0x0 /mnt/nvme0n1p4/soo/optee_os/out/arm-plat-vexpress/export-ta_arm32/lib/libutee.a(utee_syscalls_a32.o)

.ARM.extab.text.utee_asymm_operate
                0x000000000000a918        0x0
 .ARM.extab.text.utee_asymm_operate
                0x000000000000a918        0x0 /mnt/nvme0n1p4/soo/optee_os/out/arm-plat-vexpress/export-ta_arm32/lib/libutee.a(utee_syscalls_a32.o)

.ARM.extab.text.utee_asymm_verify
                0x000000000000a918        0x0
 .ARM.extab.text.utee_asymm_verify
                0x000000000000a918        0x0 /mnt/nvme0n1p4/soo/optee_os/out/arm-plat-vexpress/export-ta_arm32/lib/libutee.a(utee_syscalls_a32.o)

.ARM.extab.text.utee_storage_obj_open
                0x000000000000a918        0x0
 .ARM.extab.text.utee_storage_obj_open
                0x000000000000a918        0x0 /mnt/nvme0n1p4/soo/optee_os/out/arm-plat-vexpress/export-ta_arm32/lib/libutee.a(utee_syscalls_a32.o)

.ARM.extab.text.utee_storage_obj_create
                0x000000000000a918        0x0
 .ARM.extab.text.utee_storage_obj_create
                0x000000000000a918        0x0 /mnt/nvme0n1p4/soo/optee_os/out/arm-plat-vexpress/export-ta_arm32/lib/libutee.a(utee_syscalls_a32.o)

.ARM.extab.text.utee_storage_obj_del
                0x000000000000a918        0x0
 .ARM.extab.text.utee_storage_obj_del
                0x000000000000a918        0x0 /mnt/nvme0n1p4/soo/optee_os/out/arm-plat-vexpress/export-ta_arm32/lib/libutee.a(utee_syscalls_a32.o)

.ARM.extab.text.utee_storage_obj_rename
                0x000000000000a918        0x0
 .ARM.extab.text.utee_storage_obj_rename
                0x000000000000a918        0x0 /mnt/nvme0n1p4/soo/optee_os/out/arm-plat-vexpress/export-ta_arm32/lib/libutee.a(utee_syscalls_a32.o)

.ARM.extab.text.utee_storage_alloc_enum
                0x000000000000a918        0x0
 .ARM.extab.text.utee_storage_alloc_enum
                0x000000000000a918        0x0 /mnt/nvme0n1p4/soo/optee_os/out/arm-plat-vexpress/export-ta_arm32/lib/libutee.a(utee_syscalls_a32.o)

.ARM.extab.text.utee_storage_free_enum
                0x000000000000a918        0x0
 .ARM.extab.text.utee_storage_free_enum
                0x000000000000a918        0x0 /mnt/nvme0n1p4/soo/optee_os/out/arm-plat-vexpress/export-ta_arm32/lib/libutee.a(utee_syscalls_a32.o)

.ARM.extab.text.utee_storage_reset_enum
                0x000000000000a918        0x0
 .ARM.extab.text.utee_storage_reset_enum
                0x000000000000a918        0x0 /mnt/nvme0n1p4/soo/optee_os/out/arm-plat-vexpress/export-ta_arm32/lib/libutee.a(utee_syscalls_a32.o)

.ARM.extab.text.utee_storage_start_enum
                0x000000000000a918        0x0
 .ARM.extab.text.utee_storage_start_enum
                0x000000000000a918        0x0 /mnt/nvme0n1p4/soo/optee_os/out/arm-plat-vexpress/export-ta_arm32/lib/libutee.a(utee_syscalls_a32.o)

.ARM.extab.text.utee_storage_next_enum
                0x000000000000a918        0x0
 .ARM.extab.text.utee_storage_next_enum
                0x000000000000a918        0x0 /mnt/nvme0n1p4/soo/optee_os/out/arm-plat-vexpress/export-ta_arm32/lib/libutee.a(utee_syscalls_a32.o)

.ARM.extab.text.utee_storage_obj_read
                0x000000000000a918        0x0
 .ARM.extab.text.utee_storage_obj_read
                0x000000000000a918        0x0 /mnt/nvme0n1p4/soo/optee_os/out/arm-plat-vexpress/export-ta_arm32/lib/libutee.a(utee_syscalls_a32.o)

.ARM.extab.text.utee_storage_obj_write
                0x000000000000a918        0x0
 .ARM.extab.text.utee_storage_obj_write
                0x000000000000a918        0x0 /mnt/nvme0n1p4/soo/optee_os/out/arm-plat-vexpress/export-ta_arm32/lib/libutee.a(utee_syscalls_a32.o)

.ARM.extab.text.utee_storage_obj_trunc
                0x000000000000a918        0x0
 .ARM.extab.text.utee_storage_obj_trunc
                0x000000000000a918        0x0 /mnt/nvme0n1p4/soo/optee_os/out/arm-plat-vexpress/export-ta_arm32/lib/libutee.a(utee_syscalls_a32.o)

.ARM.extab.text.utee_storage_obj_seek
                0x000000000000a918        0x0
 .ARM.extab.text.utee_storage_obj_seek
                0x000000000000a918        0x0 /mnt/nvme0n1p4/soo/optee_os/out/arm-plat-vexpress/export-ta_arm32/lib/libutee.a(utee_syscalls_a32.o)

.ARM.extab.text.utee_cryp_obj_generate_key
                0x000000000000a918        0x0
 .ARM.extab.text.utee_cryp_obj_generate_key
                0x000000000000a918        0x0 /mnt/nvme0n1p4/soo/optee_os/out/arm-plat-vexpress/export-ta_arm32/lib/libutee.a(utee_syscalls_a32.o)

.ARM.extab.text.utee_cache_operation
                0x000000000000a918        0x0
 .ARM.extab.text.utee_cache_operation
                0x000000000000a918        0x0 /mnt/nvme0n1p4/soo/optee_os/out/arm-plat-vexpress/export-ta_arm32/lib/libutee.a(utee_syscalls_a32.o)

.ARM.extab.text.unlikely
                0x000000000000a918        0xc
 .ARM.extab.text.unlikely
                0x000000000000a918        0xc /mnt/nvme0n1p4/soo/optee_os/out/arm-plat-vexpress/export-ta_arm32/lib/libutee.a(tee_api_arith_mpi.o)

.ARM.extab.text.__aeabi_ldivmod
                0x000000000000a924        0xc
 .ARM.extab.text.__aeabi_ldivmod
                0x000000000000a924        0xc /mnt/nvme0n1p4/soo/optee_os/out/arm-plat-vexpress/export-ta_arm32/lib/libutils.a(arm32_aeabi_ldivmod_a32.o)

.ARM.extab.text.__aeabi_uldivmod
                0x000000000000a930        0xc
 .ARM.extab.text.__aeabi_uldivmod
                0x000000000000a930        0xc /mnt/nvme0n1p4/soo/optee_os/out/arm-plat-vexpress/export-ta_arm32/lib/libutils.a(arm32_aeabi_ldivmod_a32.o)

.ARM.exidx      0x000000000000a93c      0x600
 *(SORT(.ARM.exidx*) SORT(.gnu.linkonce.armexidx.*))
 .ARM.exidx     0x000000000000a93c       0x28 ./hello_world_ta.o
 .ARM.exidx     0x000000000000a964       0x10 ./user_ta_header.o
 .ARM.exidx.text.__ta_entry
                0x000000000000a974        0x8 ./ta_entry_a32.o
 .ARM.exidx     0x000000000000a97c       0x18 /mnt/nvme0n1p4/soo/optee_os/out/arm-plat-vexpress/export-ta_arm32/lib/libutils.a(aeabi_unwind.o)
 .ARM.exidx.text.utee_panic
                0x000000000000a994        0x8 /mnt/nvme0n1p4/soo/optee_os/out/arm-plat-vexpress/export-ta_arm32/lib/libutee.a(utee_syscalls_a32.o)
 .ARM.exidx.text.utee_return
                0x000000000000a99c        0x8 /mnt/nvme0n1p4/soo/optee_os/out/arm-plat-vexpress/export-ta_arm32/lib/libutee.a(utee_syscalls_a32.o)
 .ARM.exidx.text.utee_log
                0x000000000000a9a4        0x0 /mnt/nvme0n1p4/soo/optee_os/out/arm-plat-vexpress/export-ta_arm32/lib/libutee.a(utee_syscalls_a32.o)
                                          0x8 (size before relaxing)
 .ARM.exidx.text.__utee_panic
                0x000000000000a9a4        0x0 /mnt/nvme0n1p4/soo/optee_os/out/arm-plat-vexpress/export-ta_arm32/lib/libutee.a(utee_syscalls_a32.o)
                                          0x8 (size before relaxing)
 .ARM.exidx.text.utee_get_property
                0x000000000000a9a4        0x0 /mnt/nvme0n1p4/soo/optee_os/out/arm-plat-vexpress/export-ta_arm32/lib/libutee.a(utee_syscalls_a32.o)
                                          0x8 (size before relaxing)
 .ARM.exidx.text.utee_get_property_name_to_index
                0x000000000000a9a4        0x0 /mnt/nvme0n1p4/soo/optee_os/out/arm-plat-vexpress/export-ta_arm32/lib/libutee.a(utee_syscalls_a32.o)
                                          0x8 (size before relaxing)
 .ARM.exidx.text.utee_open_ta_session
                0x000000000000a9a4        0x0 /mnt/nvme0n1p4/soo/optee_os/out/arm-plat-vexpress/export-ta_arm32/lib/libutee.a(utee_syscalls_a32.o)
                                          0x8 (size before relaxing)
 .ARM.exidx.text.utee_close_ta_session
                0x000000000000a9a4        0x0 /mnt/nvme0n1p4/soo/optee_os/out/arm-plat-vexpress/export-ta_arm32/lib/libutee.a(utee_syscalls_a32.o)
                                          0x8 (size before relaxing)
 .ARM.exidx.text.utee_invoke_ta_command
                0x000000000000a9a4        0x0 /mnt/nvme0n1p4/soo/optee_os/out/arm-plat-vexpress/export-ta_arm32/lib/libutee.a(utee_syscalls_a32.o)
                                          0x8 (size before relaxing)
 .ARM.exidx.text.utee_get_cancellation_flag
                0x000000000000a9a4        0x0 /mnt/nvme0n1p4/soo/optee_os/out/arm-plat-vexpress/export-ta_arm32/lib/libutee.a(utee_syscalls_a32.o)
                                          0x8 (size before relaxing)
 .ARM.exidx.text.utee_check_access_rights
                0x000000000000a9a4        0x0 /mnt/nvme0n1p4/soo/optee_os/out/arm-plat-vexpress/export-ta_arm32/lib/libutee.a(utee_syscalls_a32.o)
                                          0x8 (size before relaxing)
 .ARM.exidx.text.utee_unmask_cancellation
                0x000000000000a9a4        0x0 /mnt/nvme0n1p4/soo/optee_os/out/arm-plat-vexpress/export-ta_arm32/lib/libutee.a(utee_syscalls_a32.o)
                                          0x8 (size before relaxing)
 .ARM.exidx.text.utee_mask_cancellation
                0x000000000000a9a4        0x0 /mnt/nvme0n1p4/soo/optee_os/out/arm-plat-vexpress/export-ta_arm32/lib/libutee.a(utee_syscalls_a32.o)
                                          0x8 (size before relaxing)
 .ARM.exidx.text.utee_wait
                0x000000000000a9a4        0x0 /mnt/nvme0n1p4/soo/optee_os/out/arm-plat-vexpress/export-ta_arm32/lib/libutee.a(utee_syscalls_a32.o)
                                          0x8 (size before relaxing)
 .ARM.exidx.text.utee_get_time
                0x000000000000a9a4        0x0 /mnt/nvme0n1p4/soo/optee_os/out/arm-plat-vexpress/export-ta_arm32/lib/libutee.a(utee_syscalls_a32.o)
                                          0x8 (size before relaxing)
 .ARM.exidx.text.utee_set_ta_time
                0x000000000000a9a4        0x0 /mnt/nvme0n1p4/soo/optee_os/out/arm-plat-vexpress/export-ta_arm32/lib/libutee.a(utee_syscalls_a32.o)
                                          0x8 (size before relaxing)
 .ARM.exidx.text.utee_cryp_state_alloc
                0x000000000000a9a4        0x0 /mnt/nvme0n1p4/soo/optee_os/out/arm-plat-vexpress/export-ta_arm32/lib/libutee.a(utee_syscalls_a32.o)
                                          0x8 (size before relaxing)
 .ARM.exidx.text.utee_cryp_state_copy
                0x000000000000a9a4        0x0 /mnt/nvme0n1p4/soo/optee_os/out/arm-plat-vexpress/export-ta_arm32/lib/libutee.a(utee_syscalls_a32.o)
                                          0x8 (size before relaxing)
 .ARM.exidx.text.utee_cryp_state_free
                0x000000000000a9a4        0x0 /mnt/nvme0n1p4/soo/optee_os/out/arm-plat-vexpress/export-ta_arm32/lib/libutee.a(utee_syscalls_a32.o)
                                          0x8 (size before relaxing)
 .ARM.exidx.text.utee_hash_init
                0x000000000000a9a4        0x0 /mnt/nvme0n1p4/soo/optee_os/out/arm-plat-vexpress/export-ta_arm32/lib/libutee.a(utee_syscalls_a32.o)
                                          0x8 (size before relaxing)
 .ARM.exidx.text.utee_hash_update
                0x000000000000a9a4        0x0 /mnt/nvme0n1p4/soo/optee_os/out/arm-plat-vexpress/export-ta_arm32/lib/libutee.a(utee_syscalls_a32.o)
                                          0x8 (size before relaxing)
 .ARM.exidx.text.utee_hash_final
                0x000000000000a9a4        0x0 /mnt/nvme0n1p4/soo/optee_os/out/arm-plat-vexpress/export-ta_arm32/lib/libutee.a(utee_syscalls_a32.o)
                                          0x8 (size before relaxing)
 .ARM.exidx.text.utee_cipher_init
                0x000000000000a9a4        0x0 /mnt/nvme0n1p4/soo/optee_os/out/arm-plat-vexpress/export-ta_arm32/lib/libutee.a(utee_syscalls_a32.o)
                                          0x8 (size before relaxing)
 .ARM.exidx.text.utee_cipher_update
                0x000000000000a9a4        0x0 /mnt/nvme0n1p4/soo/optee_os/out/arm-plat-vexpress/export-ta_arm32/lib/libutee.a(utee_syscalls_a32.o)
                                          0x8 (size before relaxing)
 .ARM.exidx.text.utee_cipher_final
                0x000000000000a9a4        0x0 /mnt/nvme0n1p4/soo/optee_os/out/arm-plat-vexpress/export-ta_arm32/lib/libutee.a(utee_syscalls_a32.o)
                                          0x8 (size before relaxing)
 .ARM.exidx.text.utee_cryp_obj_get_info
                0x000000000000a9a4        0x0 /mnt/nvme0n1p4/soo/optee_os/out/arm-plat-vexpress/export-ta_arm32/lib/libutee.a(utee_syscalls_a32.o)
                                          0x8 (size before relaxing)
 .ARM.exidx.text.utee_cryp_obj_restrict_usage
                0x000000000000a9a4        0x0 /mnt/nvme0n1p4/soo/optee_os/out/arm-plat-vexpress/export-ta_arm32/lib/libutee.a(utee_syscalls_a32.o)
                                          0x8 (size before relaxing)
 .ARM.exidx.text.utee_cryp_obj_get_attr
                0x000000000000a9a4        0x0 /mnt/nvme0n1p4/soo/optee_os/out/arm-plat-vexpress/export-ta_arm32/lib/libutee.a(utee_syscalls_a32.o)
                                          0x8 (size before relaxing)
 .ARM.exidx.text.utee_cryp_obj_alloc
                0x000000000000a9a4        0x0 /mnt/nvme0n1p4/soo/optee_os/out/arm-plat-vexpress/export-ta_arm32/lib/libutee.a(utee_syscalls_a32.o)
                                          0x8 (size before relaxing)
 .ARM.exidx.text.utee_cryp_obj_close
                0x000000000000a9a4        0x0 /mnt/nvme0n1p4/soo/optee_os/out/arm-plat-vexpress/export-ta_arm32/lib/libutee.a(utee_syscalls_a32.o)
                                          0x8 (size before relaxing)
 .ARM.exidx.text.utee_cryp_obj_reset
                0x000000000000a9a4        0x0 /mnt/nvme0n1p4/soo/optee_os/out/arm-plat-vexpress/export-ta_arm32/lib/libutee.a(utee_syscalls_a32.o)
                                          0x8 (size before relaxing)
 .ARM.exidx.text.utee_cryp_obj_populate
                0x000000000000a9a4        0x0 /mnt/nvme0n1p4/soo/optee_os/out/arm-plat-vexpress/export-ta_arm32/lib/libutee.a(utee_syscalls_a32.o)
                                          0x8 (size before relaxing)
 .ARM.exidx.text.utee_cryp_obj_copy
                0x000000000000a9a4        0x0 /mnt/nvme0n1p4/soo/optee_os/out/arm-plat-vexpress/export-ta_arm32/lib/libutee.a(utee_syscalls_a32.o)
                                          0x8 (size before relaxing)
 .ARM.exidx.text.utee_cryp_derive_key
                0x000000000000a9a4        0x0 /mnt/nvme0n1p4/soo/optee_os/out/arm-plat-vexpress/export-ta_arm32/lib/libutee.a(utee_syscalls_a32.o)
                                          0x8 (size before relaxing)
 .ARM.exidx.text.utee_cryp_random_number_generate
                0x000000000000a9a4        0x0 /mnt/nvme0n1p4/soo/optee_os/out/arm-plat-vexpress/export-ta_arm32/lib/libutee.a(utee_syscalls_a32.o)
                                          0x8 (size before relaxing)
 .ARM.exidx.text.utee_authenc_init
                0x000000000000a9a4        0x0 /mnt/nvme0n1p4/soo/optee_os/out/arm-plat-vexpress/export-ta_arm32/lib/libutee.a(utee_syscalls_a32.o)
                                          0x8 (size before relaxing)
 .ARM.exidx.text.utee_authenc_update_aad
                0x000000000000a9a4        0x0 /mnt/nvme0n1p4/soo/optee_os/out/arm-plat-vexpress/export-ta_arm32/lib/libutee.a(utee_syscalls_a32.o)
                                          0x8 (size before relaxing)
 .ARM.exidx.text.utee_authenc_update_payload
                0x000000000000a9a4        0x0 /mnt/nvme0n1p4/soo/optee_os/out/arm-plat-vexpress/export-ta_arm32/lib/libutee.a(utee_syscalls_a32.o)
                                          0x8 (size before relaxing)
 .ARM.exidx.text.utee_authenc_enc_final
                0x000000000000a9a4        0x0 /mnt/nvme0n1p4/soo/optee_os/out/arm-plat-vexpress/export-ta_arm32/lib/libutee.a(utee_syscalls_a32.o)
                                          0x8 (size before relaxing)
 .ARM.exidx.text.utee_authenc_dec_final
                0x000000000000a9a4        0x0 /mnt/nvme0n1p4/soo/optee_os/out/arm-plat-vexpress/export-ta_arm32/lib/libutee.a(utee_syscalls_a32.o)
                                          0x8 (size before relaxing)
 .ARM.exidx.text.utee_asymm_operate
                0x000000000000a9a4        0x0 /mnt/nvme0n1p4/soo/optee_os/out/arm-plat-vexpress/export-ta_arm32/lib/libutee.a(utee_syscalls_a32.o)
                                          0x8 (size before relaxing)
 .ARM.exidx.text.utee_asymm_verify
                0x000000000000a9a4        0x0 /mnt/nvme0n1p4/soo/optee_os/out/arm-plat-vexpress/export-ta_arm32/lib/libutee.a(utee_syscalls_a32.o)
                                          0x8 (size before relaxing)
 .ARM.exidx.text.utee_storage_obj_open
                0x000000000000a9a4        0x0 /mnt/nvme0n1p4/soo/optee_os/out/arm-plat-vexpress/export-ta_arm32/lib/libutee.a(utee_syscalls_a32.o)
                                          0x8 (size before relaxing)
 .ARM.exidx.text.utee_storage_obj_create
                0x000000000000a9a4        0x0 /mnt/nvme0n1p4/soo/optee_os/out/arm-plat-vexpress/export-ta_arm32/lib/libutee.a(utee_syscalls_a32.o)
                                          0x8 (size before relaxing)
 .ARM.exidx.text.utee_storage_obj_del
                0x000000000000a9a4        0x0 /mnt/nvme0n1p4/soo/optee_os/out/arm-plat-vexpress/export-ta_arm32/lib/libutee.a(utee_syscalls_a32.o)
                                          0x8 (size before relaxing)
 .ARM.exidx.text.utee_storage_obj_rename
                0x000000000000a9a4        0x0 /mnt/nvme0n1p4/soo/optee_os/out/arm-plat-vexpress/export-ta_arm32/lib/libutee.a(utee_syscalls_a32.o)
                                          0x8 (size before relaxing)
 .ARM.exidx.text.utee_storage_alloc_enum
                0x000000000000a9a4        0x0 /mnt/nvme0n1p4/soo/optee_os/out/arm-plat-vexpress/export-ta_arm32/lib/libutee.a(utee_syscalls_a32.o)
                                          0x8 (size before relaxing)
 .ARM.exidx.text.utee_storage_free_enum
                0x000000000000a9a4        0x0 /mnt/nvme0n1p4/soo/optee_os/out/arm-plat-vexpress/export-ta_arm32/lib/libutee.a(utee_syscalls_a32.o)
                                          0x8 (size before relaxing)
 .ARM.exidx.text.utee_storage_reset_enum
                0x000000000000a9a4        0x0 /mnt/nvme0n1p4/soo/optee_os/out/arm-plat-vexpress/export-ta_arm32/lib/libutee.a(utee_syscalls_a32.o)
                                          0x8 (size before relaxing)
 .ARM.exidx.text.utee_storage_start_enum
                0x000000000000a9a4        0x0 /mnt/nvme0n1p4/soo/optee_os/out/arm-plat-vexpress/export-ta_arm32/lib/libutee.a(utee_syscalls_a32.o)
                                          0x8 (size before relaxing)
 .ARM.exidx.text.utee_storage_next_enum
                0x000000000000a9a4        0x0 /mnt/nvme0n1p4/soo/optee_os/out/arm-plat-vexpress/export-ta_arm32/lib/libutee.a(utee_syscalls_a32.o)
                                          0x8 (size before relaxing)
 .ARM.exidx.text.utee_storage_obj_read
                0x000000000000a9a4        0x0 /mnt/nvme0n1p4/soo/optee_os/out/arm-plat-vexpress/export-ta_arm32/lib/libutee.a(utee_syscalls_a32.o)
                                          0x8 (size before relaxing)
 .ARM.exidx.text.utee_storage_obj_write
                0x000000000000a9a4        0x0 /mnt/nvme0n1p4/soo/optee_os/out/arm-plat-vexpress/export-ta_arm32/lib/libutee.a(utee_syscalls_a32.o)
                                          0x8 (size before relaxing)
 .ARM.exidx.text.utee_storage_obj_trunc
                0x000000000000a9a4        0x0 /mnt/nvme0n1p4/soo/optee_os/out/arm-plat-vexpress/export-ta_arm32/lib/libutee.a(utee_syscalls_a32.o)
                                          0x8 (size before relaxing)
 .ARM.exidx.text.utee_storage_obj_seek
                0x000000000000a9a4        0x0 /mnt/nvme0n1p4/soo/optee_os/out/arm-plat-vexpress/export-ta_arm32/lib/libutee.a(utee_syscalls_a32.o)
                                          0x8 (size before relaxing)
 .ARM.exidx.text.utee_cryp_obj_generate_key
                0x000000000000a9a4        0x0 /mnt/nvme0n1p4/soo/optee_os/out/arm-plat-vexpress/export-ta_arm32/lib/libutee.a(utee_syscalls_a32.o)
                                          0x8 (size before relaxing)
 .ARM.exidx.text.utee_cache_operation
                0x000000000000a9a4        0x0 /mnt/nvme0n1p4/soo/optee_os/out/arm-plat-vexpress/export-ta_arm32/lib/libutee.a(utee_syscalls_a32.o)
                                          0x8 (size before relaxing)
 .ARM.exidx     0x000000000000a9a4       0x28 /mnt/nvme0n1p4/soo/optee_os/out/arm-plat-vexpress/export-ta_arm32/lib/libutee.a(user_ta_entry.o)
 .ARM.exidx     0x000000000000a9cc       0xc8 /mnt/nvme0n1p4/soo/optee_os/out/arm-plat-vexpress/export-ta_arm32/lib/libutee.a(tee_api.o)
 .ARM.exidx     0x000000000000aa94        0x8 /mnt/nvme0n1p4/soo/optee_os/out/arm-plat-vexpress/export-ta_arm32/lib/libutee.a(tee_api_panic.o)
 .ARM.exidx     0x000000000000aa9c       0x18 /mnt/nvme0n1p4/soo/optee_os/out/arm-plat-vexpress/export-ta_arm32/lib/libutee.a(tee_system_pta.o)
 .ARM.exidx.text.unlikely
                0x000000000000abfc        0x8 /mnt/nvme0n1p4/soo/optee_os/out/arm-plat-vexpress/export-ta_arm32/lib/libutee.a(tee_api_arith_mpi.o)
 .ARM.exidx     0x000000000000aab4      0x148 /mnt/nvme0n1p4/soo/optee_os/out/arm-plat-vexpress/export-ta_arm32/lib/libutee.a(tee_api_arith_mpi.o)
 .ARM.exidx     0x000000000000ac04       0x28 /mnt/nvme0n1p4/soo/optee_os/out/arm-plat-vexpress/export-ta_arm32/lib/libutee.a(trace_ext.o)
 .ARM.exidx     0x000000000000ac2c      0x1a8 /mnt/nvme0n1p4/soo/optee_os/out/arm-plat-vexpress/export-ta_arm32/lib/libmbedtls.a(bignum.o)
 .ARM.exidx     0x000000000000add4        0x8 /mnt/nvme0n1p4/soo/optee_os/out/arm-plat-vexpress/export-ta_arm32/lib/libmbedtls.a(platform_util.o)
 .ARM.exidx     0x000000000000addc       0x88 /mnt/nvme0n1p4/soo/optee_os/out/arm-plat-vexpress/export-ta_arm32/lib/libutils.a(bget_malloc.o)
 .ARM.exidx     0x000000000000ae64       0x10 /mnt/nvme0n1p4/soo/optee_os/out/arm-plat-vexpress/export-ta_arm32/lib/libutils.a(snprintf.o)
 .ARM.exidx     0x000000000000ae74        0x8 /mnt/nvme0n1p4/soo/optee_os/out/arm-plat-vexpress/export-ta_arm32/lib/libutils.a(memcpy.o)
 .ARM.exidx     0x000000000000ae7c        0x8 /mnt/nvme0n1p4/soo/optee_os/out/arm-plat-vexpress/export-ta_arm32/lib/libutils.a(memmove.o)
 .ARM.exidx     0x000000000000ae84        0x8 /mnt/nvme0n1p4/soo/optee_os/out/arm-plat-vexpress/export-ta_arm32/lib/libutils.a(memset.o)
 .ARM.exidx     0x000000000000ae8c        0x8 /mnt/nvme0n1p4/soo/optee_os/out/arm-plat-vexpress/export-ta_arm32/lib/libutils.a(strlen.o)
 .ARM.exidx.text.__aeabi_ldivmod
                0x000000000000ae94        0x8 /mnt/nvme0n1p4/soo/optee_os/out/arm-plat-vexpress/export-ta_arm32/lib/libutils.a(arm32_aeabi_ldivmod_a32.o)
 .ARM.exidx.text.__aeabi_uldivmod
                0x000000000000ae9c        0x8 /mnt/nvme0n1p4/soo/optee_os/out/arm-plat-vexpress/export-ta_arm32/lib/libutils.a(arm32_aeabi_ldivmod_a32.o)
 .ARM.exidx     0x000000000000aea4       0x10 /mnt/nvme0n1p4/soo/optee_os/out/arm-plat-vexpress/export-ta_arm32/lib/libutils.a(arm32_aeabi_ldivmod.o)
 .ARM.exidx     0x000000000000aeb4       0x18 /mnt/nvme0n1p4/soo/optee_os/out/arm-plat-vexpress/export-ta_arm32/lib/libutils.a(snprintk.o)
 .ARM.exidx     0x000000000000aecc       0x28 /mnt/nvme0n1p4/soo/optee_os/out/arm-plat-vexpress/export-ta_arm32/lib/libutils.a(trace.o)
 .ARM.exidx     0x000000000000aef4       0x20 /mnt/nvme0n1p4/soo/optee_os/out/arm-plat-vexpress/export-ta_arm32/lib/libutils.a(mempool.o)
 .ARM.exidx     0x000000000000af14        0x8 /mnt/nvme0n1p4/soo/optee_os/out/arm-plat-vexpress/export-ta_arm32/lib/libutils.a(consttime_memcmp.o)
 .ARM.exidx     0x000000000000af1c        0x8 /mnt/nvme0n1p4/soo/optee_os/out/arm-plat-vexpress/export-ta_arm32/lib/libutils.a(memchr.o)
 .ARM.exidx     0x000000000000af24       0x18 /mnt/nvme0n1p4/soo/optee_os/out/arm-plat-vexpress/export-ta_arm32/lib/libutee.a(assert.o)
                                         0x10 (size before relaxing)

.ctors
 *(SORT(.ctors))

.dtors
 *(SORT(.dtors))

.dynsym         0x000000000000af3c       0xf0
 *(SORT(.dynsym))
 .dynsym        0x000000000000af3c       0xf0 ./hello_world_ta.o

.dynstr         0x000000000000b02c       0xb8
 *(SORT(.dynstr))
 .dynstr        0x000000000000b02c       0xb8 ./hello_world_ta.o

.hash           0x000000000000b0e4       0x50
 *(SORT(.hash))
 .hash          0x000000000000b0e4       0x50 ./hello_world_ta.o
                0x000000000000c000                . = ALIGN (0x1000)

.dynamic        0x000000000000c000       0x80
 *(SORT(.dynamic))
 .dynamic       0x000000000000c000       0x80 ./hello_world_ta.o
                0x000000000000c000                _DYNAMIC

.got            0x000000000000c080       0x3c
 *(SORT(.got.plt))
 .got.plt       0x000000000000c080        0xc ./hello_world_ta.o
                0x000000000000c080                _GLOBAL_OFFSET_TABLE_
 *(SORT(.got))
 .got           0x000000000000c08c       0x30 ./hello_world_ta.o

.rel.text
 *(SORT(.rel.text))
 *(SORT(.rel.gnu.linkonce.t*))

.rela.text
 *(SORT(.rela.text))
 *(SORT(.rela.gnu.linkonce.t*))

.rel.data
 *(SORT(.rel.data))
 *(SORT(.rel.gnu.linkonce.d*))

.rela.data
 *(SORT(.rela.data))
 *(SORT(.rela.gnu.linkonce.d*))

.rel.rodata
 *(SORT(.rel.rodata))
 *(SORT(.rel.gnu.linkonce.r*))

.rela.rodata
 *(SORT(.rela.rodata))
 *(SORT(.rela.gnu.linkonce.r*))

.rel.dyn        0x000000000000c0bc       0xb0
 *(SORT(.rel.dyn))
 .rel.iplt      0x000000000000c0bc        0x0 ./hello_world_ta.o
 .rel.data.rel.ro.local
                0x000000000000c0bc       0x90 ./hello_world_ta.o
 .rel.data.rel.local
                0x000000000000c14c       0x18 ./hello_world_ta.o
 .rel.data.rel  0x000000000000c164        0x8 ./hello_world_ta.o

.rel.got        0x000000000000c16c       0x60
 *(SORT(.rel.got))
 .rel.got       0x000000000000c16c       0x60 ./hello_world_ta.o

.rela.got
 *(SORT(.rela.got))

.rel.ctors
 *(SORT(.rel.ctors))

.rela.ctors
 *(SORT(.rela.ctors))

.rel.dtors
 *(SORT(.rel.dtors))

.rela.dtors
 *(SORT(.rela.dtors))

.rel.init
 *(SORT(.rel.init))

.rela.init
 *(SORT(.rela.init))

.rel.fini
 *(SORT(.rel.fini))

.rela.fini
 *(SORT(.rela.fini))

.rel.bss
 *(SORT(.rel.bss))

.rela.bss
 *(SORT(.rela.bss))

.rel.plt        0x000000000000c1cc        0x0
 *(SORT(.rel.plt))
 .rel.plt       0x000000000000c1cc        0x0 ./hello_world_ta.o

.rela.plt
 *(SORT(.rela.plt))

.data           0x000000000000c1cc       0xd8
 *(SORT(.data) SORT(.data.*) SORT(.gnu.linkonce.d.*))
 .data          0x000000000000c1cc        0x4 ./user_ta_header.o
                0x000000000000c1cc                trace_level
 .data.rel.ro.local
                0x000000000000c1d0       0x6c ./user_ta_header.o
                0x000000000000c1d0                ta_props
 .data.rel.local
                0x000000000000c23c        0x8 /mnt/nvme0n1p4/soo/optee_os/out/arm-plat-vexpress/export-ta_arm32/lib/libutee.a(user_ta_entry.o)
 .data.rel      0x000000000000c244        0x4 /mnt/nvme0n1p4/soo/optee_os/out/arm-plat-vexpress/export-ta_arm32/lib/libmbedtls.a(platform_util.o)
 .data.rel.local
                0x000000000000c248       0x5c /mnt/nvme0n1p4/soo/optee_os/out/arm-plat-vexpress/export-ta_arm32/lib/libutils.a(bget_malloc.o)
 .data          0x000000000000c2a4        0x0 ./hello_world_ta.o
 .data          0x000000000000c2a4        0x0 ./ta_entry_a32.o
 .data          0x000000000000c2a4        0x0 /mnt/nvme0n1p4/soo/optee_os/out/arm-plat-vexpress/export-ta_arm32/lib/libutils.a(aeabi_unwind.o)
 .data          0x000000000000c2a4        0x0 /mnt/nvme0n1p4/soo/optee_os/out/arm-plat-vexpress/export-ta_arm32/lib/libutee.a(utee_syscalls_a32.o)
 .data          0x000000000000c2a4        0x0 /mnt/nvme0n1p4/soo/optee_os/out/arm-plat-vexpress/export-ta_arm32/lib/libutee.a(user_ta_entry.o)
 .data          0x000000000000c2a4        0x0 /mnt/nvme0n1p4/soo/optee_os/out/arm-plat-vexpress/export-ta_arm32/lib/libutee.a(tee_api.o)
 .data          0x000000000000c2a4        0x0 /mnt/nvme0n1p4/soo/optee_os/out/arm-plat-vexpress/export-ta_arm32/lib/libutee.a(tee_api_panic.o)
 .data          0x000000000000c2a4        0x0 /mnt/nvme0n1p4/soo/optee_os/out/arm-plat-vexpress/export-ta_arm32/lib/libutee.a(tee_system_pta.o)
 .data          0x000000000000c2a4        0x0 /mnt/nvme0n1p4/soo/optee_os/out/arm-plat-vexpress/export-ta_arm32/lib/libutee.a(tee_api_arith_mpi.o)
 .data          0x000000000000c2a4        0x0 /mnt/nvme0n1p4/soo/optee_os/out/arm-plat-vexpress/export-ta_arm32/lib/libutee.a(trace_ext.o)
 .data          0x000000000000c2a4        0x0 /mnt/nvme0n1p4/soo/optee_os/out/arm-plat-vexpress/export-ta_arm32/lib/libmbedtls.a(bignum.o)
 .data          0x000000000000c2a4        0x0 /mnt/nvme0n1p4/soo/optee_os/out/arm-plat-vexpress/export-ta_arm32/lib/libmbedtls.a(platform_util.o)
 .data          0x000000000000c2a4        0x0 /mnt/nvme0n1p4/soo/optee_os/out/arm-plat-vexpress/export-ta_arm32/lib/libutils.a(bget_malloc.o)
 .data          0x000000000000c2a4        0x0 /mnt/nvme0n1p4/soo/optee_os/out/arm-plat-vexpress/export-ta_arm32/lib/libutils.a(snprintf.o)
 .data          0x000000000000c2a4        0x0 /mnt/nvme0n1p4/soo/optee_os/out/arm-plat-vexpress/export-ta_arm32/lib/libutils.a(memcpy.o)
 .data          0x000000000000c2a4        0x0 /mnt/nvme0n1p4/soo/optee_os/out/arm-plat-vexpress/export-ta_arm32/lib/libutils.a(memmove.o)
 .data          0x000000000000c2a4        0x0 /mnt/nvme0n1p4/soo/optee_os/out/arm-plat-vexpress/export-ta_arm32/lib/libutils.a(memset.o)
 .data          0x000000000000c2a4        0x0 /mnt/nvme0n1p4/soo/optee_os/out/arm-plat-vexpress/export-ta_arm32/lib/libutils.a(strlen.o)
 .data          0x000000000000c2a4        0x0 /mnt/nvme0n1p4/soo/optee_os/out/arm-plat-vexpress/export-ta_arm32/lib/libutils.a(arm32_aeabi_ldivmod_a32.o)
 .data          0x000000000000c2a4        0x0 /mnt/nvme0n1p4/soo/optee_os/out/arm-plat-vexpress/export-ta_arm32/lib/libutils.a(arm32_aeabi_ldivmod.o)
 .data          0x000000000000c2a4        0x0 /mnt/nvme0n1p4/soo/optee_os/out/arm-plat-vexpress/export-ta_arm32/lib/libutils.a(snprintk.o)
 .data          0x000000000000c2a4        0x0 /mnt/nvme0n1p4/soo/optee_os/out/arm-plat-vexpress/export-ta_arm32/lib/libutils.a(trace.o)
 .data          0x000000000000c2a4        0x0 /mnt/nvme0n1p4/soo/optee_os/out/arm-plat-vexpress/export-ta_arm32/lib/libutils.a(mempool.o)
 .data          0x000000000000c2a4        0x0 /mnt/nvme0n1p4/soo/optee_os/out/arm-plat-vexpress/export-ta_arm32/lib/libutils.a(consttime_memcmp.o)
 .data          0x000000000000c2a4        0x0 /mnt/nvme0n1p4/soo/optee_os/out/arm-plat-vexpress/export-ta_arm32/lib/libutils.a(memchr.o)
 .data          0x000000000000c2a4        0x0 /mnt/nvme0n1p4/soo/optee_os/out/arm-plat-vexpress/export-ta_arm32/lib/libutee.a(assert.o)

.igot.plt       0x000000000000c2a4        0x0
 .igot.plt      0x000000000000c2a4        0x0 ./hello_world_ta.o

.bss            0x000000000000c2a4     0xb034
 *(SORT(.bss) SORT(.bss.*) SORT(.gnu.linkonce.b.*) SORT(COMMON))
 .bss           0x000000000000c2a4       0x28 /mnt/nvme0n1p4/soo/optee_os/out/arm-plat-vexpress/export-ta_arm32/lib/libutee.a(user_ta_entry.o)
                0x000000000000c2a8                ta_params
                0x000000000000c2c8                ta_param_types
 .bss           0x000000000000c2cc        0x4 /mnt/nvme0n1p4/soo/optee_os/out/arm-plat-vexpress/export-ta_arm32/lib/libutee.a(tee_api.o)
 .bss           0x000000000000c2d0        0x4 /mnt/nvme0n1p4/soo/optee_os/out/arm-plat-vexpress/export-ta_arm32/lib/libutee.a(tee_system_pta.o)
 .bss           0x000000000000c2d4     0x3000 /mnt/nvme0n1p4/soo/optee_os/out/arm-plat-vexpress/export-ta_arm32/lib/libutee.a(tee_api_arith_mpi.o)
 .bss           0x000000000000f2d4        0x4 /mnt/nvme0n1p4/soo/optee_os/out/arm-plat-vexpress/export-ta_arm32/lib/libmbedtls.a(bignum.o)
                0x000000000000f2d4                mbedtls_mpi_mempool
 .bss           0x000000000000f2d8        0x0 ./hello_world_ta.o
 .bss           0x000000000000f2d8     0x8000 ./user_ta_header.o
                0x000000000000f2d8                ta_heap
 .bss           0x00000000000172d8        0x0 ./ta_entry_a32.o
 .bss           0x00000000000172d8        0x0 /mnt/nvme0n1p4/soo/optee_os/out/arm-plat-vexpress/export-ta_arm32/lib/libutils.a(aeabi_unwind.o)
 .bss           0x00000000000172d8        0x0 /mnt/nvme0n1p4/soo/optee_os/out/arm-plat-vexpress/export-ta_arm32/lib/libutee.a(utee_syscalls_a32.o)
 .bss           0x00000000000172d8        0x0 /mnt/nvme0n1p4/soo/optee_os/out/arm-plat-vexpress/export-ta_arm32/lib/libutee.a(tee_api_panic.o)
 .bss           0x00000000000172d8        0x0 /mnt/nvme0n1p4/soo/optee_os/out/arm-plat-vexpress/export-ta_arm32/lib/libutee.a(trace_ext.o)
 .bss           0x00000000000172d8        0x0 /mnt/nvme0n1p4/soo/optee_os/out/arm-plat-vexpress/export-ta_arm32/lib/libmbedtls.a(platform_util.o)
 .bss           0x00000000000172d8        0x0 /mnt/nvme0n1p4/soo/optee_os/out/arm-plat-vexpress/export-ta_arm32/lib/libutils.a(bget_malloc.o)
 .bss           0x00000000000172d8        0x0 /mnt/nvme0n1p4/soo/optee_os/out/arm-plat-vexpress/export-ta_arm32/lib/libutils.a(snprintf.o)
 .bss           0x00000000000172d8        0x0 /mnt/nvme0n1p4/soo/optee_os/out/arm-plat-vexpress/export-ta_arm32/lib/libutils.a(memcpy.o)
 .bss           0x00000000000172d8        0x0 /mnt/nvme0n1p4/soo/optee_os/out/arm-plat-vexpress/export-ta_arm32/lib/libutils.a(memmove.o)
 .bss           0x00000000000172d8        0x0 /mnt/nvme0n1p4/soo/optee_os/out/arm-plat-vexpress/export-ta_arm32/lib/libutils.a(memset.o)
 .bss           0x00000000000172d8        0x0 /mnt/nvme0n1p4/soo/optee_os/out/arm-plat-vexpress/export-ta_arm32/lib/libutils.a(strlen.o)
 .bss           0x00000000000172d8        0x0 /mnt/nvme0n1p4/soo/optee_os/out/arm-plat-vexpress/export-ta_arm32/lib/libutils.a(arm32_aeabi_ldivmod_a32.o)
 .bss           0x00000000000172d8        0x0 /mnt/nvme0n1p4/soo/optee_os/out/arm-plat-vexpress/export-ta_arm32/lib/libutils.a(arm32_aeabi_ldivmod.o)
 .bss           0x00000000000172d8        0x0 /mnt/nvme0n1p4/soo/optee_os/out/arm-plat-vexpress/export-ta_arm32/lib/libutils.a(snprintk.o)
 .bss           0x00000000000172d8        0x0 /mnt/nvme0n1p4/soo/optee_os/out/arm-plat-vexpress/export-ta_arm32/lib/libutils.a(trace.o)
 .bss           0x00000000000172d8        0x0 /mnt/nvme0n1p4/soo/optee_os/out/arm-plat-vexpress/export-ta_arm32/lib/libutils.a(mempool.o)
 .bss           0x00000000000172d8        0x0 /mnt/nvme0n1p4/soo/optee_os/out/arm-plat-vexpress/export-ta_arm32/lib/libutils.a(consttime_memcmp.o)
 .bss           0x00000000000172d8        0x0 /mnt/nvme0n1p4/soo/optee_os/out/arm-plat-vexpress/export-ta_arm32/lib/libutils.a(memchr.o)
 .bss           0x00000000000172d8        0x0 /mnt/nvme0n1p4/soo/optee_os/out/arm-plat-vexpress/export-ta_arm32/lib/libutee.a(assert.o)
                0x00000000000172d8                . = ALIGN (0x8)
                0x00000000000172d8                __gprof_buf_start = .
                0x00000000000172d8                . = (. + DEFINED (__gnu_mcount_nc)?(((__text_end - __text_start) * 0x88) / 0x64):0x0)
                0x00000000000172d8                __gprof_buf_end = .
                0x00000000000172d8                . = ALIGN (0x8)
                0x00000000000172d8                __ftrace_buf_start = .
                0x00000000000172d8                . = (. + DEFINED (__gnu_mcount_nc)?0x800:0x0)
                0x00000000000172d8                __ftrace_buf_end = .

.dynbss         0x00000000000172d8        0x0
 .dynbss        0x00000000000172d8        0x0 ./hello_world_ta.o

/DISCARD/
 *(SORT(.interp))
LOAD ./hello_world_ta.o
LOAD ./user_ta_header.o
LOAD ./ta_entry_a32.o
START GROUP
LOAD /mnt/nvme0n1p4/soo/optee_os/out/arm-plat-vexpress/export-ta_arm32/lib/libutils.a
LOAD /mnt/nvme0n1p4/soo/optee_os/out/arm-plat-vexpress/export-ta_arm32/lib/libutee.a
LOAD /mnt/nvme0n1p4/soo/optee_os/out/arm-plat-vexpress/export-ta_arm32/lib/libmbedtls.a
END GROUP
OUTPUT(8aaaf200-2450-11e4-abe2-0002a5d5c51b.elf elf32-littlearm)

.debug_info     0x0000000000000000     0xdd6a
 .debug_info    0x0000000000000000      0x2f1 ./hello_world_ta.o
 .debug_info    0x00000000000002f1      0x42c ./user_ta_header.o
 .debug_info    0x000000000000071d       0xa5 ./ta_entry_a32.o
 .debug_info    0x00000000000007c2       0x4f /mnt/nvme0n1p4/soo/optee_os/out/arm-plat-vexpress/export-ta_arm32/lib/libutils.a(aeabi_unwind.o)
 .debug_info    0x0000000000000811       0x72 /mnt/nvme0n1p4/soo/optee_os/out/arm-plat-vexpress/export-ta_arm32/lib/libutee.a(utee_syscalls_a32.o)
 .debug_info    0x0000000000000883      0xb13 /mnt/nvme0n1p4/soo/optee_os/out/arm-plat-vexpress/export-ta_arm32/lib/libutee.a(user_ta_entry.o)
 .debug_info    0x0000000000001396     0x11be /mnt/nvme0n1p4/soo/optee_os/out/arm-plat-vexpress/export-ta_arm32/lib/libutee.a(tee_api.o)
 .debug_info    0x0000000000002554      0x107 /mnt/nvme0n1p4/soo/optee_os/out/arm-plat-vexpress/export-ta_arm32/lib/libutee.a(tee_api_panic.o)
 .debug_info    0x000000000000265b      0x505 /mnt/nvme0n1p4/soo/optee_os/out/arm-plat-vexpress/export-ta_arm32/lib/libutee.a(tee_system_pta.o)
 .debug_info    0x0000000000002b60     0x37d0 /mnt/nvme0n1p4/soo/optee_os/out/arm-plat-vexpress/export-ta_arm32/lib/libutee.a(tee_api_arith_mpi.o)
 .debug_info    0x0000000000006330      0x2c1 /mnt/nvme0n1p4/soo/optee_os/out/arm-plat-vexpress/export-ta_arm32/lib/libutee.a(trace_ext.o)
 .debug_info    0x00000000000065f1     0x4272 /mnt/nvme0n1p4/soo/optee_os/out/arm-plat-vexpress/export-ta_arm32/lib/libmbedtls.a(bignum.o)
 .debug_info    0x000000000000a863      0x10e /mnt/nvme0n1p4/soo/optee_os/out/arm-plat-vexpress/export-ta_arm32/lib/libmbedtls.a(platform_util.o)
 .debug_info    0x000000000000a971     0x195d /mnt/nvme0n1p4/soo/optee_os/out/arm-plat-vexpress/export-ta_arm32/lib/libutils.a(bget_malloc.o)
 .debug_info    0x000000000000c2ce      0x199 /mnt/nvme0n1p4/soo/optee_os/out/arm-plat-vexpress/export-ta_arm32/lib/libutils.a(snprintf.o)
 .debug_info    0x000000000000c467       0xc9 /mnt/nvme0n1p4/soo/optee_os/out/arm-plat-vexpress/export-ta_arm32/lib/libutils.a(memcpy.o)
 .debug_info    0x000000000000c530       0xc7 /mnt/nvme0n1p4/soo/optee_os/out/arm-plat-vexpress/export-ta_arm32/lib/libutils.a(memmove.o)
 .debug_info    0x000000000000c5f7       0x9c /mnt/nvme0n1p4/soo/optee_os/out/arm-plat-vexpress/export-ta_arm32/lib/libutils.a(memset.o)
 .debug_info    0x000000000000c693       0x8d /mnt/nvme0n1p4/soo/optee_os/out/arm-plat-vexpress/export-ta_arm32/lib/libutils.a(strlen.o)
 .debug_info    0x000000000000c720       0x7e /mnt/nvme0n1p4/soo/optee_os/out/arm-plat-vexpress/export-ta_arm32/lib/libutils.a(arm32_aeabi_ldivmod_a32.o)
 .debug_info    0x000000000000c79e      0x2d3 /mnt/nvme0n1p4/soo/optee_os/out/arm-plat-vexpress/export-ta_arm32/lib/libutils.a(arm32_aeabi_ldivmod.o)
 .debug_info    0x000000000000ca71      0x691 /mnt/nvme0n1p4/soo/optee_os/out/arm-plat-vexpress/export-ta_arm32/lib/libutils.a(snprintk.o)
 .debug_info    0x000000000000d102      0x506 /mnt/nvme0n1p4/soo/optee_os/out/arm-plat-vexpress/export-ta_arm32/lib/libutils.a(trace.o)
 .debug_info    0x000000000000d608      0x42d /mnt/nvme0n1p4/soo/optee_os/out/arm-plat-vexpress/export-ta_arm32/lib/libutils.a(mempool.o)
 .debug_info    0x000000000000da35       0xef /mnt/nvme0n1p4/soo/optee_os/out/arm-plat-vexpress/export-ta_arm32/lib/libutils.a(consttime_memcmp.o)
 .debug_info    0x000000000000db24       0xbd /mnt/nvme0n1p4/soo/optee_os/out/arm-plat-vexpress/export-ta_arm32/lib/libutils.a(memchr.o)
 .debug_info    0x000000000000dbe1      0x189 /mnt/nvme0n1p4/soo/optee_os/out/arm-plat-vexpress/export-ta_arm32/lib/libutee.a(assert.o)

.debug_abbrev   0x0000000000000000     0x2938
 .debug_abbrev  0x0000000000000000      0x1cb ./hello_world_ta.o
 .debug_abbrev  0x00000000000001cb      0x1ac ./user_ta_header.o
 .debug_abbrev  0x0000000000000377       0x14 ./ta_entry_a32.o
 .debug_abbrev  0x000000000000038b       0x47 /mnt/nvme0n1p4/soo/optee_os/out/arm-plat-vexpress/export-ta_arm32/lib/libutils.a(aeabi_unwind.o)
 .debug_abbrev  0x00000000000003d2       0x12 /mnt/nvme0n1p4/soo/optee_os/out/arm-plat-vexpress/export-ta_arm32/lib/libutee.a(utee_syscalls_a32.o)
 .debug_abbrev  0x00000000000003e4      0x2fa /mnt/nvme0n1p4/soo/optee_os/out/arm-plat-vexpress/export-ta_arm32/lib/libutee.a(user_ta_entry.o)
 .debug_abbrev  0x00000000000006de      0x3db /mnt/nvme0n1p4/soo/optee_os/out/arm-plat-vexpress/export-ta_arm32/lib/libutee.a(tee_api.o)
 .debug_abbrev  0x0000000000000ab9       0xb4 /mnt/nvme0n1p4/soo/optee_os/out/arm-plat-vexpress/export-ta_arm32/lib/libutee.a(tee_api_panic.o)
 .debug_abbrev  0x0000000000000b6d      0x22a /mnt/nvme0n1p4/soo/optee_os/out/arm-plat-vexpress/export-ta_arm32/lib/libutee.a(tee_system_pta.o)
 .debug_abbrev  0x0000000000000d97      0x433 /mnt/nvme0n1p4/soo/optee_os/out/arm-plat-vexpress/export-ta_arm32/lib/libutee.a(tee_api_arith_mpi.o)
 .debug_abbrev  0x00000000000011ca      0x183 /mnt/nvme0n1p4/soo/optee_os/out/arm-plat-vexpress/export-ta_arm32/lib/libutee.a(trace_ext.o)
 .debug_abbrev  0x000000000000134d      0x453 /mnt/nvme0n1p4/soo/optee_os/out/arm-plat-vexpress/export-ta_arm32/lib/libmbedtls.a(bignum.o)
 .debug_abbrev  0x00000000000017a0       0xb8 /mnt/nvme0n1p4/soo/optee_os/out/arm-plat-vexpress/export-ta_arm32/lib/libmbedtls.a(platform_util.o)
 .debug_abbrev  0x0000000000001858      0x39f /mnt/nvme0n1p4/soo/optee_os/out/arm-plat-vexpress/export-ta_arm32/lib/libutils.a(bget_malloc.o)
 .debug_abbrev  0x0000000000001bf7      0x101 /mnt/nvme0n1p4/soo/optee_os/out/arm-plat-vexpress/export-ta_arm32/lib/libutils.a(snprintf.o)
 .debug_abbrev  0x0000000000001cf8       0xa7 /mnt/nvme0n1p4/soo/optee_os/out/arm-plat-vexpress/export-ta_arm32/lib/libutils.a(memcpy.o)
 .debug_abbrev  0x0000000000001d9f       0x9f /mnt/nvme0n1p4/soo/optee_os/out/arm-plat-vexpress/export-ta_arm32/lib/libutils.a(memmove.o)
 .debug_abbrev  0x0000000000001e3e       0x93 /mnt/nvme0n1p4/soo/optee_os/out/arm-plat-vexpress/export-ta_arm32/lib/libutils.a(memset.o)
 .debug_abbrev  0x0000000000001ed1       0x84 /mnt/nvme0n1p4/soo/optee_os/out/arm-plat-vexpress/export-ta_arm32/lib/libutils.a(strlen.o)
 .debug_abbrev  0x0000000000001f55       0x12 /mnt/nvme0n1p4/soo/optee_os/out/arm-plat-vexpress/export-ta_arm32/lib/libutils.a(arm32_aeabi_ldivmod_a32.o)
 .debug_abbrev  0x0000000000001f67      0x12f /mnt/nvme0n1p4/soo/optee_os/out/arm-plat-vexpress/export-ta_arm32/lib/libutils.a(arm32_aeabi_ldivmod.o)
 .debug_abbrev  0x0000000000002096      0x26f /mnt/nvme0n1p4/soo/optee_os/out/arm-plat-vexpress/export-ta_arm32/lib/libutils.a(snprintk.o)
 .debug_abbrev  0x0000000000002305      0x253 /mnt/nvme0n1p4/soo/optee_os/out/arm-plat-vexpress/export-ta_arm32/lib/libutils.a(trace.o)
 .debug_abbrev  0x0000000000002558      0x1c9 /mnt/nvme0n1p4/soo/optee_os/out/arm-plat-vexpress/export-ta_arm32/lib/libutils.a(mempool.o)
 .debug_abbrev  0x0000000000002721       0x9f /mnt/nvme0n1p4/soo/optee_os/out/arm-plat-vexpress/export-ta_arm32/lib/libutils.a(consttime_memcmp.o)
 .debug_abbrev  0x00000000000027c0       0xae /mnt/nvme0n1p4/soo/optee_os/out/arm-plat-vexpress/export-ta_arm32/lib/libutils.a(memchr.o)
 .debug_abbrev  0x000000000000286e       0xca /mnt/nvme0n1p4/soo/optee_os/out/arm-plat-vexpress/export-ta_arm32/lib/libutee.a(assert.o)

.debug_loc      0x0000000000000000     0xc837
 .debug_loc     0x0000000000000000      0x10e ./hello_world_ta.o
 .debug_loc     0x000000000000010e       0x97 ./user_ta_header.o
 .debug_loc     0x00000000000001a5      0x4c6 /mnt/nvme0n1p4/soo/optee_os/out/arm-plat-vexpress/export-ta_arm32/lib/libutee.a(user_ta_entry.o)
 .debug_loc     0x000000000000066b      0x9e3 /mnt/nvme0n1p4/soo/optee_os/out/arm-plat-vexpress/export-ta_arm32/lib/libutee.a(tee_api.o)
 .debug_loc     0x000000000000104e       0x21 /mnt/nvme0n1p4/soo/optee_os/out/arm-plat-vexpress/export-ta_arm32/lib/libutee.a(tee_api_panic.o)
 .debug_loc     0x000000000000106f      0x1b1 /mnt/nvme0n1p4/soo/optee_os/out/arm-plat-vexpress/export-ta_arm32/lib/libutee.a(tee_system_pta.o)
 .debug_loc     0x0000000000001220     0x2682 /mnt/nvme0n1p4/soo/optee_os/out/arm-plat-vexpress/export-ta_arm32/lib/libutee.a(tee_api_arith_mpi.o)
 .debug_loc     0x00000000000038a2       0x91 /mnt/nvme0n1p4/soo/optee_os/out/arm-plat-vexpress/export-ta_arm32/lib/libutee.a(trace_ext.o)
 .debug_loc     0x0000000000003933     0x4c20 /mnt/nvme0n1p4/soo/optee_os/out/arm-plat-vexpress/export-ta_arm32/lib/libmbedtls.a(bignum.o)
 .debug_loc     0x0000000000008553       0x4d /mnt/nvme0n1p4/soo/optee_os/out/arm-plat-vexpress/export-ta_arm32/lib/libmbedtls.a(platform_util.o)
 .debug_loc     0x00000000000085a0     0x21db /mnt/nvme0n1p4/soo/optee_os/out/arm-plat-vexpress/export-ta_arm32/lib/libutils.a(bget_malloc.o)
 .debug_loc     0x000000000000a77b       0xb8 /mnt/nvme0n1p4/soo/optee_os/out/arm-plat-vexpress/export-ta_arm32/lib/libutils.a(snprintf.o)
 .debug_loc     0x000000000000a833       0xa0 /mnt/nvme0n1p4/soo/optee_os/out/arm-plat-vexpress/export-ta_arm32/lib/libutils.a(memcpy.o)
 .debug_loc     0x000000000000a8d3      0x13d /mnt/nvme0n1p4/soo/optee_os/out/arm-plat-vexpress/export-ta_arm32/lib/libutils.a(memmove.o)
 .debug_loc     0x000000000000aa10       0x4c /mnt/nvme0n1p4/soo/optee_os/out/arm-plat-vexpress/export-ta_arm32/lib/libutils.a(memset.o)
 .debug_loc     0x000000000000aa5c       0x57 /mnt/nvme0n1p4/soo/optee_os/out/arm-plat-vexpress/export-ta_arm32/lib/libutils.a(strlen.o)
 .debug_loc     0x000000000000aab3      0x740 /mnt/nvme0n1p4/soo/optee_os/out/arm-plat-vexpress/export-ta_arm32/lib/libutils.a(arm32_aeabi_ldivmod.o)
 .debug_loc     0x000000000000b1f3      0xcfc /mnt/nvme0n1p4/soo/optee_os/out/arm-plat-vexpress/export-ta_arm32/lib/libutils.a(snprintk.o)
 .debug_loc     0x000000000000beef      0x36c /mnt/nvme0n1p4/soo/optee_os/out/arm-plat-vexpress/export-ta_arm32/lib/libutils.a(trace.o)
 .debug_loc     0x000000000000c25b      0x29b /mnt/nvme0n1p4/soo/optee_os/out/arm-plat-vexpress/export-ta_arm32/lib/libutils.a(mempool.o)