Archive member included to satisfy reference by file (symbol)

/home/reds/soo/optee_os/out/arm-plat-vexpress/export-ta_arm32/lib/libutils.a(trace.o)
                              ./hello_world_ta.o (trace_printf)
/home/reds/soo/optee_os/out/arm-plat-vexpress/export-ta_arm32/lib/libutils.a(aeabi_unwind.o)
                              ./hello_world_ta.o (__aeabi_unwind_cpp_pr0)
/home/reds/soo/optee_os/out/arm-plat-vexpress/export-ta_arm32/lib/libutils.a(snprintk.o)
                              /home/reds/soo/optee_os/out/arm-plat-vexpress/export-ta_arm32/lib/libutils.a(trace.o) (vsnprintk)
/home/reds/soo/optee_os/out/arm-plat-vexpress/export-ta_arm32/lib/libutils.a(memchr.o)
                              /home/reds/soo/optee_os/out/arm-plat-vexpress/export-ta_arm32/lib/libutils.a(snprintk.o) (memchr)
/home/reds/soo/optee_os/out/arm-plat-vexpress/export-ta_arm32/lib/libutils.a(strlen.o)
                              /home/reds/soo/optee_os/out/arm-plat-vexpress/export-ta_arm32/lib/libutils.a(snprintk.o) (strlen)
/home/reds/soo/optee_os/out/arm-plat-vexpress/export-ta_arm32/lib/libutils.a(arm32_aeabi_ldivmod_a32.o)
                              /home/reds/soo/optee_os/out/arm-plat-vexpress/export-ta_arm32/lib/libutils.a(snprintk.o) (__aeabi_uldivmod)
/home/reds/soo/optee_os/out/arm-plat-vexpress/export-ta_arm32/lib/libutils.a(arm32_aeabi_ldivmod.o)
                              /home/reds/soo/optee_os/out/arm-plat-vexpress/export-ta_arm32/lib/libutils.a(arm32_aeabi_ldivmod_a32.o) (__ul_divmod)
/home/reds/soo/optee_os/out/arm-plat-vexpress/export-ta_arm32/lib/libutee.a(trace_ext.o)
                              /home/reds/soo/optee_os/out/arm-plat-vexpress/export-ta_arm32/lib/libutils.a(trace.o) (trace_ext_puts)
/home/reds/soo/optee_os/out/arm-plat-vexpress/export-ta_arm32/lib/libutee.a(utee_syscalls_a32.o)
                              ./user_ta_header.o (_utee_return)
/home/reds/soo/optee_os/out/arm-plat-vexpress/export-ta_arm32/lib/libutee.a(user_ta_entry.o)
                              ./user_ta_header.o (__utee_entry)
/home/reds/soo/optee_os/out/arm-plat-vexpress/export-ta_arm32/lib/libutee.a(abort.o)
                              /home/reds/soo/optee_os/out/arm-plat-vexpress/export-ta_arm32/lib/libutee.a(user_ta_entry.o) (abort)
/home/reds/soo/optee_os/out/arm-plat-vexpress/export-ta_arm32/lib/libutee.a(tee_api.o)
                              /home/reds/soo/optee_os/out/arm-plat-vexpress/export-ta_arm32/lib/libutee.a(user_ta_entry.o) (TEE_Malloc)
/home/reds/soo/optee_os/out/arm-plat-vexpress/export-ta_arm32/lib/libutee.a(tee_api_arith_mpi.o)
                              /home/reds/soo/optee_os/out/arm-plat-vexpress/export-ta_arm32/lib/libutee.a(user_ta_entry.o) (_TEE_MathAPI_Init)
/home/reds/soo/optee_os/out/arm-plat-vexpress/export-ta_arm32/lib/libutee.a(tee_api_panic.o)
                              /home/reds/soo/optee_os/out/arm-plat-vexpress/export-ta_arm32/lib/libutee.a(user_ta_entry.o) (TEE_Panic)
/home/reds/soo/optee_os/out/arm-plat-vexpress/export-ta_arm32/lib/libutee.a(tee_system_pta.o)
                              /home/reds/soo/optee_os/out/arm-plat-vexpress/export-ta_arm32/lib/libutee.a(tee_api.o) (tee_map_zi)
/home/reds/soo/optee_os/out/arm-plat-vexpress/export-ta_arm32/lib/libutee.a(tcb.o)
                              /home/reds/soo/optee_os/out/arm-plat-vexpress/export-ta_arm32/lib/libutee.a(user_ta_entry.o) (__utee_tcb_init)
/home/reds/soo/optee_os/out/arm-plat-vexpress/export-ta_arm32/lib/libutee.a(assert.o)
                              /home/reds/soo/optee_os/out/arm-plat-vexpress/export-ta_arm32/lib/libutee.a(tcb.o) (_assert_log)
/home/reds/soo/optee_os/out/arm-plat-vexpress/export-ta_arm32/lib/libmbedtls.a(bignum.o)
                              /home/reds/soo/optee_os/out/arm-plat-vexpress/export-ta_arm32/lib/libutee.a(tee_api_arith_mpi.o) (mbedtls_mpi_init_mempool)
/home/reds/soo/optee_os/out/arm-plat-vexpress/export-ta_arm32/lib/libmbedtls.a(platform_util.o)
                              /home/reds/soo/optee_os/out/arm-plat-vexpress/export-ta_arm32/lib/libmbedtls.a(bignum.o) (mbedtls_platform_zeroize)
/home/reds/soo/optee_os/out/arm-plat-vexpress/export-ta_arm32/lib/libutils.a(bget_malloc.o)
                              /home/reds/soo/optee_os/out/arm-plat-vexpress/export-ta_arm32/lib/libutee.a(user_ta_entry.o) (malloc)
/home/reds/soo/optee_os/out/arm-plat-vexpress/export-ta_arm32/lib/libutils.a(snprintf.o)
                              /home/reds/soo/optee_os/out/arm-plat-vexpress/export-ta_arm32/lib/libutee.a(trace_ext.o) (vsnprintf)
/home/reds/soo/optee_os/out/arm-plat-vexpress/export-ta_arm32/lib/libutils.a(memcpy.o)
                              /home/reds/soo/optee_os/out/arm-plat-vexpress/export-ta_arm32/lib/libutee.a(tee_api.o) (memcpy)
/home/reds/soo/optee_os/out/arm-plat-vexpress/export-ta_arm32/lib/libutils.a(memmove.o)
                              /home/reds/soo/optee_os/out/arm-plat-vexpress/export-ta_arm32/lib/libutee.a(tee_api.o) (memmove)
[...]
Memory Configuration

Name             Origin             Length             Attributes
*default*        0x0000000000000000 0xffffffffffffffff

Linker script and memory map


.ta_head        0x0000000000000000       0x20
 *(SORT_BY_ALIGNMENT(.ta_head))
 .ta_head       0x0000000000000000       0x20 ./user_ta_header.o
                0x0000000000000000                ta_head

.text           0x0000000000000020     0x67d8
                0x0000000000000020                __text_start = .
 *(SORT_BY_ALIGNMENT(.text) SORT_BY_ALIGNMENT(.text.*))
 .text          0x0000000000000020      0x19c ./hello_world_ta.o
                0x0000000000000020                TA_CreateEntryPoint
                0x0000000000000048                TA_DestroyEntryPoint
                0x0000000000000070                TA_OpenSessionEntryPoint
                0x00000000000000bc                TA_CloseSessionEntryPoint
                0x00000000000000e4                TA_InvokeCommandEntryPoint
 .text.__ta_entry
                0x00000000000001bc        0x4 ./ta_entry_a32.o
                0x00000000000001bc                __ta_entry
 .text          0x00000000000001c0      0x18c /home/reds/soo/optee_os/out/arm-plat-vexpress/export-ta_arm32/lib/libutils.a(trace.o)
                0x00000000000001c0                trace_set_level
                0x00000000000001dc                trace_get_level
                0x00000000000001f0                trace_vprintf
                0x0000000000000330                trace_printf
                0x0000000000000348                dhex_dump
 .text          0x000000000000034c      0x7a8 /home/reds/soo/optee_os/out/arm-plat-vexpress/export-ta_arm32/lib/libutils.a(snprintk.o)
                0x000000000000034c                __vsnprintf
                0x000000000000037e                vsnprintk
                0x000000000000038c                snprintk
                0x0000000000000adc                __vsprintf
 .text.__aeabi_ldivmod
                0x0000000000000af4       0x18 /home/reds/soo/optee_os/out/arm-plat-vexpress/export-ta_arm32/lib/libutils.a(arm32_aeabi_ldivmod_a32.o)
                0x0000000000000af4                __aeabi_ldivmod
 .text.__aeabi_uldivmod
                0x0000000000000b0c       0x18 /home/reds/soo/optee_os/out/arm-plat-vexpress/export-ta_arm32/lib/libutils.a(arm32_aeabi_ldivmod_a32.o)
                0x0000000000000b0c                __aeabi_uldivmod
 .text          0x0000000000000b24       0x9c /home/reds/soo/optee_os/out/arm-plat-vexpress/export-ta_arm32/lib/libutee.a(trace_ext.o)
                0x0000000000000b24                trace_ext_puts
                0x0000000000000b38                trace_ext_get_thread_id
                0x0000000000000b3e                printf
                0x0000000000000b78                puts
                0x0000000000000b9c                putchar
 .text          0x0000000000000bc0        0x0 /home/reds/soo/optee_os/out/arm-plat-vexpress/export-ta_arm32/lib/libutee.a(utee_syscalls_a32.o)
 .text._utee_panic
                0x0000000000000bc0       0x14 /home/reds/soo/optee_os/out/arm-plat-vexpress/export-ta_arm32/lib/libutee.a(utee_syscalls_a32.o)
                0x0000000000000bc0                _utee_panic
 .text._utee_return
                0x0000000000000bd4       0x14 /home/reds/soo/optee_os/out/arm-plat-vexpress/export-ta_arm32/lib/libutee.a(utee_syscalls_a32.o)
                0x0000000000000bd4                _utee_return
 .text._utee_log
                0x0000000000000be8       0x14 /home/reds/soo/optee_os/out/arm-plat-vexpress/export-ta_arm32/lib/libutee.a(utee_syscalls_a32.o)
                0x0000000000000be8                _utee_log
 .text.__utee_panic
                0x0000000000000bfc       0x14 /home/reds/soo/optee_os/out/arm-plat-vexpress/export-ta_arm32/lib/libutee.a(utee_syscalls_a32.o)
                0x0000000000000bfc                __utee_panic
 .text._utee_get_property
                0x0000000000000c10       0x18 /home/reds/soo/optee_os/out/arm-plat-vexpress/export-ta_arm32/lib/libutee.a(utee_syscalls_a32.o)
                0x0000000000000c10                _utee_get_property
 .text._utee_get_property_name_to_index
                0x0000000000000c28       0x14 /home/reds/soo/optee_os/out/arm-plat-vexpress/export-ta_arm32/lib/libutee.a(utee_syscalls_a32.o)
                0x0000000000000c28                _utee_get_property_name_to_index
 .text._utee_open_ta_session
                0x0000000000000c3c       0x18 /home/reds/soo/optee_os/out/arm-plat-vexpress/export-ta_arm32/lib/libutee.a(utee_syscalls_a32.o)
                0x0000000000000c3c                _utee_open_ta_session
 .text._utee_close_ta_session
                0x0000000000000c54       0x14 /home/reds/soo/optee_os/out/arm-plat-vexpress/export-ta_arm32/lib/libutee.a(utee_syscalls_a32.o)
                0x0000000000000c54                _utee_close_ta_session
 .text._utee_invoke_ta_command
                0x0000000000000c68       0x18 /home/reds/soo/optee_os/out/arm-plat-vexpress/export-ta_arm32/lib/libutee.a(utee_syscalls_a32.o)
                0x0000000000000c68                _utee_invoke_ta_command
 .text._utee_get_cancellation_flag
                0x0000000000000c80       0x14 /home/reds/soo/optee_os/out/arm-plat-vexpress/export-ta_arm32/lib/libutee.a(utee_syscalls_a32.o)
                0x0000000000000c80                _utee_get_cancellation_flag
 .text._utee_check_access_rights
                0x0000000000000c94       0x14 /home/reds/soo/optee_os/out/arm-plat-vexpress/export-ta_arm32/lib/libutee.a(utee_syscalls_a32.o)
                0x0000000000000c94                _utee_check_access_rights
 .text._utee_unmask_cancellation
                0x0000000000000ca8       0x14 /home/reds/soo/optee_os/out/arm-plat-vexpress/export-ta_arm32/lib/libutee.a(utee_syscalls_a32.o)
                0x0000000000000ca8                _utee_unmask_cancellation
 .text._utee_mask_cancellation
                0x0000000000000cbc       0x14 /home/reds/soo/optee_os/out/arm-plat-vexpress/export-ta_arm32/lib/libutee.a(utee_syscalls_a32.o)
                0x0000000000000cbc                _utee_mask_cancellation
 .text._utee_wait
                0x0000000000000cd0       0x14 /home/reds/soo/optee_os/out/arm-plat-vexpress/export-ta_arm32/lib/libutee.a(utee_syscalls_a32.o)
                0x0000000000000cd0                _utee_wait
 .text._utee_get_time
                0x0000000000000ce4       0x14 /home/reds/soo/optee_os/out/arm-plat-vexpress/export-ta_arm32/lib/libutee.a(utee_syscalls_a32.o)
                0x0000000000000ce4                _utee_get_time
 .text._utee_set_ta_time
                0x0000000000000cf8       0x14 /home/reds/soo/optee_os/out/arm-plat-vexpress/export-ta_arm32/lib/libutee.a(utee_syscalls_a32.o)
                0x0000000000000cf8                _utee_set_ta_time
 .text._utee_cryp_state_alloc
                0x0000000000000d0c       0x18 /home/reds/soo/optee_os/out/arm-plat-vexpress/export-ta_arm32/lib/libutee.a(utee_syscalls_a32.o)
                0x0000000000000d0c                _utee_cryp_state_alloc
 .text._utee_cryp_state_copy
                0x0000000000000d24       0x14 /home/reds/soo/optee_os/out/arm-plat-vexpress/export-ta_arm32/lib/libutee.a(utee_syscalls_a32.o)
                0x0000000000000d24                _utee_cryp_state_copy
 .text._utee_cryp_state_free
                0x0000000000000d38       0x14 /home/reds/soo/optee_os/out/arm-plat-vexpress/export-ta_arm32/lib/libutee.a(utee_syscalls_a32.o)
                0x0000000000000d38                _utee_cryp_state_free
 .text._utee_hash_init
                0x0000000000000d4c       0x14 /home/reds/soo/optee_os/out/arm-plat-vexpress/export-ta_arm32/lib/libutee.a(utee_syscalls_a32.o)
                0x0000000000000d4c                _utee_hash_init
 .text._utee_hash_update
                0x0000000000000d60       0x14 /home/reds/soo/optee_os/out/arm-plat-vexpress/export-ta_arm32/lib/libutee.a(utee_syscalls_a32.o)
                0x0000000000000d60                _utee_hash_update
 .text._utee_hash_final
                0x0000000000000d74       0x18 /home/reds/soo/optee_os/out/arm-plat-vexpress/export-ta_arm32/lib/libutee.a(utee_syscalls_a32.o)
                0x0000000000000d74                _utee_hash_final
 .text._utee_cipher_init
                0x0000000000000d8c       0x14 /home/reds/soo/optee_os/out/arm-plat-vexpress/export-ta_arm32/lib/libutee.a(utee_syscalls_a32.o)
                0x0000000000000d8c                _utee_cipher_init
 .text._utee_cipher_update
                0x0000000000000da0       0x18 /home/reds/soo/optee_os/out/arm-plat-vexpress/export-ta_arm32/lib/libutee.a(utee_syscalls_a32.o)
                0x0000000000000da0                _utee_cipher_update
 .text._utee_cipher_final
                0x0000000000000db8       0x18 /home/reds/soo/optee_os/out/arm-plat-vexpress/export-ta_arm32/lib/libutee.a(utee_syscalls_a32.o)
                0x0000000000000db8                _utee_cipher_final
 .text._utee_cryp_obj_get_info
                0x0000000000000dd0       0x14 /home/reds/soo/optee_os/out/arm-plat-vexpress/export-ta_arm32/lib/libutee.a(utee_syscalls_a32.o)
                0x0000000000000dd0                _utee_cryp_obj_get_info
 .text._utee_cryp_obj_restrict_usage
                0x0000000000000de4       0x14 /home/reds/soo/optee_os/out/arm-plat-vexpress/export-ta_arm32/lib/libutee.a(utee_syscalls_a32.o)
                0x0000000000000de4                _utee_cryp_obj_restrict_usage
 .text._utee_cryp_obj_get_attr
                0x0000000000000df8       0x14 /home/reds/soo/optee_os/out/arm-plat-vexpress/export-ta_arm32/lib/libutee.a(utee_syscalls_a32.o)
                0x0000000000000df8                _utee_cryp_obj_get_attr
 .text._utee_cryp_obj_alloc
                0x0000000000000e0c       0x14 /home/reds/soo/optee_os/out/arm-plat-vexpress/export-ta_arm32/lib/libutee.a(utee_syscalls_a32.o)
                0x0000000000000e0c                _utee_cryp_obj_alloc
 .text._utee_cryp_obj_close
                0x0000000000000e20       0x14 /home/reds/soo/optee_os/out/arm-plat-vexpress/export-ta_arm32/lib/libutee.a(utee_syscalls_a32.o)
                0x0000000000000e20                _utee_cryp_obj_close
 .text._utee_cryp_obj_reset
                0x0000000000000e34       0x14 /home/reds/soo/optee_os/out/arm-plat-vexpress/export-ta_arm32/lib/libutee.a(utee_syscalls_a32.o)
                0x0000000000000e34                _utee_cryp_obj_reset
 .text._utee_cryp_obj_populate
                0x0000000000000e48       0x14 /home/reds/soo/optee_os/out/arm-plat-vexpress/export-ta_arm32/lib/libutee.a(utee_syscalls_a32.o)
                0x0000000000000e48                _utee_cryp_obj_populate
 .text._utee_cryp_obj_copy
                0x0000000000000e5c       0x14 /home/reds/soo/optee_os/out/arm-plat-vexpress/export-ta_arm32/lib/libutee.a(utee_syscalls_a32.o)
                0x0000000000000e5c                _utee_cryp_obj_copy
 .text._utee_cryp_derive_key
                0x0000000000000e70       0x14 /home/reds/soo/optee_os/out/arm-plat-vexpress/export-ta_arm32/lib/libutee.a(utee_syscalls_a32.o)
                0x0000000000000e70                _utee_cryp_derive_key
 .text._utee_cryp_random_number_generate
                0x0000000000000e84       0x14 /home/reds/soo/optee_os/out/arm-plat-vexpress/export-ta_arm32/lib/libutee.a(utee_syscalls_a32.o)
                0x0000000000000e84                _utee_cryp_random_number_generate
 .text._utee_authenc_init
                0x0000000000000e98       0x18 /home/reds/soo/optee_os/out/arm-plat-vexpress/export-ta_arm32/lib/libutee.a(utee_syscalls_a32.o)
                0x0000000000000e98                _utee_authenc_init
 .text._utee_authenc_update_aad
                0x0000000000000eb0       0x14 /home/reds/soo/optee_os/out/arm-plat-vexpress/export-ta_arm32/lib/libutee.a(utee_syscalls_a32.o)
                0x0000000000000eb0                _utee_authenc_update_aad
 .text._utee_authenc_update_payload
                0x0000000000000ec4       0x18 /home/reds/soo/optee_os/out/arm-plat-vexpress/export-ta_arm32/lib/libutee.a(utee_syscalls_a32.o)
                0x0000000000000ec4                _utee_authenc_update_payload
 .text._utee_authenc_enc_final
                0x0000000000000edc       0x18 /home/reds/soo/optee_os/out/arm-plat-vexpress/export-ta_arm32/lib/libutee.a(utee_syscalls_a32.o)
                0x0000000000000edc                _utee_authenc_enc_final
 .text._utee_authenc_dec_final
                0x0000000000000ef4       0x18 /home/reds/soo/optee_os/out/arm-plat-vexpress/export-ta_arm32/lib/libutee.a(utee_syscalls_a32.o)
                0x0000000000000ef4                _utee_authenc_dec_final
 .text._utee_asymm_operate
                0x0000000000000f0c       0x18 /home/reds/soo/optee_os/out/arm-plat-vexpress/export-ta_arm32/lib/libutee.a(utee_syscalls_a32.o)
                0x0000000000000f0c                _utee_asymm_operate
 .text._utee_asymm_verify
                0x0000000000000f24       0x18 /home/reds/soo/optee_os/out/arm-plat-vexpress/export-ta_arm32/lib/libutee.a(utee_syscalls_a32.o)
                0x0000000000000f24                _utee_asymm_verify
 .text._utee_storage_obj_open
                0x0000000000000f3c       0x18 /home/reds/soo/optee_os/out/arm-plat-vexpress/export-ta_arm32/lib/libutee.a(utee_syscalls_a32.o)
                0x0000000000000f3c                _utee_storage_obj_open
 .text._utee_storage_obj_create
                0x0000000000000f54       0x18 /home/reds/soo/optee_os/out/arm-plat-vexpress/export-ta_arm32/lib/libutee.a(utee_syscalls_a32.o)
                0x0000000000000f54                _utee_storage_obj_create
 .text._utee_storage_obj_del
                0x0000000000000f6c       0x14 /home/reds/soo/optee_os/out/arm-plat-vexpress/export-ta_arm32/lib/libutee.a(utee_syscalls_a32.o)
                0x0000000000000f6c                _utee_storage_obj_del
 .text._utee_storage_obj_rename
                0x0000000000000f80       0x14 /home/reds/soo/optee_os/out/arm-plat-vexpress/export-ta_arm32/lib/libutee.a(utee_syscalls_a32.o)
                0x0000000000000f80                _utee_storage_obj_rename
 .text._utee_storage_alloc_enum
                0x0000000000000f94       0x14 /home/reds/soo/optee_os/out/arm-plat-vexpress/export-ta_arm32/lib/libutee.a(utee_syscalls_a32.o)
                0x0000000000000f94                _utee_storage_alloc_enum
 .text._utee_storage_free_enum
                0x0000000000000fa8       0x14 /home/reds/soo/optee_os/out/arm-plat-vexpress/export-ta_arm32/lib/libutee.a(utee_syscalls_a32.o)
                0x0000000000000fa8                _utee_storage_free_enum
 .text._utee_storage_reset_enum
                0x0000000000000fbc       0x14 /home/reds/soo/optee_os/out/arm-plat-vexpress/export-ta_arm32/lib/libutee.a(utee_syscalls_a32.o)
                0x0000000000000fbc                _utee_storage_reset_enum
 .text._utee_storage_start_enum
                0x0000000000000fd0       0x14 /home/reds/soo/optee_os/out/arm-plat-vexpress/export-ta_arm32/lib/libutee.a(utee_syscalls_a32.o)
                0x0000000000000fd0                _utee_storage_start_enum
 .text._utee_storage_next_enum
                0x0000000000000fe4       0x14 /home/reds/soo/optee_os/out/arm-plat-vexpress/export-ta_arm32/lib/libutee.a(utee_syscalls_a32.o)
                0x0000000000000fe4                _utee_storage_next_enum
 .text._utee_storage_obj_read
                0x0000000000000ff8       0x14 /home/reds/soo/optee_os/out/arm-plat-vexpress/export-ta_arm32/lib/libutee.a(utee_syscalls_a32.o)
                0x0000000000000ff8                _utee_storage_obj_read
 .text._utee_storage_obj_write
                0x000000000000100c       0x14 /home/reds/soo/optee_os/out/arm-plat-vexpress/export-ta_arm32/lib/libutee.a(utee_syscalls_a32.o)
                0x000000000000100c                _utee_storage_obj_write
 .text._utee_storage_obj_trunc
                0x0000000000001020       0x14 /home/reds/soo/optee_os/out/arm-plat-vexpress/export-ta_arm32/lib/libutee.a(utee_syscalls_a32.o)
                0x0000000000001020                _utee_storage_obj_trunc
 .text._utee_storage_obj_seek
                0x0000000000001034       0x14 /home/reds/soo/optee_os/out/arm-plat-vexpress/export-ta_arm32/lib/libutee.a(utee_syscalls_a32.o)
                0x0000000000001034                _utee_storage_obj_seek
 .text._utee_cryp_obj_generate_key
                0x0000000000001048       0x14 /home/reds/soo/optee_os/out/arm-plat-vexpress/export-ta_arm32/lib/libutee.a(utee_syscalls_a32.o)
                0x0000000000001048                _utee_cryp_obj_generate_key
 .text._utee_cache_operation
                0x000000000000105c       0x14 /home/reds/soo/optee_os/out/arm-plat-vexpress/export-ta_arm32/lib/libutee.a(utee_syscalls_a32.o)
                0x000000000000105c                _utee_cache_operation
 .text          0x0000000000001070      0x47c /home/reds/soo/optee_os/out/arm-plat-vexpress/export-ta_arm32/lib/libutee.a(user_ta_entry.o)
                0x000000000000121c                __utee_call_elf_init_fn
                0x00000000000012d8                __utee_call_elf_fini_fn
                0x0000000000001354                __utee_entry
 .text          0x00000000000014ec       0x18 /home/reds/soo/optee_os/out/arm-plat-vexpress/export-ta_arm32/lib/libutee.a(abort.o)
                0x00000000000014ec                abort
 .text          0x0000000000001504      0x484 /home/reds/soo/optee_os/out/arm-plat-vexpress/export-ta_arm32/lib/libutee.a(tee_api.o)
                0x000000000000155c                TEE_CloseTASession
                0x0000000000001570                TEE_GetCancellationFlag
                0x000000000000158c                TEE_UnmaskCancellation
                0x00000000000015a8                TEE_MaskCancellation
                0x00000000000015c4                TEE_CheckMemoryAccessRights
                0x0000000000001710                TEE_OpenTASession
                0x00000000000017a2                TEE_InvokeTACommand
                0x0000000000001850                TEE_SetInstanceData
                0x000000000000185c                TEE_GetInstanceData
                0x0000000000001868                TEE_MemMove
                0x000000000000186c                TEE_MemCompare
                0x0000000000001870                TEE_MemFill
                0x0000000000001874                TEE_GetSystemTime
                0x000000000000188a                TEE_Wait
                0x00000000000018a8                TEE_GetTAPersistentTime
                0x00000000000018e4                TEE_SetTAPersistentTime
                0x000000000000190c                TEE_GetREETime
                0x0000000000001922                TEE_Malloc
                0x000000000000196c                TEE_Realloc
                0x0000000000001970                TEE_Free
                0x0000000000001974                TEE_CacheClean
                0x000000000000197a                TEE_CacheFlush
                0x0000000000001980                TEE_CacheInvalidate
 .text          0x0000000000001988     0x11a0 /home/reds/soo/optee_os/out/arm-plat-vexpress/export-ta_arm32/lib/libutee.a(tee_api_arith_mpi.o)
                0x0000000000001f5c                _TEE_MathAPI_Init
                0x0000000000001fa0                TEE_BigIntInit
                0x0000000000001fd8                TEE_BigIntConvertFromOctetString
                0x000000000000202c                TEE_BigIntConvertToOctetString
                0x0000000000002084                TEE_BigIntConvertFromS32
                0x00000000000020d4                TEE_BigIntConvertToS32
                0x000000000000212c                TEE_BigIntCmp
                0x0000000000002160                TEE_BigIntCmpS32
                0x0000000000002288                TEE_BigIntShiftRight
                0x0000000000002398                TEE_BigIntGetBit
                0x00000000000023c2                TEE_BigIntGetBitCount
                0x00000000000023e4                TEE_BigIntAdd
                0x0000000000002404                TEE_BigIntSub
                0x0000000000002424                TEE_BigIntNeg
                0x0000000000002498                TEE_BigIntMul
                0x000000000000253c                TEE_BigIntSquare
                0x0000000000002542                TEE_BigIntDiv
                0x0000000000002634                TEE_BigIntMod
                0x0000000000002684                TEE_BigIntAddMod
                0x00000000000026a0                TEE_BigIntSubMod
                0x00000000000026bc                TEE_BigIntMulMod
                0x00000000000026d8                TEE_BigIntSquareMod
                0x00000000000026e0                TEE_BigIntInvMod
                0x000000000000279c                TEE_BigIntRelativePrime
                0x0000000000002818                TEE_BigIntComputeExtendedGcd
                0x00000000000029c0                TEE_BigIntIsProbablePrime
                0x00000000000029f0                TEE_BigIntInitFMM
                0x00000000000029f4                TEE_BigIntInitFMMContext
                0x00000000000029f6                TEE_BigIntFMMSizeInU32
                0x00000000000029fe                TEE_BigIntFMMContextSizeInU32
                0x0000000000002a02                TEE_BigIntConvertToFMM
                0x0000000000002a06                TEE_BigIntConvertFromFMM
                0x0000000000002a6c                TEE_BigIntComputeFMM
 .text.unlikely
                0x0000000000002b28       0x20 /home/reds/soo/optee_os/out/arm-plat-vexpress/export-ta_arm32/lib/libutee.a(tee_api_arith_mpi.o)
 .text          0x0000000000002b48       0xd8 /home/reds/soo/optee_os/out/arm-plat-vexpress/export-ta_arm32/lib/libutee.a(tee_api_panic.o)
                0x0000000000002b68                TEE_Panic
                0x0000000000002b76                __utee_check_outbuf_annotation
                0x0000000000002ba4                __utee_check_instring_annotation
                0x0000000000002bbc                __utee_check_outstring_annotation
                0x0000000000002be8                __utee_check_out_annotation
                0x0000000000002bfa                __utee_check_attr_in_annotation
                0x0000000000002c0e                __utee_check_inout_annotation
 .text          0x0000000000002c20      0x160 /home/reds/soo/optee_os/out/arm-plat-vexpress/export-ta_arm32/lib/libutee.a(tee_system_pta.o)
                0x0000000000002c70                tee_map_zi
                0x0000000000002cac                tee_unmap
                0x0000000000002cf8                tee_invoke_supp_plugin
 .text          0x0000000000002d80      0x228 /home/reds/soo/optee_os/out/arm-plat-vexpress/export-ta_arm32/lib/libutee.a(tcb.o)
                0x0000000000002d80                __utee_tcb_init
                0x0000000000002ef4                __tls_get_addr
                0x0000000000002f0c                dl_iterate_phdr
 .text          0x0000000000002fa8       0x38 /home/reds/soo/optee_os/out/arm-plat-vexpress/export-ta_arm32/lib/libutee.a(assert.o)
                0x0000000000002fa8                _assert_log
                0x0000000000002fd0                _assert_break
 .text          0x0000000000002fe0     0x2a78 /home/reds/soo/optee_os/out/arm-plat-vexpress/export-ta_arm32/lib/libmbedtls.a(bignum.o)
                0x0000000000003594                mbedtls_mpi_init
                0x00000000000035a2                mbedtls_mpi_init_mempool
                0x00000000000035c8                mbedtls_mpi_free
                0x000000000000360c                mbedtls_mpi_grow
                0x00000000000036a8                mbedtls_mpi_shrink
                0x000000000000376c                mbedtls_mpi_copy
                0x00000000000037d2                mbedtls_mpi_swap
                0x0000000000003800                mbedtls_mpi_safe_cond_assign
                0x000000000000386c                mbedtls_mpi_safe_cond_swap
                0x00000000000038ee                mbedtls_mpi_lset
                0x0000000000003926                mbedtls_mpi_get_bit
                0x0000000000003946                mbedtls_mpi_set_bit
                0x0000000000003996                mbedtls_mpi_lsb
                0x00000000000039c4                mbedtls_mpi_bitlen
                0x0000000000003a06                mbedtls_mpi_size
                0x0000000000003a12                mbedtls_mpi_read_binary_le
                0x0000000000003a78                mbedtls_mpi_read_binary
                0x0000000000003aee                mbedtls_mpi_write_binary_le
                0x0000000000003b58                mbedtls_mpi_write_binary
                0x0000000000003bc0                mbedtls_mpi_shift_l
                0x0000000000003c56                mbedtls_mpi_shift_r
                0x0000000000003cdc                mbedtls_mpi_cmp_abs
                0x0000000000003d50                mbedtls_mpi_cmp_mpi
                0x0000000000003de8                mbedtls_mpi_lt_mpi_ct
                0x0000000000003ea0                mbedtls_mpi_cmp_int
                0x0000000000003ece                mbedtls_mpi_add_abs
                0x0000000000003f8c                mbedtls_mpi_sub_abs
                0x000000000000400c                mbedtls_mpi_add_mpi
                0x0000000000004054                mbedtls_mpi_sub_mpi
                0x000000000000409e                mbedtls_mpi_add_int
                0x00000000000040cc                mbedtls_mpi_sub_int
                0x00000000000040fa                mbedtls_mpi_mul_mpi
                0x00000000000041e2                mbedtls_mpi_mul_int
                0x00000000000041fe                mbedtls_mpi_read_string
                0x000000000000432c                mbedtls_mpi_div_mpi
                0x00000000000046b6                mbedtls_mpi_div_int
                0x00000000000046e2                mbedtls_mpi_mod_mpi
                0x0000000000004746                mbedtls_mpi_mod_int
                0x00000000000047b8                mbedtls_mpi_write_string
                0x0000000000004978                mbedtls_mpi_montg_init
                0x00000000000049a0                mbedtls_mpi_montmul
                0x0000000000004a68                mbedtls_mpi_montred
                0x0000000000004a8a                mbedtls_mpi_exp_mod
                0x0000000000004ee4                mbedtls_mpi_gcd
                0x0000000000004fec                mbedtls_mpi_fill_random
                0x00000000000051e6                mbedtls_mpi_inv_mod
                0x00000000000054b6                mbedtls_mpi_is_prime_ext
                0x0000000000005518                mbedtls_mpi_is_prime
                0x0000000000005522                mbedtls_mpi_gen_prime
                0x000000000000572c                mbedtls_mpi_self_test
 .text          0x0000000000005a58       0x14 /home/reds/soo/optee_os/out/arm-plat-vexpress/export-ta_arm32/lib/libmbedtls.a(platform_util.o)
                0x0000000000005a58                mbedtls_platform_zeroize
 .text          0x0000000000005a6c      0x928 /home/reds/soo/optee_os/out/arm-plat-vexpress/export-ta_arm32/lib/libutils.a(bget_malloc.o)
                0x0000000000005a9c                bget
                0x0000000000005ca8                bgetz
                0x0000000000005d08                brel
                0x0000000000005f10                bgetr
                0x0000000000005fc0                bpool
                0x000000000000605c                bstats
                0x00000000000060c0                malloc_reset_stats
                0x00000000000060d4                malloc_get_stats
                0x00000000000060f0                malloc
                0x0000000000006120                calloc
                0x0000000000006164                realloc
                0x0000000000006166                memalign
                0x00000000000061a4                free
                0x00000000000061b8                free_wipe
                0x00000000000061cc                malloc_add_pool
                0x0000000000006264                malloc_buffer_is_within_alloced
                0x0000000000006344                malloc_buffer_overlaps_heap
 .text          0x0000000000006394       0xc4 /home/reds/soo/optee_os/out/arm-plat-vexpress/export-ta_arm32/lib/libutils.a(memcpy.o)
                0x0000000000006394                memcpy
 .text          0x0000000000006458      0x104 /home/reds/soo/optee_os/out/arm-plat-vexpress/export-ta_arm32/lib/libutils.a(mempool.o)
                0x0000000000006458                mempool_alloc_pool
                0x000000000000649c                mempool_alloc
                0x0000000000006508                mempool_calloc
                0x000000000000652c                mempool_free
 .text          0x000000000000655c        0xe ./user_ta_header.o
                0x000000000000655c                __ta_entry_c
                0x0000000000006566                tahead_get_trace_level
 .text          0x000000000000656a        0x6 /home/reds/soo/optee_os/out/arm-plat-vexpress/export-ta_arm32/lib/libutils.a(aeabi_unwind.o)
                0x000000000000656a                __aeabi_unwind_cpp_pr0
                0x000000000000656c                __aeabi_unwind_cpp_pr1
                0x000000000000656e                __aeabi_unwind_cpp_pr2
 .text          0x0000000000006570       0x1c /home/reds/soo/optee_os/out/arm-plat-vexpress/export-ta_arm32/lib/libutils.a(memchr.o)
                0x0000000000006570                memchr
 .text          0x000000000000658c       0x10 /home/reds/soo/optee_os/out/arm-plat-vexpress/export-ta_arm32/lib/libutils.a(strlen.o)
                0x000000000000658c                strlen
 .text          0x000000000000659c      0x160 /home/reds/soo/optee_os/out/arm-plat-vexpress/export-ta_arm32/lib/libutils.a(arm32_aeabi_ldivmod.o)
                0x000000000000659c                __ul_divmod
                0x0000000000006610                __l_divmod
 .text          0x00000000000066fc       0x2c /home/reds/soo/optee_os/out/arm-plat-vexpress/export-ta_arm32/lib/libutils.a(snprintf.o)
                0x00000000000066fc                snprintf
                0x000000000000671a                vsnprintf
 .text          0x0000000000006728       0x34 /home/reds/soo/optee_os/out/arm-plat-vexpress/export-ta_arm32/lib/libutils.a(memmove.o)
                0x0000000000006728                memmove
 .text          0x000000000000675c       0x10 /home/reds/soo/optee_os/out/arm-plat-vexpress/export-ta_arm32/lib/libutils.a(memset.o)
                0x000000000000675c                memset
 .text          0x000000000000676c       0x48 /home/reds/soo/optee_os/out/arm-plat-vexpress/export-ta_arm32/lib/libutils.a(consttime_memcmp.o)
                0x000000000000676c                consttime_memcmp
 .text          0x00000000000067b4        0x0 ./ta_entry_a32.o
 .text          0x00000000000067b4        0x0 /home/reds/soo/optee_os/out/arm-plat-vexpress/export-ta_arm32/lib/libutils.a(arm32_aeabi_ldivmod_a32.o)
 *fill*         0x00000000000067b4        0x4 
 .text.__stub   0x00000000000067b8       0x40 linker stubs
 *(SORT_BY_ALIGNMENT(.stub))
 *(SORT_BY_ALIGNMENT(.glue_7))
 .glue_7        0x00000000000067f8        0x0 linker stubs
 *(SORT_BY_ALIGNMENT(.glue_7t))
 .glue_7t       0x00000000000067f8        0x0 linker stubs
 *(SORT_BY_ALIGNMENT(.gnu.linkonce.t.*))
 *(SORT_BY_ALIGNMENT(.vfp11_veneer))
 .vfp11_veneer  0x00000000000067f8        0x0 linker stubs
                0x00000000000067f8                __text_end = .

.v4_bx          0x00000000000067f8        0x0
 .v4_bx         0x00000000000067f8        0x0 linker stubs

.iplt           0x00000000000067f8        0x0
 .iplt          0x00000000000067f8        0x0 ./hello_world_ta.o

.plt            0x00000000000067f8        0x0
 *(SORT_BY_ALIGNMENT(.plt))
 .plt           0x00000000000067f8        0x0 ./hello_world_ta.o

.eh_frame_hdr
 *(SORT_BY_ALIGNMENT(.eh_frame_hdr))
 *(SORT_BY_ALIGNMENT(.eh_frame_entry) SORT_BY_ALIGNMENT(.eh_frame_entry.*))

.eh_frame
 *(SORT_BY_ALIGNMENT(.eh_frame))
 *(SORT_BY_ALIGNMENT(.eh_frame.*))

.gcc_except_table
 *(SORT_BY_ALIGNMENT(.gcc_except_table) SORT_BY_ALIGNMENT(.gcc_except_table.*))

.rodata         0x00000000000067f8     0x1115
 *(SORT_BY_ALIGNMENT(.gnu.linkonce.r.*))
 *(SORT_BY_ALIGNMENT(.rodata) SORT_BY_ALIGNMENT(.rodata.*))
 .rodata.user_ta_header.c
                0x00000000000067f8       0x1b ./user_ta_header.o
                0x00000000000067f8                ta_num_props
                0x000000000000680c                ta_heap_size
                0x0000000000006810                trace_ext_prefix
 *fill*         0x0000000000006813        0x1 
 .rodata.lib/libutee/tee_system_pta.c
                0x0000000000006814       0x31 /home/reds/soo/optee_os/out/arm-plat-vexpress/export-ta_arm32/lib/libutee.a(tee_system_pta.o)
 *fill*         0x0000000000006845        0x3 
 .rodata.lib/libmbedtls/mbedtls/library/bignum.c
                0x0000000000006848      0x2c4 /home/reds/soo/optee_os/out/arm-plat-vexpress/export-ta_arm32/lib/libmbedtls.a(bignum.o)
 .rodata.str1.1.hello_world_ta.c
                0x0000000000006b0c       0x6a ./hello_world_ta.o
 .rodata.hello_world_ta.c
                0x0000000000006b76       0x70 ./hello_world_ta.o
 .rodata.str1.1.user_ta_header.c
                0x0000000000006be6      0x128 ./user_ta_header.o
 .rodata.lib/libutils/ext/trace.c
                0x0000000000006d0e        0x5 /home/reds/soo/optee_os/out/arm-plat-vexpress/export-ta_arm32/lib/libutils.a(trace.o)
 .rodata.str1.1.lib/libutils/ext/trace.c
                0x0000000000006d13       0x1a /home/reds/soo/optee_os/out/arm-plat-vexpress/export-ta_arm32/lib/libutils.a(trace.o)
                                         0x1b (size before relaxing)
 .rodata.lib/libutils/ext/snprintk.c
                0x0000000000006d2d       0x22 /home/reds/soo/optee_os/out/arm-plat-vexpress/export-ta_arm32/lib/libutils.a(snprintk.o)
 .rodata.str1.1.lib/libutils/ext/snprintk.c
                0x0000000000006d4f       0x38 /home/reds/soo/optee_os/out/arm-plat-vexpress/export-ta_arm32/lib/libutils.a(snprintk.o)
 .rodata.str1.1.lib/libutee/trace_ext.c
                0x0000000000006d87       0x38 /home/reds/soo/optee_os/out/arm-plat-vexpress/export-ta_arm32/lib/libutee.a(trace_ext.o)
                                          0x2 (size before relaxing)
 .rodata.lib/libutee/arch/arm/user_ta_entry.c
                0x0000000000006d87       0x16 /home/reds/soo/optee_os/out/arm-plat-vexpress/export-ta_arm32/lib/libutee.a(user_ta_entry.o)
 .rodata.str1.1.lib/libutee/arch/arm/user_ta_entry.c
                0x0000000000006d9d       0x19 /home/reds/soo/optee_os/out/arm-plat-vexpress/export-ta_arm32/lib/libutee.a(user_ta_entry.o)
 .rodata.str1.1.lib/libutee/abort.c
                0x0000000000006db6        0x7 /home/reds/soo/optee_os/out/arm-plat-vexpress/export-ta_arm32/lib/libutee.a(abort.o)
 .rodata.lib/libutee/tee_api.c
                0x0000000000006dbd        0xb /home/reds/soo/optee_os/out/arm-plat-vexpress/export-ta_arm32/lib/libutee.a(tee_api.o)
 .rodata.str1.1.lib/libutee/tee_api.c
                0x0000000000006dc8       0x11 /home/reds/soo/optee_os/out/arm-plat-vexpress/export-ta_arm32/lib/libutee.a(tee_api.o)
 .rodata.lib/libutee/tee_api_arith_mpi.c
                0x0000000000006dd9      0x13d /home/reds/soo/optee_os/out/arm-plat-vexpress/export-ta_arm32/lib/libutee.a(tee_api_arith_mpi.o)
 .rodata.str1.1.lib/libutee/tee_api_arith_mpi.c
                0x0000000000006f16       0xb7 /home/reds/soo/optee_os/out/arm-plat-vexpress/export-ta_arm32/lib/libutee.a(tee_api_arith_mpi.o)
 .rodata.str1.1.lib/libutee/tee_system_pta.c
                0x0000000000006fcd       0x55 /home/reds/soo/optee_os/out/arm-plat-vexpress/export-ta_arm32/lib/libutee.a(tee_system_pta.o)
 .rodata.lib/libutee/arch/arm/tcb.c
                0x0000000000007022       0x20 /home/reds/soo/optee_os/out/arm-plat-vexpress/export-ta_arm32/lib/libutee.a(tcb.o)
 .rodata.str1.1.lib/libutee/arch/arm/tcb.c
                0x0000000000007042       0x96 /home/reds/soo/optee_os/out/arm-plat-vexpress/export-ta_arm32/lib/libutee.a(tcb.o)
 .rodata.str1.1.lib/libutee/assert.c
                0x00000000000070d8       0x27 /home/reds/soo/optee_os/out/arm-plat-vexpress/export-ta_arm32/lib/libutee.a(assert.o)
 .rodata.str1.1.lib/libmbedtls/mbedtls/library/bignum.c
                0x00000000000070ff      0x456 /home/reds/soo/optee_os/out/arm-plat-vexpress/export-ta_arm32/lib/libmbedtls.a(bignum.o)
                                        0x45d (size before relaxing)
 .rodata.lib/libutils/isoc/bget_malloc.c
                0x0000000000007555       0x58 /home/reds/soo/optee_os/out/arm-plat-vexpress/export-ta_arm32/lib/libutils.a(bget_malloc.o)
 .rodata.str1.1.lib/libutils/isoc/bget_malloc.c
                0x00000000000075ad      0x2c5 /home/reds/soo/optee_os/out/arm-plat-vexpress/export-ta_arm32/lib/libutils.a(bget_malloc.o)
                                        0x2ce (size before relaxing)
 .rodata.lib/libutils/ext/mempool.c
                0x0000000000007872       0x21 /home/reds/soo/optee_os/out/arm-plat-vexpress/export-ta_arm32/lib/libutils.a(mempool.o)
 .rodata.str1.1.lib/libutils/ext/mempool.c
                0x0000000000007893       0x7a /home/reds/soo/optee_os/out/arm-plat-vexpress/export-ta_arm32/lib/libutils.a(mempool.o)

.gnu.version_d  0x0000000000007910        0x0
 .gnu.version_d
                0x0000000000007910        0x0 ./hello_world_ta.o

.gnu.version    0x000000000000790e        0x0
 .gnu.version   0x000000000000790e        0x0 ./hello_world_ta.o

.gnu.version_r  0x0000000000007910        0x0
 .gnu.version_r
                0x0000000000007910        0x0 ./hello_world_ta.o

.gnu.hash       0x0000000000007910       0x2c
 .gnu.hash      0x0000000000007910       0x2c ./hello_world_ta.o

.ARM.extab      0x000000000000793c       0xf0
 *(SORT_BY_ALIGNMENT(.ARM.extab*) SORT_BY_ALIGNMENT(.gnu.linkonce.armextab.*))
 .ARM.extab     0x000000000000793c        0xc ./user_ta_header.o
 .ARM.extab     0x0000000000007948        0xc /home/reds/soo/optee_os/out/arm-plat-vexpress/export-ta_arm32/lib/libutils.a(snprintk.o)
 .ARM.extab.text.__aeabi_ldivmod
                0x0000000000007954        0xc /home/reds/soo/optee_os/out/arm-plat-vexpress/export-ta_arm32/lib/libutils.a(arm32_aeabi_ldivmod_a32.o)
 .ARM.extab.text.__aeabi_uldivmod
                0x0000000000007960        0xc /home/reds/soo/optee_os/out/arm-plat-vexpress/export-ta_arm32/lib/libutils.a(arm32_aeabi_ldivmod_a32.o)
 .ARM.extab     0x000000000000796c        0xc /home/reds/soo/optee_os/out/arm-plat-vexpress/export-ta_arm32/lib/libutee.a(trace_ext.o)
 .ARM.extab.text._utee_panic
                0x0000000000007978        0xc /home/reds/soo/optee_os/out/arm-plat-vexpress/export-ta_arm32/lib/libutee.a(utee_syscalls_a32.o)
 .ARM.extab     0x0000000000007984        0xc /home/reds/soo/optee_os/out/arm-plat-vexpress/export-ta_arm32/lib/libutee.a(abort.o)
 .ARM.extab     0x0000000000007990       0x24 /home/reds/soo/optee_os/out/arm-plat-vexpress/export-ta_arm32/lib/libutee.a(tee_api.o)
 .ARM.extab.text.unlikely
                0x00000000000079b4        0xc /home/reds/soo/optee_os/out/arm-plat-vexpress/export-ta_arm32/lib/libutee.a(tee_api_arith_mpi.o)
 .ARM.extab     0x00000000000079c0       0x24 /home/reds/soo/optee_os/out/arm-plat-vexpress/export-ta_arm32/lib/libutee.a(tee_api_arith_mpi.o)
 .ARM.extab     0x00000000000079e4       0x24 /home/reds/soo/optee_os/out/arm-plat-vexpress/export-ta_arm32/lib/libutee.a(tee_api_panic.o)
 .ARM.extab     0x0000000000007a08        0xc /home/reds/soo/optee_os/out/arm-plat-vexpress/export-ta_arm32/lib/libutee.a(assert.o)
 .ARM.extab     0x0000000000007a14        0xc /home/reds/soo/optee_os/out/arm-plat-vexpress/export-ta_arm32/lib/libmbedtls.a(bignum.o)
 .ARM.extab     0x0000000000007a20        0xc /home/reds/soo/optee_os/out/arm-plat-vexpress/export-ta_arm32/lib/libutils.a(snprintf.o)
 .ARM.extab     0x0000000000007a2c        0x0 ./hello_world_ta.o
 .ARM.extab.text.__ta_entry
                0x0000000000007a2c        0x0 ./ta_entry_a32.o
 .ARM.extab     0x0000000000007a2c        0x0 /home/reds/soo/optee_os/out/arm-plat-vexpress/export-ta_arm32/lib/libutils.a(trace.o)
 .ARM.extab     0x0000000000007a2c        0x0 /home/reds/soo/optee_os/out/arm-plat-vexpress/export-ta_arm32/lib/libutils.a(aeabi_unwind.o)
 .ARM.extab     0x0000000000007a2c        0x0 /home/reds/soo/optee_os/out/arm-plat-vexpress/export-ta_arm32/lib/libutils.a(memchr.o)
 .ARM.extab     0x0000000000007a2c        0x0 /home/reds/soo/optee_os/out/arm-plat-vexpress/export-ta_arm32/lib/libutils.a(strlen.o)
 .ARM.extab     0x0000000000007a2c        0x0 /home/reds/soo/optee_os/out/arm-plat-vexpress/export-ta_arm32/lib/libutils.a(arm32_aeabi_ldivmod.o)
 .ARM.extab.text._utee_return
                0x0000000000007a2c        0x0 /home/reds/soo/optee_os/out/arm-plat-vexpress/export-ta_arm32/lib/libutee.a(utee_syscalls_a32.o)
 .ARM.extab.text._utee_log
                0x0000000000007a2c        0x0 /home/reds/soo/optee_os/out/arm-plat-vexpress/export-ta_arm32/lib/libutee.a(utee_syscalls_a32.o)
 .ARM.extab.text.__utee_panic
                0x0000000000007a2c        0x0 /home/reds/soo/optee_os/out/arm-plat-vexpress/export-ta_arm32/lib/libutee.a(utee_syscalls_a32.o)
 .ARM.extab.text._utee_get_property
                0x0000000000007a2c        0x0 /home/reds/soo/optee_os/out/arm-plat-vexpress/export-ta_arm32/lib/libutee.a(utee_syscalls_a32.o)
 .ARM.extab.text._utee_get_property_name_to_index
                0x0000000000007a2c        0x0 /home/reds/soo/optee_os/out/arm-plat-vexpress/export-ta_arm32/lib/libutee.a(utee_syscalls_a32.o)
 .ARM.extab.text._utee_open_ta_session
                0x0000000000007a2c        0x0 /home/reds/soo/optee_os/out/arm-plat-vexpress/export-ta_arm32/lib/libutee.a(utee_syscalls_a32.o)
 .ARM.extab.text._utee_close_ta_session
                0x0000000000007a2c        0x0 /home/reds/soo/optee_os/out/arm-plat-vexpress/export-ta_arm32/lib/libutee.a(utee_syscalls_a32.o)
 .ARM.extab.text._utee_invoke_ta_command
                0x0000000000007a2c        0x0 /home/reds/soo/optee_os/out/arm-plat-vexpress/export-ta_arm32/lib/libutee.a(utee_syscalls_a32.o)
 .ARM.extab.text._utee_get_cancellation_flag
                0x0000000000007a2c        0x0 /home/reds/soo/optee_os/out/arm-plat-vexpress/export-ta_arm32/lib/libutee.a(utee_syscalls_a32.o)
 .ARM.extab.text._utee_check_access_rights
                0x0000000000007a2c        0x0 /home/reds/soo/optee_os/out/arm-plat-vexpress/export-ta_arm32/lib/libutee.a(utee_syscalls_a32.o)
 .ARM.extab.text._utee_unmask_cancellation
                0x0000000000007a2c        0x0 /home/reds/soo/optee_os/out/arm-plat-vexpress/export-ta_arm32/lib/libutee.a(utee_syscalls_a32.o)
 .ARM.extab.text._utee_mask_cancellation
                0x0000000000007a2c        0x0 /home/reds/soo/optee_os/out/arm-plat-vexpress/export-ta_arm32/lib/libutee.a(utee_syscalls_a32.o)
 .ARM.extab.text._utee_wait
                0x0000000000007a2c        0x0 /home/reds/soo/optee_os/out/arm-plat-vexpress/export-ta_arm32/lib/libutee.a(utee_syscalls_a32.o)
 .ARM.extab.text._utee_get_time
                0x0000000000007a2c        0x0 /home/reds/soo/optee_os/out/arm-plat-vexpress/export-ta_arm32/lib/libutee.a(utee_syscalls_a32.o)
 .ARM.extab.text._utee_set_ta_time
                0x0000000000007a2c        0x0 /home/reds/soo/optee_os/out/arm-plat-vexpress/export-ta_arm32/lib/libutee.a(utee_syscalls_a32.o)
 .ARM.extab.text._utee_cryp_state_alloc
                0x0000000000007a2c        0x0 /home/reds/soo/optee_os/out/arm-plat-vexpress/export-ta_arm32/lib/libutee.a(utee_syscalls_a32.o)
 .ARM.extab.text._utee_cryp_state_copy
                0x0000000000007a2c        0x0 /home/reds/soo/optee_os/out/arm-plat-vexpress/export-ta_arm32/lib/libutee.a(utee_syscalls_a32.o)
 .ARM.extab.text._utee_cryp_state_free
                0x0000000000007a2c        0x0 /home/reds/soo/optee_os/out/arm-plat-vexpress/export-ta_arm32/lib/libutee.a(utee_syscalls_a32.o)
 .ARM.extab.text._utee_hash_init
                0x0000000000007a2c        0x0 /home/reds/soo/optee_os/out/arm-plat-vexpress/export-ta_arm32/lib/libutee.a(utee_syscalls_a32.o)
 .ARM.extab.text._utee_hash_update
                0x0000000000007a2c        0x0 /home/reds/soo/optee_os/out/arm-plat-vexpress/export-ta_arm32/lib/libutee.a(utee_syscalls_a32.o)
 .ARM.extab.text._utee_hash_final
                0x0000000000007a2c        0x0 /home/reds/soo/optee_os/out/arm-plat-vexpress/export-ta_arm32/lib/libutee.a(utee_syscalls_a32.o)
 .ARM.extab.text._utee_cipher_init
                0x0000000000007a2c        0x0 /home/reds/soo/optee_os/out/arm-plat-vexpress/export-ta_arm32/lib/libutee.a(utee_syscalls_a32.o)
 .ARM.extab.text._utee_cipher_update
                0x0000000000007a2c        0x0 /home/reds/soo/optee_os/out/arm-plat-vexpress/export-ta_arm32/lib/libutee.a(utee_syscalls_a32.o)
 .ARM.extab.text._utee_cipher_final
                0x0000000000007a2c        0x0 /home/reds/soo/optee_os/out/arm-plat-vexpress/export-ta_arm32/lib/libutee.a(utee_syscalls_a32.o)
 .ARM.extab.text._utee_cryp_obj_get_info
                0x0000000000007a2c        0x0 /home/reds/soo/optee_os/out/arm-plat-vexpress/export-ta_arm32/lib/libutee.a(utee_syscalls_a32.o)
 .ARM.extab.text._utee_cryp_obj_restrict_usage
                0x0000000000007a2c        0x0 /home/reds/soo/optee_os/out/arm-plat-vexpress/export-ta_arm32/lib/libutee.a(utee_syscalls_a32.o)
 .ARM.extab.text._utee_cryp_obj_get_attr
                0x0000000000007a2c        0x0 /home/reds/soo/optee_os/out/arm-plat-vexpress/export-ta_arm32/lib/libutee.a(utee_syscalls_a32.o)
 .ARM.extab.text._utee_cryp_obj_alloc
                0x0000000000007a2c        0x0 /home/reds/soo/optee_os/out/arm-plat-vexpress/export-ta_arm32/lib/libutee.a(utee_syscalls_a32.o)
 .ARM.extab.text._utee_cryp_obj_close
                0x0000000000007a2c        0x0 /home/reds/soo/optee_os/out/arm-plat-vexpress/export-ta_arm32/lib/libutee.a(utee_syscalls_a32.o)
 .ARM.extab.text._utee_cryp_obj_reset
                0x0000000000007a2c        0x0 /home/reds/soo/optee_os/out/arm-plat-vexpress/export-ta_arm32/lib/libutee.a(utee_syscalls_a32.o)
 .ARM.extab.text._utee_cryp_obj_populate
                0x0000000000007a2c        0x0 /home/reds/soo/optee_os/out/arm-plat-vexpress/export-ta_arm32/lib/libutee.a(utee_syscalls_a32.o)
 .ARM.extab.text._utee_cryp_obj_copy
                0x0000000000007a2c        0x0 /home/reds/soo/optee_os/out/arm-plat-vexpress/export-ta_arm32/lib/libutee.a(utee_syscalls_a32.o)
 .ARM.extab.text._utee_cryp_derive_key
                0x0000000000007a2c        0x0 /home/reds/soo/optee_os/out/arm-plat-vexpress/export-ta_arm32/lib/libutee.a(utee_syscalls_a32.o)
 .ARM.extab.text._utee_cryp_random_number_generate
                0x0000000000007a2c        0x0 /home/reds/soo/optee_os/out/arm-plat-vexpress/export-ta_arm32/lib/libutee.a(utee_syscalls_a32.o)
 .ARM.extab.text._utee_authenc_init
                0x0000000000007a2c        0x0 /home/reds/soo/optee_os/out/arm-plat-vexpress/export-ta_arm32/lib/libutee.a(utee_syscalls_a32.o)
 .ARM.extab.text._utee_authenc_update_aad
                0x0000000000007a2c        0x0 /home/reds/soo/optee_os/out/arm-plat-vexpress/export-ta_arm32/lib/libutee.a(utee_syscalls_a32.o)
 .ARM.extab.text._utee_authenc_update_payload
                0x0000000000007a2c        0x0 /home/reds/soo/optee_os/out/arm-plat-vexpress/export-ta_arm32/lib/libutee.a(utee_syscalls_a32.o)
 .ARM.extab.text._utee_authenc_enc_final
                0x0000000000007a2c        0x0 /home/reds/soo/optee_os/out/arm-plat-vexpress/export-ta_arm32/lib/libutee.a(utee_syscalls_a32.o)
 .ARM.extab.text._utee_authenc_dec_final
                0x0000000000007a2c        0x0 /home/reds/soo/optee_os/out/arm-plat-vexpress/export-ta_arm32/lib/libutee.a(utee_syscalls_a32.o)
 .ARM.extab.text._utee_asymm_operate
                0x0000000000007a2c        0x0 /home/reds/soo/optee_os/out/arm-plat-vexpress/export-ta_arm32/lib/libutee.a(utee_syscalls_a32.o)
 .ARM.extab.text._utee_asymm_verify
                0x0000000000007a2c        0x0 /home/reds/soo/optee_os/out/arm-plat-vexpress/export-ta_arm32/lib/libutee.a(utee_syscalls_a32.o)
 .ARM.extab.text._utee_storage_obj_open
                0x0000000000007a2c        0x0 /home/reds/soo/optee_os/out/arm-plat-vexpress/export-ta_arm32/lib/libutee.a(utee_syscalls_a32.o)
 .ARM.extab.text._utee_storage_obj_create
                0x0000000000007a2c        0x0 /home/reds/soo/optee_os/out/arm-plat-vexpress/export-ta_arm32/lib/libutee.a(utee_syscalls_a32.o)
 .ARM.extab.text._utee_storage_obj_del
                0x0000000000007a2c        0x0 /home/reds/soo/optee_os/out/arm-plat-vexpress/export-ta_arm32/lib/libutee.a(utee_syscalls_a32.o)
 .ARM.extab.text._utee_storage_obj_rename
                0x0000000000007a2c        0x0 /home/reds/soo/optee_os/out/arm-plat-vexpress/export-ta_arm32/lib/libutee.a(utee_syscalls_a32.o)
 .ARM.extab.text._utee_storage_alloc_enum
                0x0000000000007a2c        0x0 /home/reds/soo/optee_os/out/arm-plat-vexpress/export-ta_arm32/lib/libutee.a(utee_syscalls_a32.o)
 .ARM.extab.text._utee_storage_free_enum
                0x0000000000007a2c        0x0 /home/reds/soo/optee_os/out/arm-plat-vexpress/export-ta_arm32/lib/libutee.a(utee_syscalls_a32.o)
 .ARM.extab.text._utee_storage_reset_enum
                0x0000000000007a2c        0x0 /home/reds/soo/optee_os/out/arm-plat-vexpress/export-ta_arm32/lib/libutee.a(utee_syscalls_a32.o)
 .ARM.extab.text._utee_storage_start_enum
                0x0000000000007a2c        0x0 /home/reds/soo/optee_os/out/arm-plat-vexpress/export-ta_arm32/lib/libutee.a(utee_syscalls_a32.o)
 .ARM.extab.text._utee_storage_next_enum
                0x0000000000007a2c        0x0 /home/reds/soo/optee_os/out/arm-plat-vexpress/export-ta_arm32/lib/libutee.a(utee_syscalls_a32.o)
 .ARM.extab.text._utee_storage_obj_read
                0x0000000000007a2c        0x0 /home/reds/soo/optee_os/out/arm-plat-vexpress/export-ta_arm32/lib/libutee.a(utee_syscalls_a32.o)
 .ARM.extab.text._utee_storage_obj_write
                0x0000000000007a2c        0x0 /home/reds/soo/optee_os/out/arm-plat-vexpress/export-ta_arm32/lib/libutee.a(utee_syscalls_a32.o)
 .ARM.extab.text._utee_storage_obj_trunc
                0x0000000000007a2c        0x0 /home/reds/soo/optee_os/out/arm-plat-vexpress/export-ta_arm32/lib/libutee.a(utee_syscalls_a32.o)
 .ARM.extab.text._utee_storage_obj_seek
                0x0000000000007a2c        0x0 /home/reds/soo/optee_os/out/arm-plat-vexpress/export-ta_arm32/lib/libutee.a(utee_syscalls_a32.o)
 .ARM.extab.text._utee_cryp_obj_generate_key
                0x0000000000007a2c        0x0 /home/reds/soo/optee_os/out/arm-plat-vexpress/export-ta_arm32/lib/libutee.a(utee_syscalls_a32.o)
 .ARM.extab.text._utee_cache_operation
                0x0000000000007a2c        0x0 /home/reds/soo/optee_os/out/arm-plat-vexpress/export-ta_arm32/lib/libutee.a(utee_syscalls_a32.o)
 .ARM.extab     0x0000000000007a2c        0x0 /home/reds/soo/optee_os/out/arm-plat-vexpress/export-ta_arm32/lib/libutee.a(user_ta_entry.o)
 .ARM.extab     0x0000000000007a2c        0x0 /home/reds/soo/optee_os/out/arm-plat-vexpress/export-ta_arm32/lib/libutee.a(tee_system_pta.o)
 .ARM.extab     0x0000000000007a2c        0x0 /home/reds/soo/optee_os/out/arm-plat-vexpress/export-ta_arm32/lib/libutee.a(tcb.o)
 .ARM.extab     0x0000000000007a2c        0x0 /home/reds/soo/optee_os/out/arm-plat-vexpress/export-ta_arm32/lib/libmbedtls.a(platform_util.o)
 .ARM.extab     0x0000000000007a2c        0x0 /home/reds/soo/optee_os/out/arm-plat-vexpress/export-ta_arm32/lib/libutils.a(bget_malloc.o)
 .ARM.extab     0x0000000000007a2c        0x0 /home/reds/soo/optee_os/out/arm-plat-vexpress/export-ta_arm32/lib/libutils.a(memcpy.o)
 .ARM.extab     0x0000000000007a2c        0x0 /home/reds/soo/optee_os/out/arm-plat-vexpress/export-ta_arm32/lib/libutils.a(memmove.o)
 .ARM.extab     0x0000000000007a2c        0x0 /home/reds/soo/optee_os/out/arm-plat-vexpress/export-ta_arm32/lib/libutils.a(memset.o)
 .ARM.extab     0x0000000000007a2c        0x0 /home/reds/soo/optee_os/out/arm-plat-vexpress/export-ta_arm32/lib/libutils.a(mempool.o)
 .ARM.extab     0x0000000000007a2c        0x0 /home/reds/soo/optee_os/out/arm-plat-vexpress/export-ta_arm32/lib/libutils.a(consttime_memcmp.o)
                [!provide]                        PROVIDE (__exidx_start = .)

.ARM.exidx      0x0000000000007a2c      0x598
 *(SORT_BY_ALIGNMENT(.ARM.exidx*) SORT_BY_ALIGNMENT(.gnu.linkonce.armexidx.*))
 .ARM.exidx     0x0000000000007a2c       0x20 ./hello_world_ta.o
                                         0x28 (size before relaxing)
 .ARM.exidx     0x0000000000007f6c       0x10 ./user_ta_header.o
 .ARM.exidx.text.__ta_entry
                0x0000000000007a4c        0x8 ./ta_entry_a32.o
 .ARM.exidx     0x0000000000007a54       0x20 /home/reds/soo/optee_os/out/arm-plat-vexpress/export-ta_arm32/lib/libutils.a(trace.o)
                                         0x28 (size before relaxing)
 .ARM.exidx     0x0000000000007f7c        0x0 /home/reds/soo/optee_os/out/arm-plat-vexpress/export-ta_arm32/lib/libutils.a(aeabi_unwind.o)
                                         0x18 (size before relaxing)
 .ARM.exidx     0x0000000000007a74       0x28 /home/reds/soo/optee_os/out/arm-plat-vexpress/export-ta_arm32/lib/libutils.a(snprintk.o)
 .ARM.exidx     0x0000000000007f7c        0x8 /home/reds/soo/optee_os/out/arm-plat-vexpress/export-ta_arm32/lib/libutils.a(memchr.o)
 .ARM.exidx     0x0000000000007f84        0x8 /home/reds/soo/optee_os/out/arm-plat-vexpress/export-ta_arm32/lib/libutils.a(strlen.o)
 .ARM.exidx.text.__aeabi_ldivmod
                0x0000000000007a9c        0x8 /home/reds/soo/optee_os/out/arm-plat-vexpress/export-ta_arm32/lib/libutils.a(arm32_aeabi_ldivmod_a32.o)
 .ARM.exidx.text.__aeabi_uldivmod
                0x0000000000007aa4        0x8 /home/reds/soo/optee_os/out/arm-plat-vexpress/export-ta_arm32/lib/libutils.a(arm32_aeabi_ldivmod_a32.o)
 .ARM.exidx     0x0000000000007f8c        0x8 /home/reds/soo/optee_os/out/arm-plat-vexpress/export-ta_arm32/lib/libutils.a(arm32_aeabi_ldivmod.o)
                                         0x10 (size before relaxing)
 .ARM.exidx     0x0000000000007aac       0x28 /home/reds/soo/optee_os/out/arm-plat-vexpress/export-ta_arm32/lib/libutee.a(trace_ext.o)
 .ARM.exidx.text._utee_panic
                0x0000000000007ad4        0x8 /home/reds/soo/optee_os/out/arm-plat-vexpress/export-ta_arm32/lib/libutee.a(utee_syscalls_a32.o)
 .ARM.exidx.text._utee_return
                0x0000000000007adc        0x8 /home/reds/soo/optee_os/out/arm-plat-vexpress/export-ta_arm32/lib/libutee.a(utee_syscalls_a32.o)
 .ARM.exidx.text._utee_log
                0x0000000000007ae4        0x0 /home/reds/soo/optee_os/out/arm-plat-vexpress/export-ta_arm32/lib/libutee.a(utee_syscalls_a32.o)
                                          0x8 (size before relaxing)
 .ARM.exidx.text.__utee_panic
                0x0000000000007ae4        0x0 /home/reds/soo/optee_os/out/arm-plat-vexpress/export-ta_arm32/lib/libutee.a(utee_syscalls_a32.o)
                                          0x8 (size before relaxing)
 .ARM.exidx.text._utee_get_property
                0x0000000000007ae4        0x0 /home/reds/soo/optee_os/out/arm-plat-vexpress/export-ta_arm32/lib/libutee.a(utee_syscalls_a32.o)
                                          0x8 (size before relaxing)
 .ARM.exidx.text._utee_get_property_name_to_index
                0x0000000000007ae4        0x0 /home/reds/soo/optee_os/out/arm-plat-vexpress/export-ta_arm32/lib/libutee.a(utee_syscalls_a32.o)
                                          0x8 (size before relaxing)
 .ARM.exidx.text._utee_open_ta_session
                0x0000000000007ae4        0x0 /home/reds/soo/optee_os/out/arm-plat-vexpress/export-ta_arm32/lib/libutee.a(utee_syscalls_a32.o)
                                          0x8 (size before relaxing)
 .ARM.exidx.text._utee_close_ta_session
                0x0000000000007ae4        0x0 /home/reds/soo/optee_os/out/arm-plat-vexpress/export-ta_arm32/lib/libutee.a(utee_syscalls_a32.o)
                                          0x8 (size before relaxing)
 .ARM.exidx.text._utee_invoke_ta_command
                0x0000000000007ae4        0x0 /home/reds/soo/optee_os/out/arm-plat-vexpress/export-ta_arm32/lib/libutee.a(utee_syscalls_a32.o)
                                          0x8 (size before relaxing)
 .ARM.exidx.text._utee_get_cancellation_flag
                0x0000000000007ae4        0x0 /home/reds/soo/optee_os/out/arm-plat-vexpress/export-ta_arm32/lib/libutee.a(utee_syscalls_a32.o)
                                          0x8 (size before relaxing)
 .ARM.exidx.text._utee_check_access_rights
                0x0000000000007ae4        0x0 /home/reds/soo/optee_os/out/arm-plat-vexpress/export-ta_arm32/lib/libutee.a(utee_syscalls_a32.o)
                                          0x8 (size before relaxing)
 .ARM.exidx.text._utee_unmask_cancellation
                0x0000000000007ae4        0x0 /home/reds/soo/optee_os/out/arm-plat-vexpress/export-ta_arm32/lib/libutee.a(utee_syscalls_a32.o)
                                          0x8 (size before relaxing)
 .ARM.exidx.text._utee_mask_cancellation
                0x0000000000007ae4        0x0 /home/reds/soo/optee_os/out/arm-plat-vexpress/export-ta_arm32/lib/libutee.a(utee_syscalls_a32.o)
                                          0x8 (size before relaxing)
 .ARM.exidx.text._utee_wait
                0x0000000000007ae4        0x0 /home/reds/soo/optee_os/out/arm-plat-vexpress/export-ta_arm32/lib/libutee.a(utee_syscalls_a32.o)
                                          0x8 (size before relaxing)
 .ARM.exidx.text._utee_get_time
                0x0000000000007ae4        0x0 /home/reds/soo/optee_os/out/arm-plat-vexpress/export-ta_arm32/lib/libutee.a(utee_syscalls_a32.o)
                                          0x8 (size before relaxing)
 .ARM.exidx.text._utee_set_ta_time
                0x0000000000007ae4        0x0 /home/reds/soo/optee_os/out/arm-plat-vexpress/export-ta_arm32/lib/libutee.a(utee_syscalls_a32.o)
                                          0x8 (size before relaxing)
 .ARM.exidx.text._utee_cryp_state_alloc
                0x0000000000007ae4        0x0 /home/reds/soo/optee_os/out/arm-plat-vexpress/export-ta_arm32/lib/libutee.a(utee_syscalls_a32.o)
                                          0x8 (size before relaxing)
 .ARM.exidx.text._utee_cryp_state_copy
                0x0000000000007ae4        0x0 /home/reds/soo/optee_os/out/arm-plat-vexpress/export-ta_arm32/lib/libutee.a(utee_syscalls_a32.o)
                                          0x8 (size before relaxing)
 .ARM.exidx.text._utee_cryp_state_free
                0x0000000000007ae4        0x0 /home/reds/soo/optee_os/out/arm-plat-vexpress/export-ta_arm32/lib/libutee.a(utee_syscalls_a32.o)
                                          0x8 (size before relaxing)
 .ARM.exidx.text._utee_hash_init
                0x0000000000007ae4        0x0 /home/reds/soo/optee_os/out/arm-plat-vexpress/export-ta_arm32/lib/libutee.a(utee_syscalls_a32.o)
                                          0x8 (size before relaxing)
 .ARM.exidx.text._utee_hash_update
                0x0000000000007ae4        0x0 /home/reds/soo/optee_os/out/arm-plat-vexpress/export-ta_arm32/lib/libutee.a(utee_syscalls_a32.o)
                                          0x8 (size before relaxing)
 .ARM.exidx.text._utee_hash_final
                0x0000000000007ae4        0x0 /home/reds/soo/optee_os/out/arm-plat-vexpress/export-ta_arm32/lib/libutee.a(utee_syscalls_a32.o)
                                          0x8 (size before relaxing)
 .ARM.exidx.text._utee_cipher_init
                0x0000000000007ae4        0x0 /home/reds/soo/optee_os/out/arm-plat-vexpress/export-ta_arm32/lib/libutee.a(utee_syscalls_a32.o)
                                          0x8 (size before relaxing)
 .ARM.exidx.text._utee_cipher_update
                0x0000000000007ae4        0x0 /home/reds/soo/optee_os/out/arm-plat-vexpress/export-ta_arm32/lib/libutee.a(utee_syscalls_a32.o)
                                          0x8 (size before relaxing)
 .ARM.exidx.text._utee_cipher_final
                0x0000000000007ae4        0x0 /home/reds/soo/optee_os/out/arm-plat-vexpress/export-ta_arm32/lib/libutee.a(utee_syscalls_a32.o)
                                          0x8 (size before relaxing)
 .ARM.exidx.text._utee_cryp_obj_get_info
                0x0000000000007ae4        0x0 /home/reds/soo/optee_os/out/arm-plat-vexpress/export-ta_arm32/lib/libutee.a(utee_syscalls_a32.o)
                                          0x8 (size before relaxing)
 .ARM.exidx.text._utee_cryp_obj_restrict_usage
                0x0000000000007ae4        0x0 /home/reds/soo/optee_os/out/arm-plat-vexpress/export-ta_arm32/lib/libutee.a(utee_syscalls_a32.o)
                                          0x8 (size before relaxing)
 .ARM.exidx.text._utee_cryp_obj_get_attr
                0x0000000000007ae4        0x0 /home/reds/soo/optee_os/out/arm-plat-vexpress/export-ta_arm32/lib/libutee.a(utee_syscalls_a32.o)
                                          0x8 (size before relaxing)
 .ARM.exidx.text._utee_cryp_obj_alloc
                0x0000000000007ae4        0x0 /home/reds/soo/optee_os/out/arm-plat-vexpress/export-ta_arm32/lib/libutee.a(utee_syscalls_a32.o)
                                          0x8 (size before relaxing)
 .ARM.exidx.text._utee_cryp_obj_close
                0x0000000000007ae4        0x0 /home/reds/soo/optee_os/out/arm-plat-vexpress/export-ta_arm32/lib/libutee.a(utee_syscalls_a32.o)
                                          0x8 (size before relaxing)
 .ARM.exidx.text._utee_cryp_obj_reset
                0x0000000000007ae4        0x0 /home/reds/soo/optee_os/out/arm-plat-vexpress/export-ta_arm32/lib/libutee.a(utee_syscalls_a32.o)
                                          0x8 (size before relaxing)
 .ARM.exidx.text._utee_cryp_obj_populate
                0x0000000000007ae4        0x0 /home/reds/soo/optee_os/out/arm-plat-vexpress/export-ta_arm32/lib/libutee.a(utee_syscalls_a32.o)
                                          0x8 (size before relaxing)
 .ARM.exidx.text._utee_cryp_obj_copy
                0x0000000000007ae4        0x0 /home/reds/soo/optee_os/out/arm-plat-vexpress/export-ta_arm32/lib/libutee.a(utee_syscalls_a32.o)
                                          0x8 (size before relaxing)
 .ARM.exidx.text._utee_cryp_derive_key
                0x0000000000007ae4        0x0 /home/reds/soo/optee_os/out/arm-plat-vexpress/export-ta_arm32/lib/libutee.a(utee_syscalls_a32.o)
                                          0x8 (size before relaxing)
 .ARM.exidx.text._utee_cryp_random_number_generate
                0x0000000000007ae4        0x0 /home/reds/soo/optee_os/out/arm-plat-vexpress/export-ta_arm32/lib/libutee.a(utee_syscalls_a32.o)
                                          0x8 (size before relaxing)
 .ARM.exidx.text._utee_authenc_init
                0x0000000000007ae4        0x0 /home/reds/soo/optee_os/out/arm-plat-vexpress/export-ta_arm32/lib/libutee.a(utee_syscalls_a32.o)
                                          0x8 (size before relaxing)
 .ARM.exidx.text._utee_authenc_update_aad
                0x0000000000007ae4        0x0 /home/reds/soo/optee_os/out/arm-plat-vexpress/export-ta_arm32/lib/libutee.a(utee_syscalls_a32.o)
                                          0x8 (size before relaxing)
 .ARM.exidx.text._utee_authenc_update_payload
                0x0000000000007ae4        0x0 /home/reds/soo/optee_os/out/arm-plat-vexpress/export-ta_arm32/lib/libutee.a(utee_syscalls_a32.o)
                                          0x8 (size before relaxing)
 .ARM.exidx.text._utee_authenc_enc_final
                0x0000000000007ae4        0x0 /home/reds/soo/optee_os/out/arm-plat-vexpress/export-ta_arm32/lib/libutee.a(utee_syscalls_a32.o)
                                          0x8 (size before relaxing)
 .ARM.exidx.text._utee_authenc_dec_final
                0x0000000000007ae4        0x0 /home/reds/soo/optee_os/out/arm-plat-vexpress/export-ta_arm32/lib/libutee.a(utee_syscalls_a32.o)
                                          0x8 (size before relaxing)
 .ARM.exidx.text._utee_asymm_operate
                0x0000000000007ae4        0x0 /home/reds/soo/optee_os/out/arm-plat-vexpress/export-ta_arm32/lib/libutee.a(utee_syscalls_a32.o)
                                          0x8 (size before relaxing)
 .ARM.exidx.text._utee_asymm_verify
                0x0000000000007ae4        0x0 /home/reds/soo/optee_os/out/arm-plat-vexpress/export-ta_arm32/lib/libutee.a(utee_syscalls_a32.o)
                                          0x8 (size before relaxing)
 .ARM.exidx.text._utee_storage_obj_open
                0x0000000000007ae4        0x0 /home/reds/soo/optee_os/out/arm-plat-vexpress/export-ta_arm32/lib/libutee.a(utee_syscalls_a32.o)
                                          0x8 (size before relaxing)
 .ARM.exidx.text._utee_storage_obj_create
                0x0000000000007ae4        0x0 /home/reds/soo/optee_os/out/arm-plat-vexpress/export-ta_arm32/lib/libutee.a(utee_syscalls_a32.o)
                                          0x8 (size before relaxing)
 .ARM.exidx.text._utee_storage_obj_del
                0x0000000000007ae4        0x0 /home/reds/soo/optee_os/out/arm-plat-vexpress/export-ta_arm32/lib/libutee.a(utee_syscalls_a32.o)
                                          0x8 (size before relaxing)
 .ARM.exidx.text._utee_storage_obj_rename
                0x0000000000007ae4        0x0 /home/reds/soo/optee_os/out/arm-plat-vexpress/export-ta_arm32/lib/libutee.a(utee_syscalls_a32.o)
                                          0x8 (size before relaxing)
 .ARM.exidx.text._utee_storage_alloc_enum
                0x0000000000007ae4        0x0 /home/reds/soo/optee_os/out/arm-plat-vexpress/export-ta_arm32/lib/libutee.a(utee_syscalls_a32.o)
                                          0x8 (size before relaxing)
 .ARM.exidx.text._utee_storage_free_enum
                0x0000000000007ae4        0x0 /home/reds/soo/optee_os/out/arm-plat-vexpress/export-ta_arm32/lib/libutee.a(utee_syscalls_a32.o)
                                          0x8 (size before relaxing)
 .ARM.exidx.text._utee_storage_reset_enum
                0x0000000000007ae4        0x0 /home/reds/soo/optee_os/out/arm-plat-vexpress/export-ta_arm32/lib/libutee.a(utee_syscalls_a32.o)
                                          0x8 (size before relaxing)
 .ARM.exidx.text._utee_storage_start_enum
                0x0000000000007ae4        0x0 /home/reds/soo/optee_os/out/arm-plat-vexpress/export-ta_arm32/lib/libutee.a(utee_syscalls_a32.o)
                                          0x8 (size before relaxing)
 .ARM.exidx.text._utee_storage_next_enum
                0x0000000000007ae4        0x0 /home/reds/soo/optee_os/out/arm-plat-vexpress/export-ta_arm32/lib/libutee.a(utee_syscalls_a32.o)
                                          0x8 (size before relaxing)
 .ARM.exidx.text._utee_storage_obj_read
                0x0000000000007ae4        0x0 /home/reds/soo/optee_os/out/arm-plat-vexpress/export-ta_arm32/lib/libutee.a(utee_syscalls_a32.o)
                                          0x8 (size before relaxing)
 .ARM.exidx.text._utee_storage_obj_write
                0x0000000000007ae4        0x0 /home/reds/soo/optee_os/out/arm-plat-vexpress/export-ta_arm32/lib/libutee.a(utee_syscalls_a32.o)
                                          0x8 (size before relaxing)
 .ARM.exidx.text._utee_storage_obj_trunc
                0x0000000000007ae4        0x0 /home/reds/soo/optee_os/out/arm-plat-vexpress/export-ta_arm32/lib/libutee.a(utee_syscalls_a32.o)
                                          0x8 (size before relaxing)
 .ARM.exidx.text._utee_storage_obj_seek
                0x0000000000007ae4        0x0 /home/reds/soo/optee_os/out/arm-plat-vexpress/export-ta_arm32/lib/libutee.a(utee_syscalls_a32.o)
                                          0x8 (size before relaxing)
 .ARM.exidx.text._utee_cryp_obj_generate_key
                0x0000000000007ae4        0x0 /home/reds/soo/optee_os/out/arm-plat-vexpress/export-ta_arm32/lib/libutee.a(utee_syscalls_a32.o)
                                          0x8 (size before relaxing)
 .ARM.exidx.text._utee_cache_operation
                0x0000000000007ae4        0x0 /home/reds/soo/optee_os/out/arm-plat-vexpress/export-ta_arm32/lib/libutee.a(utee_syscalls_a32.o)
                                          0x8 (size before relaxing)
 .ARM.exidx     0x0000000000007ae4       0x48 /home/reds/soo/optee_os/out/arm-plat-vexpress/export-ta_arm32/lib/libutee.a(user_ta_entry.o)
                                         0x50 (size before relaxing)
 .ARM.exidx     0x0000000000007b2c        0x8 /home/reds/soo/optee_os/out/arm-plat-vexpress/export-ta_arm32/lib/libutee.a(abort.o)
 .ARM.exidx     0x0000000000007b34       0x70 /home/reds/soo/optee_os/out/arm-plat-vexpress/export-ta_arm32/lib/libutee.a(tee_api.o)
                                         0xc8 (size before relaxing)
 .ARM.exidx.text.unlikely
                0x0000000000007ca4        0x8 /home/reds/soo/optee_os/out/arm-plat-vexpress/export-ta_arm32/lib/libutee.a(tee_api_arith_mpi.o)
 .ARM.exidx     0x0000000000007ba4      0x100 /home/reds/soo/optee_os/out/arm-plat-vexpress/export-ta_arm32/lib/libutee.a(tee_api_arith_mpi.o)
                                        0x148 (size before relaxing)
 .ARM.exidx     0x0000000000007cac       0x40 /home/reds/soo/optee_os/out/arm-plat-vexpress/export-ta_arm32/lib/libutee.a(tee_api_panic.o)
                                         0x48 (size before relaxing)
 .ARM.exidx     0x0000000000007cec       0x20 /home/reds/soo/optee_os/out/arm-plat-vexpress/export-ta_arm32/lib/libutee.a(tee_system_pta.o)
 .ARM.exidx     0x0000000000007d0c       0x18 /home/reds/soo/optee_os/out/arm-plat-vexpress/export-ta_arm32/lib/libutee.a(tcb.o)
 .ARM.exidx     0x0000000000007d24       0x10 /home/reds/soo/optee_os/out/arm-plat-vexpress/export-ta_arm32/lib/libutee.a(assert.o)
 .ARM.exidx     0x0000000000007d34      0x188 /home/reds/soo/optee_os/out/arm-plat-vexpress/export-ta_arm32/lib/libmbedtls.a(bignum.o)
                                        0x1c0 (size before relaxing)
 .ARM.exidx     0x0000000000007ebc        0x8 /home/reds/soo/optee_os/out/arm-plat-vexpress/export-ta_arm32/lib/libmbedtls.a(platform_util.o)
 .ARM.exidx     0x0000000000007ec4       0x80 /home/reds/soo/optee_os/out/arm-plat-vexpress/export-ta_arm32/lib/libutils.a(bget_malloc.o)
                                         0x98 (size before relaxing)
 .ARM.exidx     0x0000000000007f94       0x10 /home/reds/soo/optee_os/out/arm-plat-vexpress/export-ta_arm32/lib/libutils.a(snprintf.o)
 .ARM.exidx     0x0000000000007f44        0x8 /home/reds/soo/optee_os/out/arm-plat-vexpress/export-ta_arm32/lib/libutils.a(memcpy.o)
 .ARM.exidx     0x0000000000007fa4        0x8 /home/reds/soo/optee_os/out/arm-plat-vexpress/export-ta_arm32/lib/libutils.a(memmove.o)
 .ARM.exidx     0x0000000000007fac        0x8 /home/reds/soo/optee_os/out/arm-plat-vexpress/export-ta_arm32/lib/libutils.a(memset.o)
 .ARM.exidx     0x0000000000007f4c       0x20 /home/reds/soo/optee_os/out/arm-plat-vexpress/export-ta_arm32/lib/libutils.a(mempool.o)
 .ARM.exidx     0x0000000000007fb4       0x10 /home/reds/soo/optee_os/out/arm-plat-vexpress/export-ta_arm32/lib/libutils.a(consttime_memcmp.o)
                                          0x8 (size before relaxing)
                [!provide]                        PROVIDE (__exidx_end = .)

.ctors
 *(SORT_BY_ALIGNMENT(.ctors))

.dtors
 *(SORT_BY_ALIGNMENT(.dtors))

.dynsym         0x0000000000007fc4       0x60
 *(SORT_BY_ALIGNMENT(.dynsym))
 .dynsym        0x0000000000007fc4       0x60 ./hello_world_ta.o

.dynstr         0x0000000000008024       0x2e
 *(SORT_BY_ALIGNMENT(.dynstr))
 .dynstr        0x0000000000008024       0x2e ./hello_world_ta.o

.hash           0x0000000000008054       0x2c
 *(SORT_BY_ALIGNMENT(.hash))
 .hash          0x0000000000008054       0x2c ./hello_world_ta.o
                0x0000000000009000                . = ALIGN (0x1000)

.dynamic        0x0000000000009000       0x88
 *(SORT_BY_ALIGNMENT(.dynamic))
 .dynamic       0x0000000000009000       0x88 ./hello_world_ta.o
                0x0000000000009000                _DYNAMIC

.tdata
 *(SORT_BY_ALIGNMENT(.tdata) SORT_BY_ALIGNMENT(.tdata.*) SORT_BY_ALIGNMENT(.gnu.linkonce.td.*))

.tbss
 *(SORT_BY_ALIGNMENT(.tbss) SORT_BY_ALIGNMENT(.tbss.*) SORT_BY_ALIGNMENT(.gnu.linkonce.tb.*))
 *(SORT_BY_ALIGNMENT(.tcommon))

.got            0x0000000000009088       0x40
 *(SORT_BY_ALIGNMENT(.got.plt))
 .got.plt       0x0000000000009088        0xc ./hello_world_ta.o
                0x0000000000009088                _GLOBAL_OFFSET_TABLE_
 *(SORT_BY_ALIGNMENT(.got))
 .got           0x0000000000009094       0x34 ./hello_world_ta.o

.rel.text
 *(SORT_BY_ALIGNMENT(.rel.text))
 *(SORT_BY_ALIGNMENT(.rel.gnu.linkonce.t*))

.rela.text
 *(SORT_BY_ALIGNMENT(.rela.text))
 *(SORT_BY_ALIGNMENT(.rela.gnu.linkonce.t*))

.rel.data
 *(SORT_BY_ALIGNMENT(.rel.data))
 *(SORT_BY_ALIGNMENT(.rel.gnu.linkonce.d*))

.rela.data
 *(SORT_BY_ALIGNMENT(.rela.data))
 *(SORT_BY_ALIGNMENT(.rela.gnu.linkonce.d*))

.rel.tdata
 *(SORT_BY_ALIGNMENT(.rel.tdata) SORT_BY_ALIGNMENT(.rel.tdata.*) SORT_BY_ALIGNMENT(.rel.gnu.linkonce.td.*))

.rela.tdata
 *(SORT_BY_ALIGNMENT(.rela.tdata) SORT_BY_ALIGNMENT(.rela.tdata.*) SORT_BY_ALIGNMENT(.rela.gnu.linkonce.td.*))

.rel.tbss
 *(SORT_BY_ALIGNMENT(.rel.tbss) SORT_BY_ALIGNMENT(.rel.tbss.*) SORT_BY_ALIGNMENT(.rel.gnu.linkonce.tb.*))

.rela.tbss
 *(SORT_BY_ALIGNMENT(.rela.tbss) SORT_BY_ALIGNMENT(.rela.tbss.*) SORT_BY_ALIGNMENT(.rela.gnu.linkonce.tb.*))

.rel.rodata
 *(SORT_BY_ALIGNMENT(.rel.rodata))
 *(SORT_BY_ALIGNMENT(.rel.gnu.linkonce.r*))

.rela.rodata
 *(SORT_BY_ALIGNMENT(.rela.rodata))
 *(SORT_BY_ALIGNMENT(.rela.gnu.linkonce.r*))

.rel.dyn        0x00000000000090c8       0xb8
 *(SORT_BY_ALIGNMENT(.rel.dyn))
 .rel.data.rel.ro
                0x00000000000090c8        0x0 ./hello_world_ta.o
 .rel.iplt      0x00000000000090c8        0x0 ./hello_world_ta.o
 .rel.data.rel.ro.local
                0x00000000000090c8       0x90 ./hello_world_ta.o
 .rel.data.rel.local
                0x0000000000009158       0x20 ./hello_world_ta.o
 .rel.data.rel  0x0000000000009178        0x8 ./hello_world_ta.o

.rel.got        0x0000000000009180       0x68
 *(SORT_BY_ALIGNMENT(.rel.got))
 .rel.got       0x0000000000009180       0x68 ./hello_world_ta.o

.rela.got
 *(SORT_BY_ALIGNMENT(.rela.got))

.rel.ctors
 *(SORT_BY_ALIGNMENT(.rel.ctors))

.rela.ctors
 *(SORT_BY_ALIGNMENT(.rela.ctors))

.rel.dtors
 *(SORT_BY_ALIGNMENT(.rel.dtors))

.rela.dtors
 *(SORT_BY_ALIGNMENT(.rela.dtors))

.rel.init
 *(SORT_BY_ALIGNMENT(.rel.init))

.rela.init
 *(SORT_BY_ALIGNMENT(.rela.init))

.rel.fini
 *(SORT_BY_ALIGNMENT(.rel.fini))

.rela.fini
 *(SORT_BY_ALIGNMENT(.rela.fini))

.rel.bss        0x00000000000091e8        0x0
 *(SORT_BY_ALIGNMENT(.rel.bss))
 .rel.bss       0x00000000000091e8        0x0 ./hello_world_ta.o

.rela.bss
 *(SORT_BY_ALIGNMENT(.rela.bss))

.rel.plt        0x00000000000091e8        0x0
 *(SORT_BY_ALIGNMENT(.rel.plt))
 .rel.plt       0x00000000000091e8        0x0 ./hello_world_ta.o

.rela.plt
 *(SORT_BY_ALIGNMENT(.rela.plt))

.data           0x00000000000091e8       0xe0
 *(SORT_BY_ALIGNMENT(.data) SORT_BY_ALIGNMENT(.data.*) SORT_BY_ALIGNMENT(.gnu.linkonce.d.*))
 .data          0x00000000000091e8        0x4 ./user_ta_header.o
                0x00000000000091e8                trace_level
 .data.rel.ro.local
                0x00000000000091ec       0x6c ./user_ta_header.o
                0x00000000000091ec                ta_props
 .data.rel.local
                0x0000000000009258       0x10 /home/reds/soo/optee_os/out/arm-plat-vexpress/export-ta_arm32/lib/libutee.a(user_ta_entry.o)
 .data.rel      0x0000000000009268        0x4 /home/reds/soo/optee_os/out/arm-plat-vexpress/export-ta_arm32/lib/libmbedtls.a(platform_util.o)
 .data.rel.local
                0x000000000000926c       0x5c /home/reds/soo/optee_os/out/arm-plat-vexpress/export-ta_arm32/lib/libutils.a(bget_malloc.o)
 .data          0x00000000000092c8        0x0 ./hello_world_ta.o
 .data.rel.ro   0x00000000000092c8        0x0 ./hello_world_ta.o
 .data          0x00000000000092c8        0x0 ./ta_entry_a32.o
 .data          0x00000000000092c8        0x0 /home/reds/soo/optee_os/out/arm-plat-vexpress/export-ta_arm32/lib/libutils.a(trace.o)
 .data          0x00000000000092c8        0x0 /home/reds/soo/optee_os/out/arm-plat-vexpress/export-ta_arm32/lib/libutils.a(aeabi_unwind.o)
 .data          0x00000000000092c8        0x0 /home/reds/soo/optee_os/out/arm-plat-vexpress/export-ta_arm32/lib/libutils.a(snprintk.o)
 .data          0x00000000000092c8        0x0 /home/reds/soo/optee_os/out/arm-plat-vexpress/export-ta_arm32/lib/libutils.a(memchr.o)
 .data          0x00000000000092c8        0x0 /home/reds/soo/optee_os/out/arm-plat-vexpress/export-ta_arm32/lib/libutils.a(strlen.o)
 .data          0x00000000000092c8        0x0 /home/reds/soo/optee_os/out/arm-plat-vexpress/export-ta_arm32/lib/libutils.a(arm32_aeabi_ldivmod_a32.o)
 .data          0x00000000000092c8        0x0 /home/reds/soo/optee_os/out/arm-plat-vexpress/export-ta_arm32/lib/libutils.a(arm32_aeabi_ldivmod.o)
 .data          0x00000000000092c8        0x0 /home/reds/soo/optee_os/out/arm-plat-vexpress/export-ta_arm32/lib/libutee.a(trace_ext.o)
 .data          0x00000000000092c8        0x0 /home/reds/soo/optee_os/out/arm-plat-vexpress/export-ta_arm32/lib/libutee.a(utee_syscalls_a32.o)
 .data          0x00000000000092c8        0x0 /home/reds/soo/optee_os/out/arm-plat-vexpress/export-ta_arm32/lib/libutee.a(user_ta_entry.o)
 .data          0x00000000000092c8        0x0 /home/reds/soo/optee_os/out/arm-plat-vexpress/export-ta_arm32/lib/libutee.a(abort.o)
 .data          0x00000000000092c8        0x0 /home/reds/soo/optee_os/out/arm-plat-vexpress/export-ta_arm32/lib/libutee.a(tee_api.o)
 .data          0x00000000000092c8        0x0 /home/reds/soo/optee_os/out/arm-plat-vexpress/export-ta_arm32/lib/libutee.a(tee_api_arith_mpi.o)
 .data          0x00000000000092c8        0x0 /home/reds/soo/optee_os/out/arm-plat-vexpress/export-ta_arm32/lib/libutee.a(tee_api_panic.o)
 .data          0x00000000000092c8        0x0 /home/reds/soo/optee_os/out/arm-plat-vexpress/export-ta_arm32/lib/libutee.a(tee_system_pta.o)
 .data          0x00000000000092c8        0x0 /home/reds/soo/optee_os/out/arm-plat-vexpress/export-ta_arm32/lib/libutee.a(tcb.o)
 .data          0x00000000000092c8        0x0 /home/reds/soo/optee_os/out/arm-plat-vexpress/export-ta_arm32/lib/libutee.a(assert.o)
 .data          0x00000000000092c8        0x0 /home/reds/soo/optee_os/out/arm-plat-vexpress/export-ta_arm32/lib/libmbedtls.a(bignum.o)
 .data          0x00000000000092c8        0x0 /home/reds/soo/optee_os/out/arm-plat-vexpress/export-ta_arm32/lib/libmbedtls.a(platform_util.o)
 .data          0x00000000000092c8        0x0 /home/reds/soo/optee_os/out/arm-plat-vexpress/export-ta_arm32/lib/libutils.a(bget_malloc.o)
 .data          0x00000000000092c8        0x0 /home/reds/soo/optee_os/out/arm-plat-vexpress/export-ta_arm32/lib/libutils.a(snprintf.o)
 .data          0x00000000000092c8        0x0 /home/reds/soo/optee_os/out/arm-plat-vexpress/export-ta_arm32/lib/libutils.a(memcpy.o)
 .data          0x00000000000092c8        0x0 /home/reds/soo/optee_os/out/arm-plat-vexpress/export-ta_arm32/lib/libutils.a(memmove.o)
 .data          0x00000000000092c8        0x0 /home/reds/soo/optee_os/out/arm-plat-vexpress/export-ta_arm32/lib/libutils.a(memset.o)
 .data          0x00000000000092c8        0x0 /home/reds/soo/optee_os/out/arm-plat-vexpress/export-ta_arm32/lib/libutils.a(mempool.o)
 .data          0x00000000000092c8        0x0 /home/reds/soo/optee_os/out/arm-plat-vexpress/export-ta_arm32/lib/libutils.a(consttime_memcmp.o)

.igot.plt       0x00000000000092c8        0x0
 .igot.plt      0x00000000000092c8        0x0 ./hello_world_ta.o

.bss            0x00000000000092c8     0xb050
 *(SORT_BY_ALIGNMENT(.bss) SORT_BY_ALIGNMENT(.bss.*) SORT_BY_ALIGNMENT(.gnu.linkonce.b.*) SORT_BY_ALIGNMENT(COMMON))
 .bss           0x00000000000092c8       0x38 /home/reds/soo/optee_os/out/arm-plat-vexpress/export-ta_arm32/lib/libutee.a(user_ta_entry.o)
                0x00000000000092d0                __elf_phdr_info
                0x00000000000092dc                ta_params
                0x00000000000092fc                ta_param_types
 .bss           0x0000000000009300        0x4 /home/reds/soo/optee_os/out/arm-plat-vexpress/export-ta_arm32/lib/libutee.a(tee_api.o)
 .bss           0x0000000000009304     0x3000 /home/reds/soo/optee_os/out/arm-plat-vexpress/export-ta_arm32/lib/libutee.a(tee_api_arith_mpi.o)
 .bss           0x000000000000c304        0x4 /home/reds/soo/optee_os/out/arm-plat-vexpress/export-ta_arm32/lib/libutee.a(tee_system_pta.o)
 .bss           0x000000000000c308        0x8 /home/reds/soo/optee_os/out/arm-plat-vexpress/export-ta_arm32/lib/libutee.a(tcb.o)
 .bss           0x000000000000c310        0x4 /home/reds/soo/optee_os/out/arm-plat-vexpress/export-ta_arm32/lib/libmbedtls.a(bignum.o)
                0x000000000000c310                mbedtls_mpi_mempool
 .bss           0x000000000000c314        0x0 ./hello_world_ta.o
 .bss           0x000000000000c314     0x8000 ./user_ta_header.o
                0x000000000000c314                ta_heap
 .bss           0x0000000000014314        0x0 ./ta_entry_a32.o
 .bss           0x0000000000014314        0x0 /home/reds/soo/optee_os/out/arm-plat-vexpress/export-ta_arm32/lib/libutils.a(trace.o)
 .bss           0x0000000000014314        0x0 /home/reds/soo/optee_os/out/arm-plat-vexpress/export-ta_arm32/lib/libutils.a(aeabi_unwind.o)
 .bss           0x0000000000014314        0x0 /home/reds/soo/optee_os/out/arm-plat-vexpress/export-ta_arm32/lib/libutils.a(snprintk.o)
 .bss           0x0000000000014314        0x0 /home/reds/soo/optee_os/out/arm-plat-vexpress/export-ta_arm32/lib/libutils.a(memchr.o)
 .bss           0x0000000000014314        0x0 /home/reds/soo/optee_os/out/arm-plat-vexpress/export-ta_arm32/lib/libutils.a(strlen.o)
 .bss           0x0000000000014314        0x0 /home/reds/soo/optee_os/out/arm-plat-vexpress/export-ta_arm32/lib/libutils.a(arm32_aeabi_ldivmod_a32.o)
 .bss           0x0000000000014314        0x0 /home/reds/soo/optee_os/out/arm-plat-vexpress/export-ta_arm32/lib/libutils.a(arm32_aeabi_ldivmod.o)
 .bss           0x0000000000014314        0x0 /home/reds/soo/optee_os/out/arm-plat-vexpress/export-ta_arm32/lib/libutee.a(trace_ext.o)
 .bss           0x0000000000014314        0x0 /home/reds/soo/optee_os/out/arm-plat-vexpress/export-ta_arm32/lib/libutee.a(utee_syscalls_a32.o)
 .bss           0x0000000000014314        0x0 /home/reds/soo/optee_os/out/arm-plat-vexpress/export-ta_arm32/lib/libutee.a(abort.o)
 .bss           0x0000000000014314        0x0 /home/reds/soo/optee_os/out/arm-plat-vexpress/export-ta_arm32/lib/libutee.a(tee_api_panic.o)
 .bss           0x0000000000014314        0x0 /home/reds/soo/optee_os/out/arm-plat-vexpress/export-ta_arm32/lib/libutee.a(assert.o)
 .bss           0x0000000000014314        0x0 /home/reds/soo/optee_os/out/arm-plat-vexpress/export-ta_arm32/lib/libmbedtls.a(platform_util.o)
 .bss           0x0000000000014314        0x0 /home/reds/soo/optee_os/out/arm-plat-vexpress/export-ta_arm32/lib/libutils.a(bget_malloc.o)
 .bss           0x0000000000014314        0x0 /home/reds/soo/optee_os/out/arm-plat-vexpress/export-ta_arm32/lib/libutils.a(snprintf.o)
 .bss           0x0000000000014314        0x0 /home/reds/soo/optee_os/out/arm-plat-vexpress/export-ta_arm32/lib/libutils.a(memcpy.o)
 .bss           0x0000000000014314        0x0 /home/reds/soo/optee_os/out/arm-plat-vexpress/export-ta_arm32/lib/libutils.a(memmove.o)
 .bss           0x0000000000014314        0x0 /home/reds/soo/optee_os/out/arm-plat-vexpress/export-ta_arm32/lib/libutils.a(memset.o)
 .bss           0x0000000000014314        0x0 /home/reds/soo/optee_os/out/arm-plat-vexpress/export-ta_arm32/lib/libutils.a(mempool.o)
 .bss           0x0000000000014314        0x0 /home/reds/soo/optee_os/out/arm-plat-vexpress/export-ta_arm32/lib/libutils.a(consttime_memcmp.o)
                0x0000000000014318                . = ALIGN (0x8)
 *fill*         0x0000000000014314        0x4 
                0x0000000000014318                __ftrace_buf_start = .
                0x0000000000014318                . = (. + DEFINED (__gnu_mcount_nc)?0x800:0x0)
                0x0000000000014318                __ftrace_buf_end = .

.dynbss         0x0000000000014318        0x0
 .dynbss        0x0000000000014318        0x0 ./hello_world_ta.o

/DISCARD/
 *(SORT_BY_ALIGNMENT(.interp))
LOAD ./hello_world_ta.o
LOAD ./user_ta_header.o
LOAD ./ta_entry_a32.o
START GROUP
LOAD /home/reds/soo/optee_os/out/arm-plat-vexpress/export-ta_arm32/lib/libutils.a
LOAD /home/reds/soo/optee_os/out/arm-plat-vexpress/export-ta_arm32/lib/libutee.a
LOAD /home/reds/soo/optee_os/out/arm-plat-vexpress/export-ta_arm32/lib/libmbedtls.a
LOAD /home/reds/soo/optee_os/out/arm-plat-vexpress/export-ta_arm32/lib/libdl.a
END GROUP
LOAD /opt/toolchains/arm-none-linux-gnueabihf_9.2.1/bin/../lib/gcc/arm-none-linux-gnueabihf/9.2.1/libgcc.a
LOAD /home/reds/soo/optee_os/out/arm-plat-vexpress/export-ta_arm32/lib/libutils.a
OUTPUT(8aaaf200-2450-11e4-abe2-0002a5d5c51b.elf elf32-littlearm)

.debug_info     0x0000000000000000    0x100af
 .debug_info    0x0000000000000000      0x5b8 ./hello_world_ta.o
 .debug_info    0x00000000000005b8      0x508 ./user_ta_header.o
 .debug_info    0x0000000000000ac0       0x26 ./ta_entry_a32.o
 .debug_info    0x0000000000000ae6      0x504 /home/reds/soo/optee_os/out/arm-plat-vexpress/export-ta_arm32/lib/libutils.a(trace.o)
 .debug_info    0x0000000000000fea       0x4f /home/reds/soo/optee_os/out/arm-plat-vexpress/export-ta_arm32/lib/libutils.a(aeabi_unwind.o)
 .debug_info    0x0000000000001039      0x723 /home/reds/soo/optee_os/out/arm-plat-vexpress/export-ta_arm32/lib/libutils.a(snprintk.o)
 .debug_info    0x000000000000175c       0xbd /home/reds/soo/optee_os/out/arm-plat-vexpress/export-ta_arm32/lib/libutils.a(memchr.o)
 .debug_info    0x0000000000001819       0x8d /home/reds/soo/optee_os/out/arm-plat-vexpress/export-ta_arm32/lib/libutils.a(strlen.o)
 .debug_info    0x00000000000018a6       0x71 /home/reds/soo/optee_os/out/arm-plat-vexpress/export-ta_arm32/lib/libutils.a(arm32_aeabi_ldivmod_a32.o)
 .debug_info    0x0000000000001917      0x2cf /home/reds/soo/optee_os/out/arm-plat-vexpress/export-ta_arm32/lib/libutils.a(arm32_aeabi_ldivmod.o)
 .debug_info    0x0000000000001be6      0x2ed /home/reds/soo/optee_os/out/arm-plat-vexpress/export-ta_arm32/lib/libutee.a(trace_ext.o)
 .debug_info    0x0000000000001ed3       0x65 /home/reds/soo/optee_os/out/arm-plat-vexpress/export-ta_arm32/lib/libutee.a(utee_syscalls_a32.o)
 .debug_info    0x0000000000001f38     0x11cb /home/reds/soo/optee_os/out/arm-plat-vexpress/export-ta_arm32/lib/libutee.a(user_ta_entry.o)
 .debug_info    0x0000000000003103      0x124 /home/reds/soo/optee_os/out/arm-plat-vexpress/export-ta_arm32/lib/libutee.a(abort.o)
 .debug_info    0x0000000000003227     0x1277 /home/reds/soo/optee_os/out/arm-plat-vexpress/export-ta_arm32/lib/libutee.a(tee_api.o)
 .debug_info    0x000000000000449e     0x37ab /home/reds/soo/optee_os/out/arm-plat-vexpress/export-ta_arm32/lib/libutee.a(tee_api_arith_mpi.o)
 .debug_info    0x0000000000007c49      0x60a /home/reds/soo/optee_os/out/arm-plat-vexpress/export-ta_arm32/lib/libutee.a(tee_api_panic.o)
 .debug_info    0x0000000000008253      0x667 /home/reds/soo/optee_os/out/arm-plat-vexpress/export-ta_arm32/lib/libutee.a(tee_system_pta.o)
 .debug_info    0x00000000000088ba      0x71c /home/reds/soo/optee_os/out/arm-plat-vexpress/export-ta_arm32/lib/libutee.a(tcb.o)
 .debug_info    0x0000000000008fd6      0x1b5 /home/reds/soo/optee_os/out/arm-plat-vexpress/export-ta_arm32/lib/libutee.a(assert.o)
 .debug_info    0x000000000000918b     0x47e2 /home/reds/soo/optee_os/out/arm-plat-vexpress/export-ta_arm32/lib/libmbedtls.a(bignum.o)
 .debug_info    0x000000000000d96d      0x13a /home/reds/soo/optee_os/out/arm-plat-vexpress/export-ta_arm32/lib/libmbedtls.a(platform_util.o)
 .debug_info    0x000000000000daa7     0x1ccd /home/reds/soo/optee_os/out/arm-plat-vexpress/export-ta_arm32/lib/libutils.a(bget_malloc.o)
 .debug_info    0x000000000000f774      0x1c7 /home/reds/soo/optee_os/out/arm-plat-vexpress/export-ta_arm32/lib/libutils.a(snprintf.o)
 .debug_info    0x000000000000f93b       0xfd /home/reds/soo/optee_os/out/arm-plat-vexpress/export-ta_arm32/lib/libutils.a(memcpy.o)
 .debug_info    0x000000000000fa38       0xc7 /home/reds/soo/optee_os/out/arm-plat-vexpress/export-ta_arm32/lib/libutils.a(memmove.o)
 .debug_info    0x000000000000faff       0x9c /home/reds/soo/optee_os/out/arm-plat-vexpress/export-ta_arm32/lib/libutils.a(memset.o)
 .debug_info    0x000000000000fb9b      0x425 /home/reds/soo/optee_os/out/arm-plat-vexpress/export-ta_arm32/lib/libutils.a(mempool.o)
 .debug_info    0x000000000000ffc0       0xef /home/reds/soo/optee_os/out/arm-plat-vexpress/export-ta_arm32/lib/libutils.a(consttime_memcmp.o)

.debug_abbrev   0x0000000000000000     0x2f3c
 .debug_abbrev  0x0000000000000000      0x1ff ./hello_world_ta.o
 .debug_abbrev  0x00000000000001ff      0x1e2 ./user_ta_header.o
 .debug_abbrev  0x00000000000003e1       0x14 ./ta_entry_a32.o
 .debug_abbrev  0x00000000000003f5      0x244 /home/reds/soo/optee_os/out/arm-plat-vexpress/export-ta_arm32/lib/libutils.a(trace.o)
 .debug_abbrev  0x0000000000000639       0x47 /home/reds/soo/optee_os/out/arm-plat-vexpress/export-ta_arm32/lib/libutils.a(aeabi_unwind.o)
 .debug_abbrev  0x0000000000000680      0x250 /home/reds/soo/optee_os/out/arm-plat-vexpress/export-ta_arm32/lib/libutils.a(snprintk.o)
 .debug_abbrev  0x00000000000008d0       0xae /home/reds/soo/optee_os/out/arm-plat-vexpress/export-ta_arm32/lib/libutils.a(memchr.o)
 .debug_abbrev  0x000000000000097e       0x84 /home/reds/soo/optee_os/out/arm-plat-vexpress/export-ta_arm32/lib/libutils.a(strlen.o)
 .debug_abbrev  0x0000000000000a02       0x12 /home/reds/soo/optee_os/out/arm-plat-vexpress/export-ta_arm32/lib/libutils.a(arm32_aeabi_ldivmod_a32.o)
 .debug_abbrev  0x0000000000000a14      0x12f /home/reds/soo/optee_os/out/arm-plat-vexpress/export-ta_arm32/lib/libutils.a(arm32_aeabi_ldivmod.o)
 .debug_abbrev  0x0000000000000b43      0x18c /home/reds/soo/optee_os/out/arm-plat-vexpress/export-ta_arm32/lib/libutee.a(trace_ext.o)
 .debug_abbrev  0x0000000000000ccf       0x12 /home/reds/soo/optee_os/out/arm-plat-vexpress/export-ta_arm32/lib/libutee.a(utee_syscalls_a32.o)
 .debug_abbrev  0x0000000000000ce1      0x45a /home/reds/soo/optee_os/out/arm-plat-vexpress/export-ta_arm32/lib/libutee.a(user_ta_entry.o)
 .debug_abbrev  0x000000000000113b       0xd5 /home/reds/soo/optee_os/out/arm-plat-vexpress/export-ta_arm32/lib/libutee.a(abort.o)
 .debug_abbrev  0x0000000000001210      0x3a6 /home/reds/soo/optee_os/out/arm-plat-vexpress/export-ta_arm32/lib/libutee.a(tee_api.o)
 .debug_abbrev  0x00000000000015b6      0x42e /home/reds/soo/optee_os/out/arm-plat-vexpress/export-ta_arm32/lib/libutee.a(tee_api_arith_mpi.o)
 .debug_abbrev  0x00000000000019e4      0x1c7 /home/reds/soo/optee_os/out/arm-plat-vexpress/export-ta_arm32/lib/libutee.a(tee_api_panic.o)
 .debug_abbrev  0x0000000000001bab      0x21f /home/reds/soo/optee_os/out/arm-plat-vexpress/export-ta_arm32/lib/libutee.a(tee_system_pta.o)
 .debug_abbrev  0x0000000000001dca      0x205 /home/reds/soo/optee_os/out/arm-plat-vexpress/export-ta_arm32/lib/libutee.a(tcb.o)
 .debug_abbrev  0x0000000000001fcf       0xe0 /home/reds/soo/optee_os/out/arm-plat-vexpress/export-ta_arm32/lib/libutee.a(assert.o)
 .debug_abbrev  0x00000000000020af      0x4ab /home/reds/soo/optee_os/out/arm-plat-vexpress/export-ta_arm32/lib/libmbedtls.a(bignum.o)
 .debug_abbrev  0x000000000000255a       0xd2 /home/reds/soo/optee_os/out/arm-plat-vexpress/export-ta_arm32/lib/libmbedtls.a(platform_util.o)
 .debug_abbrev  0x000000000000262c      0x3bc /home/reds/soo/optee_os/out/arm-plat-vexpress/export-ta_arm32/lib/libutils.a(bget_malloc.o)
 .debug_abbrev  0x00000000000029e8      0x11b /home/reds/soo/optee_os/out/arm-plat-vexpress/export-ta_arm32/lib/libutils.a(snprintf.o)
 .debug_abbrev  0x0000000000002b03       0xae /home/reds/soo/optee_os/out/arm-plat-vexpress/export-ta_arm32/lib/libutils.a(memcpy.o)
 .debug_abbrev  0x0000000000002bb1       0x9f /home/reds/soo/optee_os/out/arm-plat-vexpress/export-ta_arm32/lib/libutils.a(memmove.o)
 .debug_abbrev  0x0000000000002c50       0x93 /home/reds/soo/optee_os/out/arm-plat-vexpress/export-ta_arm32/lib/libutils.a(memset.o)
 .debug_abbrev  0x0000000000002ce3      0x1ba /home/reds/soo/optee_os/out/arm-plat-vexpress/export-ta_arm32/lib/libutils.a(mempool.o)
 .debug_abbrev  0x0000000000002e9d       0x9f /home/reds/soo/optee_os/out/arm-plat-vexpress/export-ta_arm32/lib/libutils.a(consttime_memcmp.o)

.debug_loc      0x0000000000000000     0xe7e1
 .debug_loc     0x0000000000000000      0x2ea ./hello_world_ta.o
 .debug_loc     0x00000000000002ea       0xa9 ./user_ta_header.o
 .debug_loc     0x0000000000000393      0x312 /home/reds/soo/optee_os/out/arm-plat-vexpress/export-ta_arm32/lib/libutils.a(trace.o)
 .debug_loc     0x00000000000006a5      0xef6 /home/reds/soo/optee_os/out/arm-plat-vexpress/export-ta_arm32/lib/libutils.a(snprintk.o)
 .debug_loc     0x000000000000159b       0xfa /home/reds/soo/optee_os/out/arm-plat-vexpress/export-ta_arm32/lib/libutils.a(memchr.o)
 .debug_loc     0x0000000000001695       0x57 /home/reds/soo/optee_os/out/arm-plat-vexpress/export-ta_arm32/lib/libutils.a(strlen.o)
 .debug_loc     0x00000000000016ec      0x847 /home/reds/soo/optee_os/out/arm-plat-vexpress/export-ta_arm32/lib/libutils.a(arm32_aeabi_ldivmod.o)
 .debug_loc     0x0000000000001f33       0x9f /home/reds/soo/optee_os/out/arm-plat-vexpress/export-ta_arm32/lib/libutee.a(trace_ext.o)
 .debug_loc     0x0000000000001fd2      0x92e /home/reds/soo/optee_os/out/arm-plat-vexpress/export-ta_arm32/lib/libutee.a(user_ta_entry.o)
 .debug_loc     0x0000000000002900      0xb1a /home/reds/soo/optee_os/out/arm-plat-vexpress/export-ta_arm32/lib/libutee.a(tee_api.o)
 .debug_loc     0x000000000000341a     0x2980 /home/reds/soo/optee_os/out/arm-plat-vexpress/export-ta_arm32/lib/libutee.a(tee_api_arith_mpi.o)
 .debug_loc     0x0000000000005d9a      0x411 /home/reds/soo/optee_os/out/arm-plat-vexpress/export-ta_arm32/lib/libutee.a(tee_api_panic.o)