Archive member included to satisfy reference by file (symbol)

/mnt/nvme0n1p4/soo/optee_os/out/arm-plat-vexpress/export-ta_arm32/lib/libutils.a(memcpy.o)
                              ./asf.o (memcpy)
/mnt/nvme0n1p4/soo/optee_os/out/arm-plat-vexpress/export-ta_arm32/lib/libutils.a(memset.o)
                              ./asf.o (memset)
/mnt/nvme0n1p4/soo/optee_os/out/arm-plat-vexpress/export-ta_arm32/lib/libutils.a(trace.o)
                              ./asf.o (trace_printf)
/mnt/nvme0n1p4/soo/optee_os/out/arm-plat-vexpress/export-ta_arm32/lib/libutils.a(aeabi_unwind.o)
                              ./asf.o (__aeabi_unwind_cpp_pr1)
/mnt/nvme0n1p4/soo/optee_os/out/arm-plat-vexpress/export-ta_arm32/lib/libutils.a(snprintk.o)
                              /mnt/nvme0n1p4/soo/optee_os/out/arm-plat-vexpress/export-ta_arm32/lib/libutils.a(trace.o) (snprintk)
/mnt/nvme0n1p4/soo/optee_os/out/arm-plat-vexpress/export-ta_arm32/lib/libutils.a(memchr.o)
                              /mnt/nvme0n1p4/soo/optee_os/out/arm-plat-vexpress/export-ta_arm32/lib/libutils.a(snprintk.o) (memchr)
/mnt/nvme0n1p4/soo/optee_os/out/arm-plat-vexpress/export-ta_arm32/lib/libutils.a(strlen.o)
                              /mnt/nvme0n1p4/soo/optee_os/out/arm-plat-vexpress/export-ta_arm32/lib/libutils.a(snprintk.o) (strlen)
/mnt/nvme0n1p4/soo/optee_os/out/arm-plat-vexpress/export-ta_arm32/lib/libutils.a(arm32_aeabi_ldivmod_a32.o)
                              /mnt/nvme0n1p4/soo/optee_os/out/arm-plat-vexpress/export-ta_arm32/lib/libutils.a(snprintk.o) (__aeabi_uldivmod)
/mnt/nvme0n1p4/soo/optee_os/out/arm-plat-vexpress/export-ta_arm32/lib/libutils.a(arm32_aeabi_ldivmod.o)
                              /mnt/nvme0n1p4/soo/optee_os/out/arm-plat-vexpress/export-ta_arm32/lib/libutils.a(arm32_aeabi_ldivmod_a32.o) (__ul_divmod)
/mnt/nvme0n1p4/soo/optee_os/out/arm-plat-vexpress/export-ta_arm32/lib/libutee.a(trace_ext.o)
                              /mnt/nvme0n1p4/soo/optee_os/out/arm-plat-vexpress/export-ta_arm32/lib/libutils.a(trace.o) (trace_ext_puts)
/mnt/nvme0n1p4/soo/optee_os/out/arm-plat-vexpress/export-ta_arm32/lib/libutee.a(tee_api_property.o)
                              ./asf.o (TEE_GetPropertyAsBinaryBlock)
/mnt/nvme0n1p4/soo/optee_os/out/arm-plat-vexpress/export-ta_arm32/lib/libutee.a(base64.o)
                              /mnt/nvme0n1p4/soo/optee_os/out/arm-plat-vexpress/export-ta_arm32/lib/libutee.a(tee_api_property.o) (base64_enc_len)
/mnt/nvme0n1p4/soo/optee_os/out/arm-plat-vexpress/export-ta_arm32/lib/libutee.a(tee_api.o)
                              /mnt/nvme0n1p4/soo/optee_os/out/arm-plat-vexpress/export-ta_arm32/lib/libutee.a(tee_api_property.o) (TEE_Malloc)
/mnt/nvme0n1p4/soo/optee_os/out/arm-plat-vexpress/export-ta_arm32/lib/libutee.a(tee_api_objects.o)
                              ./asf.o (TEE_AllocateTransientObject)
/mnt/nvme0n1p4/soo/optee_os/out/arm-plat-vexpress/export-ta_arm32/lib/libutee.a(tee_api_operations.o)
                              ./asf.o (TEE_FreeOperation)
/mnt/nvme0n1p4/soo/optee_os/out/arm-plat-vexpress/export-ta_arm32/lib/libutee.a(tee_api_panic.o)
                              /mnt/nvme0n1p4/soo/optee_os/out/arm-plat-vexpress/export-ta_arm32/lib/libutee.a(tee_api_property.o) (TEE_Panic)
/mnt/nvme0n1p4/soo/optee_os/out/arm-plat-vexpress/export-ta_arm32/lib/libutee.a(tee_system_pta.o)
                              /mnt/nvme0n1p4/soo/optee_os/out/arm-plat-vexpress/export-ta_arm32/lib/libutee.a(tee_api.o) (tee_map_zi)
/mnt/nvme0n1p4/soo/optee_os/out/arm-plat-vexpress/export-ta_arm32/lib/libutee.a(utee_syscalls_a32.o)
                              /mnt/nvme0n1p4/soo/optee_os/out/arm-plat-vexpress/export-ta_arm32/lib/libutee.a(tee_api_panic.o) (utee_panic)
/mnt/nvme0n1p4/soo/optee_os/out/arm-plat-vexpress/export-ta_arm32/lib/libutee.a(user_ta_entry.o)
                              ./user_ta_header.o (__utee_entry)
/mnt/nvme0n1p4/soo/optee_os/out/arm-plat-vexpress/export-ta_arm32/lib/libutee.a(tee_api_arith_mpi.o)
                              /mnt/nvme0n1p4/soo/optee_os/out/arm-plat-vexpress/export-ta_arm32/lib/libutee.a(user_ta_entry.o) (_TEE_MathAPI_Init)
/mnt/nvme0n1p4/soo/optee_os/out/arm-plat-vexpress/export-ta_arm32/lib/libmbedtls.a(bignum.o)
                              /mnt/nvme0n1p4/soo/optee_os/out/arm-plat-vexpress/export-ta_arm32/lib/libutee.a(tee_api_arith_mpi.o) (mbedtls_mpi_init_mempool)
/mnt/nvme0n1p4/soo/optee_os/out/arm-plat-vexpress/export-ta_arm32/lib/libmbedtls.a(platform_util.o)
                              /mnt/nvme0n1p4/soo/optee_os/out/arm-plat-vexpress/export-ta_arm32/lib/libmbedtls.a(bignum.o) (mbedtls_platform_zeroize)
/mnt/nvme0n1p4/soo/optee_os/out/arm-plat-vexpress/export-ta_arm32/lib/libutils.a(bget_malloc.o)
                              /mnt/nvme0n1p4/soo/optee_os/out/arm-plat-vexpress/export-ta_arm32/lib/libutee.a(tee_api.o) (malloc)
/mnt/nvme0n1p4/soo/optee_os/out/arm-plat-vexpress/export-ta_arm32/lib/libutils.a(snprintf.o)
[...]
Memory Configuration

Name             Origin             Length             Attributes
*default*        0x0000000000000000 0xffffffffffffffff

Linker script and memory map


.ta_head        0x0000000000000000       0x20
 *(SORT(.ta_head))
 .ta_head       0x0000000000000000       0x20 ./user_ta_header.o
                0x0000000000000000                ta_head

.text           0x0000000000000020     0xd6dc
                0x0000000000000020                __text_start = .
 *(SORT(.text) SORT(.text.*))
 .text          0x0000000000000020      0x53c ./asf.o
                0x00000000000003b8                TA_CreateEntryPoint
                0x00000000000003cc                TA_DestroyEntryPoint
                0x00000000000003dc                TA_OpenSessionEntryPoint
                0x00000000000004d4                TA_CloseSessionEntryPoint
                0x00000000000004e4                TA_InvokeCommandEntryPoint
 .text          0x000000000000055c       0x28 ./user_ta_header.o
                0x000000000000055c                __ta_entry_c
                0x0000000000000570                tahead_get_trace_level
 .text.__ta_entry
                0x0000000000000584        0x8 ./ta_entry_a32.o
                0x0000000000000584                __ta_entry
 .text          0x000000000000058c       0x2c /mnt/nvme0n1p4/soo/optee_os/out/arm-plat-vexpress/export-ta_arm32/lib/libutils.a(memcpy.o)
                0x000000000000058c                memcpy
 .text          0x00000000000005b8       0x28 /mnt/nvme0n1p4/soo/optee_os/out/arm-plat-vexpress/export-ta_arm32/lib/libutils.a(memset.o)
                0x00000000000005b8                memset
 .text          0x00000000000005e0      0x2b4 /mnt/nvme0n1p4/soo/optee_os/out/arm-plat-vexpress/export-ta_arm32/lib/libutils.a(trace.o)
                0x00000000000005e0                trace_set_level
                0x0000000000000618                trace_get_level
                0x0000000000000644                trace_vprintf
                0x0000000000000854                trace_printf
                0x0000000000000884                dhex_dump
 .text          0x0000000000000894       0x30 /mnt/nvme0n1p4/soo/optee_os/out/arm-plat-vexpress/export-ta_arm32/lib/libutils.a(aeabi_unwind.o)
                0x0000000000000894                __aeabi_unwind_cpp_pr0
                0x00000000000008a4                __aeabi_unwind_cpp_pr1
                0x00000000000008b4                __aeabi_unwind_cpp_pr2
 .text          0x00000000000008c4      0xaac /mnt/nvme0n1p4/soo/optee_os/out/arm-plat-vexpress/export-ta_arm32/lib/libutils.a(snprintk.o)
                0x00000000000008c4                __vsnprintf
                0x0000000000001320                vsnprintk
                0x0000000000001344                snprintk
 .text          0x0000000000001370       0x40 /mnt/nvme0n1p4/soo/optee_os/out/arm-plat-vexpress/export-ta_arm32/lib/libutils.a(memchr.o)
                0x0000000000001370                memchr
 .text          0x00000000000013b0       0x30 /mnt/nvme0n1p4/soo/optee_os/out/arm-plat-vexpress/export-ta_arm32/lib/libutils.a(strlen.o)
                0x00000000000013b0                strlen
 .text.__aeabi_ldivmod
                0x00000000000013e0       0x18 /mnt/nvme0n1p4/soo/optee_os/out/arm-plat-vexpress/export-ta_arm32/lib/libutils.a(arm32_aeabi_ldivmod_a32.o)
                0x00000000000013e0                __aeabi_ldivmod
 .text.__aeabi_uldivmod
                0x00000000000013f8       0x18 /mnt/nvme0n1p4/soo/optee_os/out/arm-plat-vexpress/export-ta_arm32/lib/libutils.a(arm32_aeabi_ldivmod_a32.o)
                0x00000000000013f8                __aeabi_uldivmod
 .text          0x0000000000001410      0x1c8 /mnt/nvme0n1p4/soo/optee_os/out/arm-plat-vexpress/export-ta_arm32/lib/libutils.a(arm32_aeabi_ldivmod.o)
                0x0000000000001410                __ul_divmod
                0x00000000000014b8                __l_divmod
 .text          0x00000000000015d8      0x114 /mnt/nvme0n1p4/soo/optee_os/out/arm-plat-vexpress/export-ta_arm32/lib/libutee.a(trace_ext.o)
                0x00000000000015d8                trace_ext_puts
                0x0000000000001600                trace_ext_get_thread_id
                0x0000000000001614                printf
                0x0000000000001670                puts
                0x00000000000016ac                putchar
 .text          0x00000000000016ec      0xa7c /mnt/nvme0n1p4/soo/optee_os/out/arm-plat-vexpress/export-ta_arm32/lib/libutee.a(tee_api_property.o)
                0x0000000000001a0c                TEE_GetPropertyAsString
                0x0000000000001c3c                TEE_GetPropertyAsBool
                0x0000000000001cd4                TEE_GetPropertyAsU32
                0x0000000000001d6c                TEE_GetPropertyAsBinaryBlock
                0x0000000000001df8                TEE_GetPropertyAsUUID
                0x0000000000001e90                TEE_GetPropertyAsIdentity
                0x0000000000001f28                TEE_ResetPropertyEnumerator
                0x0000000000001f40                TEE_AllocatePropertyEnumerator
                0x0000000000001f8c                TEE_FreePropertyEnumerator
                0x0000000000001fa4                TEE_StartPropertyEnumerator
                0x0000000000001fc4                TEE_GetPropertyName
                0x00000000000020bc                TEE_GetNextProperty
 .text          0x0000000000002168      0x2ac /mnt/nvme0n1p4/soo/optee_os/out/arm-plat-vexpress/export-ta_arm32/lib/libutee.a(base64.o)
                0x0000000000002168                base64_enc_len
                0x000000000000218c                base64_enc
                0x0000000000002288                base64_dec
 .text          0x0000000000002414      0x878 /mnt/nvme0n1p4/soo/optee_os/out/arm-plat-vexpress/export-ta_arm32/lib/libutee.a(tee_api.o)
                0x00000000000024b8                TEE_CloseTASession
                0x00000000000024e4                TEE_GetCancellationFlag
                0x000000000000251c                TEE_UnmaskCancellation
                0x0000000000002554                TEE_MaskCancellation
                0x000000000000258c                TEE_CheckMemoryAccessRights
                0x000000000000279c                TEE_InvokeTACommand
                0x00000000000028bc                TEE_OpenTASession
                0x00000000000029a0                TEE_SetInstanceData
                0x00000000000029c0                TEE_GetInstanceData
                0x00000000000029dc                TEE_MemMove
                0x00000000000029f4                TEE_MemCompare
                0x0000000000002a0c                TEE_MemFill
                0x0000000000002a24                TEE_GetSystemTime
                0x0000000000002a50                TEE_Wait
                0x0000000000002a84                TEE_GetTAPersistentTime
                0x0000000000002b0c                TEE_SetTAPersistentTime
                0x0000000000002b60                TEE_GetREETime
                0x0000000000002b8c                TEE_Malloc
                0x0000000000002c08                TEE_Realloc
                0x0000000000002c20                TEE_Free
                0x0000000000002c38                TEE_CacheClean
                0x0000000000002c54                TEE_CacheFlush
                0x0000000000002c70                TEE_CacheInvalidate
 .text          0x0000000000002c8c      0xd5c /mnt/nvme0n1p4/soo/optee_os/out/arm-plat-vexpress/export-ta_arm32/lib/libutee.a(tee_api_objects.o)
                0x0000000000002c8c                __utee_from_attr
                0x0000000000002cf4                TEE_GetObjectInfo
                0x0000000000002d48                TEE_GetObjectInfo1
                0x0000000000002d80                TEE_RestrictObjectUsage1
                0x0000000000002db8                TEE_RestrictObjectUsage
                0x0000000000002e0c                TEE_GetObjectBufferAttribute
                0x0000000000002eb8                TEE_GetObjectValueAttribute
                0x0000000000002f90                TEE_CloseObject
                0x0000000000002fbc                TEE_AllocateTransientObject
                0x000000000000301c                TEE_FreeTransientObject
                0x0000000000003078                TEE_ResetTransientObject
                0x00000000000030d4                TEE_PopulateTransientObject
                0x0000000000003188                TEE_InitRefAttribute
                0x00000000000031c8                TEE_InitValueAttribute
                0x0000000000003204                TEE_CopyObjectAttributes1
                0x00000000000032b4                TEE_CopyObjectAttributes
                0x000000000000330c                TEE_GenerateKey
                0x0000000000003380                TEE_OpenPersistentObject
                0x000000000000344c                TEE_CreatePersistentObject
                0x0000000000003558                TEE_CloseAndDeletePersistentObject1
                0x0000000000003598                TEE_CloseAndDeletePersistentObject
                0x00000000000035c8                TEE_RenamePersistentObject
                0x000000000000364c                TEE_AllocatePersistentObjectEnumerator
                0x00000000000036b0                TEE_FreePersistentObjectEnumerator
                0x00000000000036dc                TEE_ResetPersistentObjectEnumerator
                0x0000000000003708                TEE_StartPersistentObjectEnumerator
                0x0000000000003750                TEE_GetNextPersistentObject
                0x00000000000037e0                TEE_ReadObjectData
                0x0000000000003854                TEE_WriteObjectData
                0x00000000000038bc                TEE_TruncateObjectData
                0x0000000000003918                TEE_SeekObjectData
 .text          0x00000000000039e8     0x25fc /mnt/nvme0n1p4/soo/optee_os/out/arm-plat-vexpress/export-ta_arm32/lib/libutee.a(tee_api_operations.o)
                0x0000000000003c50                TEE_FreeOperation
                0x0000000000003c94                TEE_AllocateOperation
                0x0000000000004480                TEE_GetOperationInfo
                0x00000000000044c8                TEE_GetOperationInfoMultiple
                0x0000000000004630                TEE_ResetOperation
                0x000000000000469c                TEE_SetOperationKey
                0x0000000000004790                TEE_SetOperationKey2
                0x0000000000004920                TEE_CopyOperation
                0x0000000000004a40                TEE_DigestUpdate
                0x0000000000004a9c                TEE_DigestDoFinal
                0x0000000000004b8c                TEE_CipherInit
                0x0000000000004c30                TEE_CipherUpdate
                0x0000000000004dcc                TEE_CipherDoFinal
                0x0000000000004f90                TEE_MACInit
                0x0000000000005034                TEE_MACUpdate
                0x00000000000050cc                TEE_MACComputeFinal
                0x00000000000051ac                TEE_MACCompareFinal
                0x0000000000005270                TEE_AEInit
                0x0000000000005340                TEE_AEUpdateAAD
                0x00000000000053cc                TEE_AEUpdate
                0x0000000000005554                TEE_AEEncryptFinal
                0x000000000000573c                TEE_AEDecryptFinal
                0x000000000000590c                TEE_AsymmetricEncrypt
                0x0000000000005a7c                TEE_AsymmetricDecrypt
                0x0000000000005bec                TEE_AsymmetricSignDigest
                0x0000000000005d2c                TEE_AsymmetricVerifyDigest
                0x0000000000005e54                TEE_DeriveKey
                0x0000000000005f94                TEE_GenerateRandom
                0x0000000000005fb8                rand
 .text          0x0000000000005fe4       0x18 /mnt/nvme0n1p4/soo/optee_os/out/arm-plat-vexpress/export-ta_arm32/lib/libutee.a(tee_api_panic.o)
                0x0000000000005fe4                TEE_Panic
 .text          0x0000000000005ffc      0x18c /mnt/nvme0n1p4/soo/optee_os/out/arm-plat-vexpress/export-ta_arm32/lib/libutee.a(tee_system_pta.o)
                0x0000000000006088                tee_map_zi
                0x0000000000006100                tee_unmap
 .text          0x0000000000006188        0x0 /mnt/nvme0n1p4/soo/optee_os/out/arm-plat-vexpress/export-ta_arm32/lib/libutee.a(utee_syscalls_a32.o)
 .text.utee_panic
                0x0000000000006188       0x14 /mnt/nvme0n1p4/soo/optee_os/out/arm-plat-vexpress/export-ta_arm32/lib/libutee.a(utee_syscalls_a32.o)
                0x0000000000006188                utee_panic
 .text.utee_return
                0x000000000000619c       0x14 /mnt/nvme0n1p4/soo/optee_os/out/arm-plat-vexpress/export-ta_arm32/lib/libutee.a(utee_syscalls_a32.o)
                0x000000000000619c                utee_return
 .text.utee_log
                0x00000000000061b0       0x14 /mnt/nvme0n1p4/soo/optee_os/out/arm-plat-vexpress/export-ta_arm32/lib/libutee.a(utee_syscalls_a32.o)
                0x00000000000061b0                utee_log
 .text.__utee_panic
                0x00000000000061c4       0x14 /mnt/nvme0n1p4/soo/optee_os/out/arm-plat-vexpress/export-ta_arm32/lib/libutee.a(utee_syscalls_a32.o)
                0x00000000000061c4                __utee_panic
 .text.utee_get_property
                0x00000000000061d8       0x18 /mnt/nvme0n1p4/soo/optee_os/out/arm-plat-vexpress/export-ta_arm32/lib/libutee.a(utee_syscalls_a32.o)
                0x00000000000061d8                utee_get_property
 .text.utee_get_property_name_to_index
                0x00000000000061f0       0x14 /mnt/nvme0n1p4/soo/optee_os/out/arm-plat-vexpress/export-ta_arm32/lib/libutee.a(utee_syscalls_a32.o)
                0x00000000000061f0                utee_get_property_name_to_index
 .text.utee_open_ta_session
                0x0000000000006204       0x18 /mnt/nvme0n1p4/soo/optee_os/out/arm-plat-vexpress/export-ta_arm32/lib/libutee.a(utee_syscalls_a32.o)
                0x0000000000006204                utee_open_ta_session
 .text.utee_close_ta_session
                0x000000000000621c       0x14 /mnt/nvme0n1p4/soo/optee_os/out/arm-plat-vexpress/export-ta_arm32/lib/libutee.a(utee_syscalls_a32.o)
                0x000000000000621c                utee_close_ta_session
 .text.utee_invoke_ta_command
                0x0000000000006230       0x18 /mnt/nvme0n1p4/soo/optee_os/out/arm-plat-vexpress/export-ta_arm32/lib/libutee.a(utee_syscalls_a32.o)
                0x0000000000006230                utee_invoke_ta_command
 .text.utee_get_cancellation_flag
                0x0000000000006248       0x14 /mnt/nvme0n1p4/soo/optee_os/out/arm-plat-vexpress/export-ta_arm32/lib/libutee.a(utee_syscalls_a32.o)
                0x0000000000006248                utee_get_cancellation_flag
 .text.utee_check_access_rights
                0x000000000000625c       0x14 /mnt/nvme0n1p4/soo/optee_os/out/arm-plat-vexpress/export-ta_arm32/lib/libutee.a(utee_syscalls_a32.o)
                0x000000000000625c                utee_check_access_rights
 .text.utee_unmask_cancellation
                0x0000000000006270       0x14 /mnt/nvme0n1p4/soo/optee_os/out/arm-plat-vexpress/export-ta_arm32/lib/libutee.a(utee_syscalls_a32.o)
                0x0000000000006270                utee_unmask_cancellation
 .text.utee_mask_cancellation
                0x0000000000006284       0x14 /mnt/nvme0n1p4/soo/optee_os/out/arm-plat-vexpress/export-ta_arm32/lib/libutee.a(utee_syscalls_a32.o)
                0x0000000000006284                utee_mask_cancellation
 .text.utee_wait
                0x0000000000006298       0x14 /mnt/nvme0n1p4/soo/optee_os/out/arm-plat-vexpress/export-ta_arm32/lib/libutee.a(utee_syscalls_a32.o)
                0x0000000000006298                utee_wait
 .text.utee_get_time
                0x00000000000062ac       0x14 /mnt/nvme0n1p4/soo/optee_os/out/arm-plat-vexpress/export-ta_arm32/lib/libutee.a(utee_syscalls_a32.o)
                0x00000000000062ac                utee_get_time
 .text.utee_set_ta_time
                0x00000000000062c0       0x14 /mnt/nvme0n1p4/soo/optee_os/out/arm-plat-vexpress/export-ta_arm32/lib/libutee.a(utee_syscalls_a32.o)
                0x00000000000062c0                utee_set_ta_time
 .text.utee_cryp_state_alloc
                0x00000000000062d4       0x18 /mnt/nvme0n1p4/soo/optee_os/out/arm-plat-vexpress/export-ta_arm32/lib/libutee.a(utee_syscalls_a32.o)
                0x00000000000062d4                utee_cryp_state_alloc
 .text.utee_cryp_state_copy
                0x00000000000062ec       0x14 /mnt/nvme0n1p4/soo/optee_os/out/arm-plat-vexpress/export-ta_arm32/lib/libutee.a(utee_syscalls_a32.o)
                0x00000000000062ec                utee_cryp_state_copy
 .text.utee_cryp_state_free
                0x0000000000006300       0x14 /mnt/nvme0n1p4/soo/optee_os/out/arm-plat-vexpress/export-ta_arm32/lib/libutee.a(utee_syscalls_a32.o)
                0x0000000000006300                utee_cryp_state_free
 .text.utee_hash_init
                0x0000000000006314       0x14 /mnt/nvme0n1p4/soo/optee_os/out/arm-plat-vexpress/export-ta_arm32/lib/libutee.a(utee_syscalls_a32.o)
                0x0000000000006314                utee_hash_init
 .text.utee_hash_update
                0x0000000000006328       0x14 /mnt/nvme0n1p4/soo/optee_os/out/arm-plat-vexpress/export-ta_arm32/lib/libutee.a(utee_syscalls_a32.o)
                0x0000000000006328                utee_hash_update
 .text.utee_hash_final
                0x000000000000633c       0x18 /mnt/nvme0n1p4/soo/optee_os/out/arm-plat-vexpress/export-ta_arm32/lib/libutee.a(utee_syscalls_a32.o)
                0x000000000000633c                utee_hash_final
 .text.utee_cipher_init
                0x0000000000006354       0x14 /mnt/nvme0n1p4/soo/optee_os/out/arm-plat-vexpress/export-ta_arm32/lib/libutee.a(utee_syscalls_a32.o)
                0x0000000000006354                utee_cipher_init
 .text.utee_cipher_update
                0x0000000000006368       0x18 /mnt/nvme0n1p4/soo/optee_os/out/arm-plat-vexpress/export-ta_arm32/lib/libutee.a(utee_syscalls_a32.o)
                0x0000000000006368                utee_cipher_update
 .text.utee_cipher_final
                0x0000000000006380       0x18 /mnt/nvme0n1p4/soo/optee_os/out/arm-plat-vexpress/export-ta_arm32/lib/libutee.a(utee_syscalls_a32.o)
                0x0000000000006380                utee_cipher_final
 .text.utee_cryp_obj_get_info
                0x0000000000006398       0x14 /mnt/nvme0n1p4/soo/optee_os/out/arm-plat-vexpress/export-ta_arm32/lib/libutee.a(utee_syscalls_a32.o)
                0x0000000000006398                utee_cryp_obj_get_info
 .text.utee_cryp_obj_restrict_usage
                0x00000000000063ac       0x14 /mnt/nvme0n1p4/soo/optee_os/out/arm-plat-vexpress/export-ta_arm32/lib/libutee.a(utee_syscalls_a32.o)
                0x00000000000063ac                utee_cryp_obj_restrict_usage
 .text.utee_cryp_obj_get_attr
                0x00000000000063c0       0x14 /mnt/nvme0n1p4/soo/optee_os/out/arm-plat-vexpress/export-ta_arm32/lib/libutee.a(utee_syscalls_a32.o)
                0x00000000000063c0                utee_cryp_obj_get_attr
 .text.utee_cryp_obj_alloc
                0x00000000000063d4       0x14 /mnt/nvme0n1p4/soo/optee_os/out/arm-plat-vexpress/export-ta_arm32/lib/libutee.a(utee_syscalls_a32.o)
                0x00000000000063d4                utee_cryp_obj_alloc
 .text.utee_cryp_obj_close
                0x00000000000063e8       0x14 /mnt/nvme0n1p4/soo/optee_os/out/arm-plat-vexpress/export-ta_arm32/lib/libutee.a(utee_syscalls_a32.o)
                0x00000000000063e8                utee_cryp_obj_close
 .text.utee_cryp_obj_reset
                0x00000000000063fc       0x14 /mnt/nvme0n1p4/soo/optee_os/out/arm-plat-vexpress/export-ta_arm32/lib/libutee.a(utee_syscalls_a32.o)
                0x00000000000063fc                utee_cryp_obj_reset
 .text.utee_cryp_obj_populate
                0x0000000000006410       0x14 /mnt/nvme0n1p4/soo/optee_os/out/arm-plat-vexpress/export-ta_arm32/lib/libutee.a(utee_syscalls_a32.o)
                0x0000000000006410                utee_cryp_obj_populate
 .text.utee_cryp_obj_copy
                0x0000000000006424       0x14 /mnt/nvme0n1p4/soo/optee_os/out/arm-plat-vexpress/export-ta_arm32/lib/libutee.a(utee_syscalls_a32.o)
                0x0000000000006424                utee_cryp_obj_copy
 .text.utee_cryp_derive_key
                0x0000000000006438       0x14 /mnt/nvme0n1p4/soo/optee_os/out/arm-plat-vexpress/export-ta_arm32/lib/libutee.a(utee_syscalls_a32.o)
                0x0000000000006438                utee_cryp_derive_key
 .text.utee_cryp_random_number_generate
                0x000000000000644c       0x14 /mnt/nvme0n1p4/soo/optee_os/out/arm-plat-vexpress/export-ta_arm32/lib/libutee.a(utee_syscalls_a32.o)
                0x000000000000644c                utee_cryp_random_number_generate
 .text.utee_authenc_init
                0x0000000000006460       0x18 /mnt/nvme0n1p4/soo/optee_os/out/arm-plat-vexpress/export-ta_arm32/lib/libutee.a(utee_syscalls_a32.o)
                0x0000000000006460                utee_authenc_init
 .text.utee_authenc_update_aad
                0x0000000000006478       0x14 /mnt/nvme0n1p4/soo/optee_os/out/arm-plat-vexpress/export-ta_arm32/lib/libutee.a(utee_syscalls_a32.o)
                0x0000000000006478                utee_authenc_update_aad
 .text.utee_authenc_update_payload
                0x000000000000648c       0x18 /mnt/nvme0n1p4/soo/optee_os/out/arm-plat-vexpress/export-ta_arm32/lib/libutee.a(utee_syscalls_a32.o)
                0x000000000000648c                utee_authenc_update_payload
 .text.utee_authenc_enc_final
                0x00000000000064a4       0x18 /mnt/nvme0n1p4/soo/optee_os/out/arm-plat-vexpress/export-ta_arm32/lib/libutee.a(utee_syscalls_a32.o)
                0x00000000000064a4                utee_authenc_enc_final
 .text.utee_authenc_dec_final
                0x00000000000064bc       0x18 /mnt/nvme0n1p4/soo/optee_os/out/arm-plat-vexpress/export-ta_arm32/lib/libutee.a(utee_syscalls_a32.o)
                0x00000000000064bc                utee_authenc_dec_final
 .text.utee_asymm_operate
                0x00000000000064d4       0x18 /mnt/nvme0n1p4/soo/optee_os/out/arm-plat-vexpress/export-ta_arm32/lib/libutee.a(utee_syscalls_a32.o)
                0x00000000000064d4                utee_asymm_operate
 .text.utee_asymm_verify
                0x00000000000064ec       0x18 /mnt/nvme0n1p4/soo/optee_os/out/arm-plat-vexpress/export-ta_arm32/lib/libutee.a(utee_syscalls_a32.o)
                0x00000000000064ec                utee_asymm_verify
 .text.utee_storage_obj_open
                0x0000000000006504       0x18 /mnt/nvme0n1p4/soo/optee_os/out/arm-plat-vexpress/export-ta_arm32/lib/libutee.a(utee_syscalls_a32.o)
                0x0000000000006504                utee_storage_obj_open
 .text.utee_storage_obj_create
                0x000000000000651c       0x18 /mnt/nvme0n1p4/soo/optee_os/out/arm-plat-vexpress/export-ta_arm32/lib/libutee.a(utee_syscalls_a32.o)
                0x000000000000651c                utee_storage_obj_create
 .text.utee_storage_obj_del
                0x0000000000006534       0x14 /mnt/nvme0n1p4/soo/optee_os/out/arm-plat-vexpress/export-ta_arm32/lib/libutee.a(utee_syscalls_a32.o)
                0x0000000000006534                utee_storage_obj_del
 .text.utee_storage_obj_rename
                0x0000000000006548       0x14 /mnt/nvme0n1p4/soo/optee_os/out/arm-plat-vexpress/export-ta_arm32/lib/libutee.a(utee_syscalls_a32.o)
                0x0000000000006548                utee_storage_obj_rename
 .text.utee_storage_alloc_enum
                0x000000000000655c       0x14 /mnt/nvme0n1p4/soo/optee_os/out/arm-plat-vexpress/export-ta_arm32/lib/libutee.a(utee_syscalls_a32.o)
                0x000000000000655c                utee_storage_alloc_enum
 .text.utee_storage_free_enum
                0x0000000000006570       0x14 /mnt/nvme0n1p4/soo/optee_os/out/arm-plat-vexpress/export-ta_arm32/lib/libutee.a(utee_syscalls_a32.o)
                0x0000000000006570                utee_storage_free_enum
 .text.utee_storage_reset_enum
                0x0000000000006584       0x14 /mnt/nvme0n1p4/soo/optee_os/out/arm-plat-vexpress/export-ta_arm32/lib/libutee.a(utee_syscalls_a32.o)
                0x0000000000006584                utee_storage_reset_enum
 .text.utee_storage_start_enum
                0x0000000000006598       0x14 /mnt/nvme0n1p4/soo/optee_os/out/arm-plat-vexpress/export-ta_arm32/lib/libutee.a(utee_syscalls_a32.o)
                0x0000000000006598                utee_storage_start_enum
 .text.utee_storage_next_enum
                0x00000000000065ac       0x14 /mnt/nvme0n1p4/soo/optee_os/out/arm-plat-vexpress/export-ta_arm32/lib/libutee.a(utee_syscalls_a32.o)
                0x00000000000065ac                utee_storage_next_enum
 .text.utee_storage_obj_read
                0x00000000000065c0       0x14 /mnt/nvme0n1p4/soo/optee_os/out/arm-plat-vexpress/export-ta_arm32/lib/libutee.a(utee_syscalls_a32.o)
                0x00000000000065c0                utee_storage_obj_read
 .text.utee_storage_obj_write
                0x00000000000065d4       0x14 /mnt/nvme0n1p4/soo/optee_os/out/arm-plat-vexpress/export-ta_arm32/lib/libutee.a(utee_syscalls_a32.o)
                0x00000000000065d4                utee_storage_obj_write
 .text.utee_storage_obj_trunc
                0x00000000000065e8       0x14 /mnt/nvme0n1p4/soo/optee_os/out/arm-plat-vexpress/export-ta_arm32/lib/libutee.a(utee_syscalls_a32.o)
                0x00000000000065e8                utee_storage_obj_trunc
 .text.utee_storage_obj_seek
                0x00000000000065fc       0x14 /mnt/nvme0n1p4/soo/optee_os/out/arm-plat-vexpress/export-ta_arm32/lib/libutee.a(utee_syscalls_a32.o)
                0x00000000000065fc                utee_storage_obj_seek
 .text.utee_cryp_obj_generate_key
                0x0000000000006610       0x14 /mnt/nvme0n1p4/soo/optee_os/out/arm-plat-vexpress/export-ta_arm32/lib/libutee.a(utee_syscalls_a32.o)
                0x0000000000006610                utee_cryp_obj_generate_key
 .text.utee_cache_operation
                0x0000000000006624       0x14 /mnt/nvme0n1p4/soo/optee_os/out/arm-plat-vexpress/export-ta_arm32/lib/libutee.a(utee_syscalls_a32.o)
                0x0000000000006624                utee_cache_operation
 .text          0x0000000000006638      0x474 /mnt/nvme0n1p4/soo/optee_os/out/arm-plat-vexpress/export-ta_arm32/lib/libutee.a(user_ta_entry.o)
                0x0000000000006848                __utee_entry
 .text          0x0000000000006aac     0x1c38 /mnt/nvme0n1p4/soo/optee_os/out/arm-plat-vexpress/export-ta_arm32/lib/libutee.a(tee_api_arith_mpi.o)
                0x00000000000073ac                _TEE_MathAPI_Init
                0x0000000000007418                TEE_BigIntInit
                0x0000000000007488                TEE_BigIntConvertFromOctetString
                0x000000000000751c                TEE_BigIntConvertToOctetString
                0x00000000000075b0                TEE_BigIntConvertFromS32
                0x0000000000007638                TEE_BigIntConvertToS32
                0x00000000000076e4                TEE_BigIntCmp
                0x0000000000007744                TEE_BigIntCmpS32
                0x0000000000007918                TEE_BigIntShiftRight
                0x0000000000007aac                TEE_BigIntGetBit
                0x0000000000007af8                TEE_BigIntGetBitCount
                0x0000000000007b38                TEE_BigIntAdd
                0x0000000000007b70                TEE_BigIntSub
                0x0000000000007ba8                TEE_BigIntNeg
                0x0000000000007c5c                TEE_BigIntMul
                0x0000000000007d50                TEE_BigIntSquare
                0x0000000000007d6c                TEE_BigIntDiv
                0x0000000000007ecc                TEE_BigIntMod
                0x0000000000007f54                TEE_BigIntAddMod
                0x0000000000007f8c                TEE_BigIntSubMod
                0x0000000000007fc4                TEE_BigIntMulMod
                0x0000000000007ffc                TEE_BigIntSquareMod
                0x000000000000801c                TEE_BigIntInvMod
                0x0000000000008140                TEE_BigIntRelativePrime
                0x0000000000008204                TEE_BigIntComputeExtendedGcd
                0x0000000000008464                TEE_BigIntIsProbablePrime
                0x00000000000084b8                TEE_BigIntInitFMM
                0x00000000000084d0                TEE_BigIntInitFMMContext
                0x00000000000084e0                TEE_BigIntFMMSizeInU32
                0x00000000000084fc                TEE_BigIntFMMContextSizeInU32
                0x0000000000008510                TEE_BigIntConvertToFMM
                0x0000000000008528                TEE_BigIntConvertFromFMM
                0x00000000000085cc                TEE_BigIntComputeFMM
 .text.unlikely
                0x00000000000086e4       0x38 /mnt/nvme0n1p4/soo/optee_os/out/arm-plat-vexpress/export-ta_arm32/lib/libutee.a(tee_api_arith_mpi.o)
 .text          0x000000000000871c     0x3e4c /mnt/nvme0n1p4/soo/optee_os/out/arm-plat-vexpress/export-ta_arm32/lib/libmbedtls.a(bignum.o)
                0x0000000000008d3c                mbedtls_mpi_init
                0x0000000000008d64                mbedtls_mpi_init_mempool
                0x0000000000008db0                mbedtls_mpi_free
                0x0000000000008e30                mbedtls_mpi_grow
                0x0000000000008f28                mbedtls_mpi_shrink
                0x0000000000009064                mbedtls_mpi_copy
                0x0000000000009110                mbedtls_mpi_swap
                0x0000000000009168                mbedtls_mpi_safe_cond_assign
                0x000000000000921c                mbedtls_mpi_safe_cond_swap
                0x00000000000092e4                mbedtls_mpi_lset
                0x0000000000009344                mbedtls_mpi_get_bit
                0x0000000000009378                mbedtls_mpi_set_bit
                0x00000000000093f0                mbedtls_mpi_lsb
                0x000000000000944c                mbedtls_mpi_bitlen
                0x00000000000094c8                mbedtls_mpi_size
                0x00000000000094e4                mbedtls_mpi_read_binary
                0x000000000000959c                mbedtls_mpi_write_binary
                0x0000000000009650                mbedtls_mpi_shift_l
                0x000000000000974c                mbedtls_mpi_shift_r
                0x0000000000009838                mbedtls_mpi_cmp_abs
                0x000000000000990c                mbedtls_mpi_cmp_mpi
                0x0000000000009a18                mbedtls_mpi_cmp_int
                0x0000000000009a64                mbedtls_mpi_add_abs
                0x0000000000009ba4                mbedtls_mpi_sub_abs
                0x0000000000009c80                mbedtls_mpi_add_mpi
                0x0000000000009d04                mbedtls_mpi_sub_mpi
                0x0000000000009d8c                mbedtls_mpi_add_int
                0x0000000000009dd8                mbedtls_mpi_sub_int
                0x0000000000009e24                mbedtls_mpi_mul_mpi
                0x0000000000009f8c                mbedtls_mpi_mul_int
                0x0000000000009fc4                mbedtls_mpi_read_string
                0x000000000000a18c                mbedtls_mpi_div_mpi
                0x000000000000a72c                mbedtls_mpi_div_int
                0x000000000000a778                mbedtls_mpi_mod_mpi
                0x000000000000a82c                mbedtls_mpi_mod_int
                0x000000000000a9a8                mbedtls_mpi_write_string
                0x000000000000abfc                mbedtls_mpi_montg_init
                0x000000000000ac44                mbedtls_mpi_montmul
                0x000000000000ad94                mbedtls_mpi_montred
                0x000000000000add8                mbedtls_mpi_exp_mod
                0x000000000000b424                mbedtls_mpi_gcd
                0x000000000000b5d8                mbedtls_mpi_fill_random
                0x000000000000b8d4                mbedtls_mpi_inv_mod
                0x000000000000bd1c                mbedtls_mpi_is_prime_ext
                0x000000000000bdd4                mbedtls_mpi_is_prime
                0x000000000000bdf8                mbedtls_mpi_gen_prime
                0x000000000000c0e4                mbedtls_mpi_self_test
 .text          0x000000000000c568       0x30 /mnt/nvme0n1p4/soo/optee_os/out/arm-plat-vexpress/export-ta_arm32/lib/libmbedtls.a(platform_util.o)
                0x000000000000c568                mbedtls_platform_zeroize
 .text          0x000000000000c598      0xd7c /mnt/nvme0n1p4/soo/optee_os/out/arm-plat-vexpress/export-ta_arm32/lib/libutils.a(bget_malloc.o)
                0x000000000000c5f4                bget
                0x000000000000c7f4                bgetz
                0x000000000000c880                brel
                0x000000000000cbd0                bgetr
                0x000000000000cc98                bpool
                0x000000000000cd98                bstats
                0x000000000000ce48                malloc_reset_stats
                0x000000000000ce78                malloc_get_stats
                0x000000000000cea8                malloc
                0x000000000000cef0                calloc
                0x000000000000cf4c                realloc
                0x000000000000cf94                free
                0x000000000000cfc4                free_wipe
                0x000000000000cff4                malloc_add_pool
                0x000000000000d11c                malloc_buffer_is_within_alloced
                0x000000000000d28c                malloc_buffer_overlaps_heap
 .text          0x000000000000d314       0x58 /mnt/nvme0n1p4/soo/optee_os/out/arm-plat-vexpress/export-ta_arm32/lib/libutils.a(snprintf.o)
                0x000000000000d314                snprintf
                0x000000000000d348                vsnprintf
 .text          0x000000000000d36c       0x5c /mnt/nvme0n1p4/soo/optee_os/out/arm-plat-vexpress/export-ta_arm32/lib/libutils.a(memmove.o)
                0x000000000000d36c                memmove
 .text          0x000000000000d3c8       0x3c /mnt/nvme0n1p4/soo/optee_os/out/arm-plat-vexpress/export-ta_arm32/lib/libutils.a(strcmp.o)
                0x000000000000d3c8                strcmp
 .text          0x000000000000d404       0x54 /mnt/nvme0n1p4/soo/optee_os/out/arm-plat-vexpress/export-ta_arm32/lib/libutils.a(strlcpy.o)
                0x000000000000d404                strlcpy
 .text          0x000000000000d458      0x1cc /mnt/nvme0n1p4/soo/optee_os/out/arm-plat-vexpress/export-ta_arm32/lib/libutils.a(mempool.o)
                0x000000000000d458                mempool_alloc_pool
                0x000000000000d4c4                mempool_alloc
                0x000000000000d588                mempool_calloc
                0x000000000000d5cc                mempool_free
 .text          0x000000000000d624       0x7c /mnt/nvme0n1p4/soo/optee_os/out/arm-plat-vexpress/export-ta_arm32/lib/libutils.a(consttime_memcmp.o)
                0x000000000000d624                consttime_memcmp
 .text          0x000000000000d6a0       0x5c /mnt/nvme0n1p4/soo/optee_os/out/arm-plat-vexpress/export-ta_arm32/lib/libutee.a(assert.o)
                0x000000000000d6a0                _assert_log
                0x000000000000d6e0                _assert_break
 .text          0x000000000000d6fc        0x0 ./ta_entry_a32.o
 .text          0x000000000000d6fc        0x0 /mnt/nvme0n1p4/soo/optee_os/out/arm-plat-vexpress/export-ta_arm32/lib/libutils.a(arm32_aeabi_ldivmod_a32.o)
 *(SORT(.stub))
 *(SORT(.glue_7))
 .glue_7        0x000000000000d6fc        0x0 linker stubs
 *(SORT(.glue_7t))
 .glue_7t       0x000000000000d6fc        0x0 linker stubs
 *(SORT(.gnu.linkonce.t.*))
 *(SORT(.vfp11_veneer))
 .vfp11_veneer  0x000000000000d6fc        0x0 linker stubs
                0x000000000000d6fc                __text_end = .

.v4_bx          0x000000000000d6fc        0x0
 .v4_bx         0x000000000000d6fc        0x0 linker stubs

.iplt           0x000000000000d6fc        0x0
 .iplt          0x000000000000d6fc        0x0 ./asf.o

.plt            0x000000000000d6fc        0x0
 *(SORT(.plt))
 .plt           0x000000000000d6fc        0x0 ./asf.o

.eh_frame
 *(SORT(.eh_frame))

.rodata         0x000000000000d6fc     0x119e
 *(SORT(.gnu.linkonce.r.*))
 *(SORT(.rodata) SORT(.rodata.*))
 .rodata.user_ta_header.c
                0x000000000000d6fc       0x17 ./user_ta_header.o
                0x000000000000d6fc                ta_num_props
                0x000000000000d70c                ta_heap_size
                0x000000000000d710                trace_ext_prefix
 *fill*         0x000000000000d713        0x1 
 .rodata.lib/libutee/tee_api_property.c
                0x000000000000d714        0xc /mnt/nvme0n1p4/soo/optee_os/out/arm-plat-vexpress/export-ta_arm32/lib/libutee.a(tee_api_property.o)
 .rodata.lib/libutee/tee_system_pta.c
                0x000000000000d720       0x1a /mnt/nvme0n1p4/soo/optee_os/out/arm-plat-vexpress/export-ta_arm32/lib/libutee.a(tee_system_pta.o)
 *fill*         0x000000000000d73a        0x2 
 .rodata.lib/libmbedtls/mbedtls/library/bignum.c
                0x000000000000d73c      0x2c4 /mnt/nvme0n1p4/soo/optee_os/out/arm-plat-vexpress/export-ta_arm32/lib/libmbedtls.a(bignum.o)
 .rodata.asf.c  0x000000000000da00       0x40 ./asf.o
 .rodata.str1.1.asf.c
                0x000000000000da40      0x1d4 ./asf.o
 .rodata.str1.1.user_ta_header.c
                0x000000000000dc14      0x118 ./user_ta_header.o
                                        0x137 (size before relaxing)
 .rodata.lib/libutils/ext/trace.c
                0x000000000000dd2c        0x5 /mnt/nvme0n1p4/soo/optee_os/out/arm-plat-vexpress/export-ta_arm32/lib/libutils.a(trace.o)
 .rodata.str1.1.lib/libutils/ext/trace.c
                0x000000000000dd31       0x1a /mnt/nvme0n1p4/soo/optee_os/out/arm-plat-vexpress/export-ta_arm32/lib/libutils.a(trace.o)
                                         0x1b (size before relaxing)
 .rodata.lib/libutils/ext/snprintk.c
                0x000000000000dd4b       0x22 /mnt/nvme0n1p4/soo/optee_os/out/arm-plat-vexpress/export-ta_arm32/lib/libutils.a(snprintk.o)
 .rodata.str1.1.lib/libutils/ext/snprintk.c
                0x000000000000dd6d       0x38 /mnt/nvme0n1p4/soo/optee_os/out/arm-plat-vexpress/export-ta_arm32/lib/libutils.a(snprintk.o)
 .rodata.str1.1.lib/libutee/trace_ext.c
                0x000000000000dda5       0x38 /mnt/nvme0n1p4/soo/optee_os/out/arm-plat-vexpress/export-ta_arm32/lib/libutee.a(trace_ext.o)
                                          0x2 (size before relaxing)
 .rodata.str1.1.lib/libutee/tee_api_property.c
                0x000000000000dda5       0x66 /mnt/nvme0n1p4/soo/optee_os/out/arm-plat-vexpress/export-ta_arm32/lib/libutee.a(tee_api_property.o)
                                         0x6b (size before relaxing)
 .rodata.lib/libutee/base64.c
                0x000000000000de0b       0x41 /mnt/nvme0n1p4/soo/optee_os/out/arm-plat-vexpress/export-ta_arm32/lib/libutee.a(base64.o)
 .rodata.lib/libutee/tee_api.c
                0x000000000000de4c        0xb /mnt/nvme0n1p4/soo/optee_os/out/arm-plat-vexpress/export-ta_arm32/lib/libutee.a(tee_api.o)
 .rodata.str1.1.lib/libutee/tee_api.c
                0x000000000000de57       0x11 /mnt/nvme0n1p4/soo/optee_os/out/arm-plat-vexpress/export-ta_arm32/lib/libutee.a(tee_api.o)
 .rodata.str1.1.lib/libutee/tee_system_pta.c
                0x000000000000de68       0x2a /mnt/nvme0n1p4/soo/optee_os/out/arm-plat-vexpress/export-ta_arm32/lib/libutee.a(tee_system_pta.o)
 .rodata.lib/libutee/tee_api_arith_mpi.c
                0x000000000000de92      0x13d /mnt/nvme0n1p4/soo/optee_os/out/arm-plat-vexpress/export-ta_arm32/lib/libutee.a(tee_api_arith_mpi.o)
 .rodata.str1.1.lib/libutee/tee_api_arith_mpi.c
                0x000000000000dfcf       0xb7 /mnt/nvme0n1p4/soo/optee_os/out/arm-plat-vexpress/export-ta_arm32/lib/libutee.a(tee_api_arith_mpi.o)
 .rodata.str1.1.lib/libmbedtls/mbedtls/library/bignum.c
                0x000000000000e086      0x456 /mnt/nvme0n1p4/soo/optee_os/out/arm-plat-vexpress/export-ta_arm32/lib/libmbedtls.a(bignum.o)
                                        0x45d (size before relaxing)
 .rodata.lib/libutils/isoc/bget_malloc.c
                0x000000000000e4dc       0x58 /mnt/nvme0n1p4/soo/optee_os/out/arm-plat-vexpress/export-ta_arm32/lib/libutils.a(bget_malloc.o)
 .rodata.str1.1.lib/libutils/isoc/bget_malloc.c
                0x000000000000e534      0x2a4 /mnt/nvme0n1p4/soo/optee_os/out/arm-plat-vexpress/export-ta_arm32/lib/libutils.a(bget_malloc.o)
                                        0x2ad (size before relaxing)
 .rodata.lib/libutils/ext/mempool.c
                0x000000000000e7d8       0x21 /mnt/nvme0n1p4/soo/optee_os/out/arm-plat-vexpress/export-ta_arm32/lib/libutils.a(mempool.o)
 .rodata.str1.1.lib/libutils/ext/mempool.c
                0x000000000000e7f9       0x7a /mnt/nvme0n1p4/soo/optee_os/out/arm-plat-vexpress/export-ta_arm32/lib/libutils.a(mempool.o)
 .rodata.str1.1.lib/libutee/assert.c
                0x000000000000e873       0x27 /mnt/nvme0n1p4/soo/optee_os/out/arm-plat-vexpress/export-ta_arm32/lib/libutee.a(assert.o)

.ARM.extab      0x000000000000e89c      0xc90
 .ARM.extab     0x000000000000e89c       0x48 ./asf.o
 .ARM.extab     0x000000000000e8e4       0x18 ./user_ta_header.o
 .ARM.extab     0x000000000000e8fc        0xc /mnt/nvme0n1p4/soo/optee_os/out/arm-plat-vexpress/export-ta_arm32/lib/libutils.a(memcpy.o)
 .ARM.extab     0x000000000000e908        0xc /mnt/nvme0n1p4/soo/optee_os/out/arm-plat-vexpress/export-ta_arm32/lib/libutils.a(memset.o)
 .ARM.extab     0x000000000000e914       0x3c /mnt/nvme0n1p4/soo/optee_os/out/arm-plat-vexpress/export-ta_arm32/lib/libutils.a(trace.o)
 .ARM.extab     0x000000000000e950       0x24 /mnt/nvme0n1p4/soo/optee_os/out/arm-plat-vexpress/export-ta_arm32/lib/libutils.a(aeabi_unwind.o)
 .ARM.extab     0x000000000000e974       0x28 /mnt/nvme0n1p4/soo/optee_os/out/arm-plat-vexpress/export-ta_arm32/lib/libutils.a(snprintk.o)
 .ARM.extab     0x000000000000e99c        0xc /mnt/nvme0n1p4/soo/optee_os/out/arm-plat-vexpress/export-ta_arm32/lib/libutils.a(memchr.o)
 .ARM.extab     0x000000000000e9a8        0xc /mnt/nvme0n1p4/soo/optee_os/out/arm-plat-vexpress/export-ta_arm32/lib/libutils.a(strlen.o)
 .ARM.extab     0x000000000000e9b4       0x18 /mnt/nvme0n1p4/soo/optee_os/out/arm-plat-vexpress/export-ta_arm32/lib/libutils.a(arm32_aeabi_ldivmod.o)
 .ARM.extab     0x000000000000e9cc       0x40 /mnt/nvme0n1p4/soo/optee_os/out/arm-plat-vexpress/export-ta_arm32/lib/libutee.a(trace_ext.o)
 .ARM.extab     0x000000000000ea0c       0xb4 /mnt/nvme0n1p4/soo/optee_os/out/arm-plat-vexpress/export-ta_arm32/lib/libutee.a(tee_api_property.o)
 .ARM.extab     0x000000000000eac0       0x24 /mnt/nvme0n1p4/soo/optee_os/out/arm-plat-vexpress/export-ta_arm32/lib/libutee.a(base64.o)
 .ARM.extab     0x000000000000eae4      0x12c /mnt/nvme0n1p4/soo/optee_os/out/arm-plat-vexpress/export-ta_arm32/lib/libutee.a(tee_api.o)
 .ARM.extab     0x000000000000ec10      0x174 /mnt/nvme0n1p4/soo/optee_os/out/arm-plat-vexpress/export-ta_arm32/lib/libutee.a(tee_api_objects.o)
 .ARM.extab     0x000000000000ed84      0x168 /mnt/nvme0n1p4/soo/optee_os/out/arm-plat-vexpress/export-ta_arm32/lib/libutee.a(tee_api_operations.o)
 .ARM.extab     0x000000000000eeec        0xc /mnt/nvme0n1p4/soo/optee_os/out/arm-plat-vexpress/export-ta_arm32/lib/libutee.a(tee_api_panic.o)
 .ARM.extab     0x000000000000eef8       0x24 /mnt/nvme0n1p4/soo/optee_os/out/arm-plat-vexpress/export-ta_arm32/lib/libutee.a(tee_system_pta.o)
 .ARM.extab     0x000000000000ef1c       0x3c /mnt/nvme0n1p4/soo/optee_os/out/arm-plat-vexpress/export-ta_arm32/lib/libutee.a(user_ta_entry.o)
 .ARM.extab     0x000000000000ef58      0x1ec /mnt/nvme0n1p4/soo/optee_os/out/arm-plat-vexpress/export-ta_arm32/lib/libutee.a(tee_api_arith_mpi.o)
 .ARM.extab     0x000000000000f144      0x27c /mnt/nvme0n1p4/soo/optee_os/out/arm-plat-vexpress/export-ta_arm32/lib/libmbedtls.a(bignum.o)
 .ARM.extab     0x000000000000f3c0        0xc /mnt/nvme0n1p4/soo/optee_os/out/arm-plat-vexpress/export-ta_arm32/lib/libmbedtls.a(platform_util.o)
 .ARM.extab     0x000000000000f3cc       0xcc /mnt/nvme0n1p4/soo/optee_os/out/arm-plat-vexpress/export-ta_arm32/lib/libutils.a(bget_malloc.o)
 .ARM.extab     0x000000000000f498       0x1c /mnt/nvme0n1p4/soo/optee_os/out/arm-plat-vexpress/export-ta_arm32/lib/libutils.a(snprintf.o)
 .ARM.extab     0x000000000000f4b4        0xc /mnt/nvme0n1p4/soo/optee_os/out/arm-plat-vexpress/export-ta_arm32/lib/libutils.a(memmove.o)
 .ARM.extab     0x000000000000f4c0        0xc /mnt/nvme0n1p4/soo/optee_os/out/arm-plat-vexpress/export-ta_arm32/lib/libutils.a(strcmp.o)
 .ARM.extab     0x000000000000f4cc        0xc /mnt/nvme0n1p4/soo/optee_os/out/arm-plat-vexpress/export-ta_arm32/lib/libutils.a(strlcpy.o)
 .ARM.extab     0x000000000000f4d8       0x30 /mnt/nvme0n1p4/soo/optee_os/out/arm-plat-vexpress/export-ta_arm32/lib/libutils.a(mempool.o)
 .ARM.extab     0x000000000000f508        0xc /mnt/nvme0n1p4/soo/optee_os/out/arm-plat-vexpress/export-ta_arm32/lib/libutils.a(consttime_memcmp.o)
 .ARM.extab     0x000000000000f514       0x18 /mnt/nvme0n1p4/soo/optee_os/out/arm-plat-vexpress/export-ta_arm32/lib/libutee.a(assert.o)

.gnu.version_d  0x000000000000f52c        0x0
 .gnu.version_d
                0x000000000000f52c        0x0 ./asf.o

.gnu.version    0x000000000000f52c        0x0
 .gnu.version   0x000000000000f52c        0x0 ./asf.o

.gnu.version_r  0x000000000000f52c        0x0
 .gnu.version_r
                0x000000000000f52c        0x0 ./asf.o

.ARM.extab.text.__ta_entry
                0x000000000000f52c        0x0
 .ARM.extab.text.__ta_entry
                0x000000000000f52c        0x0 ./ta_entry_a32.o

.ARM.extab.text.__aeabi_ldivmod
                0x000000000000f52c        0xc
 .ARM.extab.text.__aeabi_ldivmod
                0x000000000000f52c        0xc /mnt/nvme0n1p4/soo/optee_os/out/arm-plat-vexpress/export-ta_arm32/lib/libutils.a(arm32_aeabi_ldivmod_a32.o)

.ARM.extab.text.__aeabi_uldivmod
                0x000000000000f538        0xc
 .ARM.extab.text.__aeabi_uldivmod
                0x000000000000f538        0xc /mnt/nvme0n1p4/soo/optee_os/out/arm-plat-vexpress/export-ta_arm32/lib/libutils.a(arm32_aeabi_ldivmod_a32.o)

.ARM.extab.text.utee_panic
                0x000000000000f544        0xc
 .ARM.extab.text.utee_panic
                0x000000000000f544        0xc /mnt/nvme0n1p4/soo/optee_os/out/arm-plat-vexpress/export-ta_arm32/lib/libutee.a(utee_syscalls_a32.o)

.ARM.extab.text.utee_return
                0x000000000000f550        0x0
 .ARM.extab.text.utee_return
                0x000000000000f550        0x0 /mnt/nvme0n1p4/soo/optee_os/out/arm-plat-vexpress/export-ta_arm32/lib/libutee.a(utee_syscalls_a32.o)

.ARM.extab.text.utee_log
                0x000000000000f550        0x0
 .ARM.extab.text.utee_log
                0x000000000000f550        0x0 /mnt/nvme0n1p4/soo/optee_os/out/arm-plat-vexpress/export-ta_arm32/lib/libutee.a(utee_syscalls_a32.o)

.ARM.extab.text.__utee_panic
                0x000000000000f550        0x0
 .ARM.extab.text.__utee_panic
                0x000000000000f550        0x0 /mnt/nvme0n1p4/soo/optee_os/out/arm-plat-vexpress/export-ta_arm32/lib/libutee.a(utee_syscalls_a32.o)

.ARM.extab.text.utee_get_property
                0x000000000000f550        0x0
 .ARM.extab.text.utee_get_property
                0x000000000000f550        0x0 /mnt/nvme0n1p4/soo/optee_os/out/arm-plat-vexpress/export-ta_arm32/lib/libutee.a(utee_syscalls_a32.o)

.ARM.extab.text.utee_get_property_name_to_index
                0x000000000000f550        0x0
 .ARM.extab.text.utee_get_property_name_to_index
                0x000000000000f550        0x0 /mnt/nvme0n1p4/soo/optee_os/out/arm-plat-vexpress/export-ta_arm32/lib/libutee.a(utee_syscalls_a32.o)

.ARM.extab.text.utee_open_ta_session
                0x000000000000f550        0x0
 .ARM.extab.text.utee_open_ta_session
                0x000000000000f550        0x0 /mnt/nvme0n1p4/soo/optee_os/out/arm-plat-vexpress/export-ta_arm32/lib/libutee.a(utee_syscalls_a32.o)

.ARM.extab.text.utee_close_ta_session
                0x000000000000f550        0x0
 .ARM.extab.text.utee_close_ta_session
                0x000000000000f550        0x0 /mnt/nvme0n1p4/soo/optee_os/out/arm-plat-vexpress/export-ta_arm32/lib/libutee.a(utee_syscalls_a32.o)

.ARM.extab.text.utee_invoke_ta_command
                0x000000000000f550        0x0
 .ARM.extab.text.utee_invoke_ta_command
                0x000000000000f550        0x0 /mnt/nvme0n1p4/soo/optee_os/out/arm-plat-vexpress/export-ta_arm32/lib/libutee.a(utee_syscalls_a32.o)

.ARM.extab.text.utee_get_cancellation_flag
                0x000000000000f550        0x0
 .ARM.extab.text.utee_get_cancellation_flag
                0x000000000000f550        0x0 /mnt/nvme0n1p4/soo/optee_os/out/arm-plat-vexpress/export-ta_arm32/lib/libutee.a(utee_syscalls_a32.o)

.ARM.extab.text.utee_check_access_rights
                0x000000000000f550        0x0
 .ARM.extab.text.utee_check_access_rights
                0x000000000000f550        0x0 /mnt/nvme0n1p4/soo/optee_os/out/arm-plat-vexpress/export-ta_arm32/lib/libutee.a(utee_syscalls_a32.o)

.ARM.extab.text.utee_unmask_cancellation
                0x000000000000f550        0x0
 .ARM.extab.text.utee_unmask_cancellation
                0x000000000000f550        0x0 /mnt/nvme0n1p4/soo/optee_os/out/arm-plat-vexpress/export-ta_arm32/lib/libutee.a(utee_syscalls_a32.o)

.ARM.extab.text.utee_mask_cancellation
                0x000000000000f550        0x0
 .ARM.extab.text.utee_mask_cancellation
                0x000000000000f550        0x0 /mnt/nvme0n1p4/soo/optee_os/out/arm-plat-vexpress/export-ta_arm32/lib/libutee.a(utee_syscalls_a32.o)

.ARM.extab.text.utee_wait
                0x000000000000f550        0x0
 .ARM.extab.text.utee_wait
                0x000000000000f550        0x0 /mnt/nvme0n1p4/soo/optee_os/out/arm-plat-vexpress/export-ta_arm32/lib/libutee.a(utee_syscalls_a32.o)

.ARM.extab.text.utee_get_time
                0x000000000000f550        0x0
 .ARM.extab.text.utee_get_time
                0x000000000000f550        0x0 /mnt/nvme0n1p4/soo/optee_os/out/arm-plat-vexpress/export-ta_arm32/lib/libutee.a(utee_syscalls_a32.o)

.ARM.extab.text.utee_set_ta_time
                0x000000000000f550        0x0
 .ARM.extab.text.utee_set_ta_time
                0x000000000000f550        0x0 /mnt/nvme0n1p4/soo/optee_os/out/arm-plat-vexpress/export-ta_arm32/lib/libutee.a(utee_syscalls_a32.o)

.ARM.extab.text.utee_cryp_state_alloc
                0x000000000000f550        0x0
 .ARM.extab.text.utee_cryp_state_alloc
                0x000000000000f550        0x0 /mnt/nvme0n1p4/soo/optee_os/out/arm-plat-vexpress/export-ta_arm32/lib/libutee.a(utee_syscalls_a32.o)

.ARM.extab.text.utee_cryp_state_copy
                0x000000000000f550        0x0
 .ARM.extab.text.utee_cryp_state_copy
                0x000000000000f550        0x0 /mnt/nvme0n1p4/soo/optee_os/out/arm-plat-vexpress/export-ta_arm32/lib/libutee.a(utee_syscalls_a32.o)

.ARM.extab.text.utee_cryp_state_free
                0x000000000000f550        0x0
 .ARM.extab.text.utee_cryp_state_free
                0x000000000000f550        0x0 /mnt/nvme0n1p4/soo/optee_os/out/arm-plat-vexpress/export-ta_arm32/lib/libutee.a(utee_syscalls_a32.o)

.ARM.extab.text.utee_hash_init
                0x000000000000f550        0x0
 .ARM.extab.text.utee_hash_init
                0x000000000000f550        0x0 /mnt/nvme0n1p4/soo/optee_os/out/arm-plat-vexpress/export-ta_arm32/lib/libutee.a(utee_syscalls_a32.o)

.ARM.extab.text.utee_hash_update
                0x000000000000f550        0x0
 .ARM.extab.text.utee_hash_update
                0x000000000000f550        0x0 /mnt/nvme0n1p4/soo/optee_os/out/arm-plat-vexpress/export-ta_arm32/lib/libutee.a(utee_syscalls_a32.o)

.ARM.extab.text.utee_hash_final
                0x000000000000f550        0x0
 .ARM.extab.text.utee_hash_final
                0x000000000000f550        0x0 /mnt/nvme0n1p4/soo/optee_os/out/arm-plat-vexpress/export-ta_arm32/lib/libutee.a(utee_syscalls_a32.o)

.ARM.extab.text.utee_cipher_init
                0x000000000000f550        0x0
 .ARM.extab.text.utee_cipher_init
                0x000000000000f550        0x0 /mnt/nvme0n1p4/soo/optee_os/out/arm-plat-vexpress/export-ta_arm32/lib/libutee.a(utee_syscalls_a32.o)

.ARM.extab.text.utee_cipher_update
                0x000000000000f550        0x0
 .ARM.extab.text.utee_cipher_update
                0x000000000000f550        0x0 /mnt/nvme0n1p4/soo/optee_os/out/arm-plat-vexpress/export-ta_arm32/lib/libutee.a(utee_syscalls_a32.o)

.ARM.extab.text.utee_cipher_final
                0x000000000000f550        0x0
 .ARM.extab.text.utee_cipher_final
                0x000000000000f550        0x0 /mnt/nvme0n1p4/soo/optee_os/out/arm-plat-vexpress/export-ta_arm32/lib/libutee.a(utee_syscalls_a32.o)

.ARM.extab.text.utee_cryp_obj_get_info
                0x000000000000f550        0x0
 .ARM.extab.text.utee_cryp_obj_get_info
                0x000000000000f550        0x0 /mnt/nvme0n1p4/soo/optee_os/out/arm-plat-vexpress/export-ta_arm32/lib/libutee.a(utee_syscalls_a32.o)

.ARM.extab.text.utee_cryp_obj_restrict_usage
                0x000000000000f550        0x0
 .ARM.extab.text.utee_cryp_obj_restrict_usage
                0x000000000000f550        0x0 /mnt/nvme0n1p4/soo/optee_os/out/arm-plat-vexpress/export-ta_arm32/lib/libutee.a(utee_syscalls_a32.o)

.ARM.extab.text.utee_cryp_obj_get_attr
                0x000000000000f550        0x0
 .ARM.extab.text.utee_cryp_obj_get_attr
                0x000000000000f550        0x0 /mnt/nvme0n1p4/soo/optee_os/out/arm-plat-vexpress/export-ta_arm32/lib/libutee.a(utee_syscalls_a32.o)

.ARM.extab.text.utee_cryp_obj_alloc
                0x000000000000f550        0x0
 .ARM.extab.text.utee_cryp_obj_alloc
                0x000000000000f550        0x0 /mnt/nvme0n1p4/soo/optee_os/out/arm-plat-vexpress/export-ta_arm32/lib/libutee.a(utee_syscalls_a32.o)

.ARM.extab.text.utee_cryp_obj_close
                0x000000000000f550        0x0
 .ARM.extab.text.utee_cryp_obj_close
                0x000000000000f550        0x0 /mnt/nvme0n1p4/soo/optee_os/out/arm-plat-vexpress/export-ta_arm32/lib/libutee.a(utee_syscalls_a32.o)

.ARM.extab.text.utee_cryp_obj_reset
                0x000000000000f550        0x0
 .ARM.extab.text.utee_cryp_obj_reset
                0x000000000000f550        0x0 /mnt/nvme0n1p4/soo/optee_os/out/arm-plat-vexpress/export-ta_arm32/lib/libutee.a(utee_syscalls_a32.o)

.ARM.extab.text.utee_cryp_obj_populate
                0x000000000000f550        0x0
 .ARM.extab.text.utee_cryp_obj_populate
                0x000000000000f550        0x0 /mnt/nvme0n1p4/soo/optee_os/out/arm-plat-vexpress/export-ta_arm32/lib/libutee.a(utee_syscalls_a32.o)

.ARM.extab.text.utee_cryp_obj_copy
                0x000000000000f550        0x0
 .ARM.extab.text.utee_cryp_obj_copy
                0x000000000000f550        0x0 /mnt/nvme0n1p4/soo/optee_os/out/arm-plat-vexpress/export-ta_arm32/lib/libutee.a(utee_syscalls_a32.o)

.ARM.extab.text.utee_cryp_derive_key
                0x000000000000f550        0x0
 .ARM.extab.text.utee_cryp_derive_key
                0x000000000000f550        0x0 /mnt/nvme0n1p4/soo/optee_os/out/arm-plat-vexpress/export-ta_arm32/lib/libutee.a(utee_syscalls_a32.o)

.ARM.extab.text.utee_cryp_random_number_generate
                0x000000000000f550        0x0
 .ARM.extab.text.utee_cryp_random_number_generate
                0x000000000000f550        0x0 /mnt/nvme0n1p4/soo/optee_os/out/arm-plat-vexpress/export-ta_arm32/lib/libutee.a(utee_syscalls_a32.o)

.ARM.extab.text.utee_authenc_init
                0x000000000000f550        0x0
 .ARM.extab.text.utee_authenc_init
                0x000000000000f550        0x0 /mnt/nvme0n1p4/soo/optee_os/out/arm-plat-vexpress/export-ta_arm32/lib/libutee.a(utee_syscalls_a32.o)

.ARM.extab.text.utee_authenc_update_aad
                0x000000000000f550        0x0
 .ARM.extab.text.utee_authenc_update_aad
                0x000000000000f550        0x0 /mnt/nvme0n1p4/soo/optee_os/out/arm-plat-vexpress/export-ta_arm32/lib/libutee.a(utee_syscalls_a32.o)

.ARM.extab.text.utee_authenc_update_payload
                0x000000000000f550        0x0
 .ARM.extab.text.utee_authenc_update_payload
                0x000000000000f550        0x0 /mnt/nvme0n1p4/soo/optee_os/out/arm-plat-vexpress/export-ta_arm32/lib/libutee.a(utee_syscalls_a32.o)

.ARM.extab.text.utee_authenc_enc_final
                0x000000000000f550        0x0
 .ARM.extab.text.utee_authenc_enc_final
                0x000000000000f550        0x0 /mnt/nvme0n1p4/soo/optee_os/out/arm-plat-vexpress/export-ta_arm32/lib/libutee.a(utee_syscalls_a32.o)

.ARM.extab.text.utee_authenc_dec_final
                0x000000000000f550        0x0
 .ARM.extab.text.utee_authenc_dec_final
                0x000000000000f550        0x0 /mnt/nvme0n1p4/soo/optee_os/out/arm-plat-vexpress/export-ta_arm32/lib/libutee.a(utee_syscalls_a32.o)

.ARM.extab.text.utee_asymm_operate
                0x000000000000f550        0x0
 .ARM.extab.text.utee_asymm_operate
                0x000000000000f550        0x0 /mnt/nvme0n1p4/soo/optee_os/out/arm-plat-vexpress/export-ta_arm32/lib/libutee.a(utee_syscalls_a32.o)

.ARM.extab.text.utee_asymm_verify
                0x000000000000f550        0x0
 .ARM.extab.text.utee_asymm_verify
                0x000000000000f550        0x0 /mnt/nvme0n1p4/soo/optee_os/out/arm-plat-vexpress/export-ta_arm32/lib/libutee.a(utee_syscalls_a32.o)

.ARM.extab.text.utee_storage_obj_open
                0x000000000000f550        0x0
 .ARM.extab.text.utee_storage_obj_open
                0x000000000000f550        0x0 /mnt/nvme0n1p4/soo/optee_os/out/arm-plat-vexpress/export-ta_arm32/lib/libutee.a(utee_syscalls_a32.o)

.ARM.extab.text.utee_storage_obj_create
                0x000000000000f550        0x0
 .ARM.extab.text.utee_storage_obj_create
                0x000000000000f550        0x0 /mnt/nvme0n1p4/soo/optee_os/out/arm-plat-vexpress/export-ta_arm32/lib/libutee.a(utee_syscalls_a32.o)

.ARM.extab.text.utee_storage_obj_del
                0x000000000000f550        0x0
 .ARM.extab.text.utee_storage_obj_del
                0x000000000000f550        0x0 /mnt/nvme0n1p4/soo/optee_os/out/arm-plat-vexpress/export-ta_arm32/lib/libutee.a(utee_syscalls_a32.o)

.ARM.extab.text.utee_storage_obj_rename
                0x000000000000f550        0x0
 .ARM.extab.text.utee_storage_obj_rename
                0x000000000000f550        0x0 /mnt/nvme0n1p4/soo/optee_os/out/arm-plat-vexpress/export-ta_arm32/lib/libutee.a(utee_syscalls_a32.o)

.ARM.extab.text.utee_storage_alloc_enum
                0x000000000000f550        0x0
 .ARM.extab.text.utee_storage_alloc_enum
                0x000000000000f550        0x0 /mnt/nvme0n1p4/soo/optee_os/out/arm-plat-vexpress/export-ta_arm32/lib/libutee.a(utee_syscalls_a32.o)

.ARM.extab.text.utee_storage_free_enum
                0x000000000000f550        0x0
 .ARM.extab.text.utee_storage_free_enum
                0x000000000000f550        0x0 /mnt/nvme0n1p4/soo/optee_os/out/arm-plat-vexpress/export-ta_arm32/lib/libutee.a(utee_syscalls_a32.o)

.ARM.extab.text.utee_storage_reset_enum
                0x000000000000f550        0x0
 .ARM.extab.text.utee_storage_reset_enum
                0x000000000000f550        0x0 /mnt/nvme0n1p4/soo/optee_os/out/arm-plat-vexpress/export-ta_arm32/lib/libutee.a(utee_syscalls_a32.o)

.ARM.extab.text.utee_storage_start_enum
                0x000000000000f550        0x0
 .ARM.extab.text.utee_storage_start_enum
                0x000000000000f550        0x0 /mnt/nvme0n1p4/soo/optee_os/out/arm-plat-vexpress/export-ta_arm32/lib/libutee.a(utee_syscalls_a32.o)

.ARM.extab.text.utee_storage_next_enum
                0x000000000000f550        0x0
 .ARM.extab.text.utee_storage_next_enum
                0x000000000000f550        0x0 /mnt/nvme0n1p4/soo/optee_os/out/arm-plat-vexpress/export-ta_arm32/lib/libutee.a(utee_syscalls_a32.o)

.ARM.extab.text.utee_storage_obj_read
                0x000000000000f550        0x0
 .ARM.extab.text.utee_storage_obj_read
                0x000000000000f550        0x0 /mnt/nvme0n1p4/soo/optee_os/out/arm-plat-vexpress/export-ta_arm32/lib/libutee.a(utee_syscalls_a32.o)

.ARM.extab.text.utee_storage_obj_write
                0x000000000000f550        0x0
 .ARM.extab.text.utee_storage_obj_write
                0x000000000000f550        0x0 /mnt/nvme0n1p4/soo/optee_os/out/arm-plat-vexpress/export-ta_arm32/lib/libutee.a(utee_syscalls_a32.o)

.ARM.extab.text.utee_storage_obj_trunc
                0x000000000000f550        0x0
 .ARM.extab.text.utee_storage_obj_trunc
                0x000000000000f550        0x0 /mnt/nvme0n1p4/soo/optee_os/out/arm-plat-vexpress/export-ta_arm32/lib/libutee.a(utee_syscalls_a32.o)

.ARM.extab.text.utee_storage_obj_seek
                0x000000000000f550        0x0
 .ARM.extab.text.utee_storage_obj_seek
                0x000000000000f550        0x0 /mnt/nvme0n1p4/soo/optee_os/out/arm-plat-vexpress/export-ta_arm32/lib/libutee.a(utee_syscalls_a32.o)

.ARM.extab.text.utee_cryp_obj_generate_key
                0x000000000000f550        0x0
 .ARM.extab.text.utee_cryp_obj_generate_key
                0x000000000000f550        0x0 /mnt/nvme0n1p4/soo/optee_os/out/arm-plat-vexpress/export-ta_arm32/lib/libutee.a(utee_syscalls_a32.o)

.ARM.extab.text.utee_cache_operation
                0x000000000000f550        0x0
 .ARM.extab.text.utee_cache_operation
                0x000000000000f550        0x0 /mnt/nvme0n1p4/soo/optee_os/out/arm-plat-vexpress/export-ta_arm32/lib/libutee.a(utee_syscalls_a32.o)

.ARM.extab.text.unlikely
                0x000000000000f550        0xc
 .ARM.extab.text.unlikely
                0x000000000000f550        0xc /mnt/nvme0n1p4/soo/optee_os/out/arm-plat-vexpress/export-ta_arm32/lib/libutee.a(tee_api_arith_mpi.o)

.ARM.exidx      0x000000000000f55c      0x890
 *(SORT(.ARM.exidx*) SORT(.gnu.linkonce.armexidx.*))
 .ARM.exidx     0x000000000000f55c       0x30 ./asf.o
 .ARM.exidx     0x000000000000f58c       0x10 ./user_ta_header.o
 .ARM.exidx.text.__ta_entry
                0x000000000000f59c        0x8 ./ta_entry_a32.o
 .ARM.exidx     0x000000000000f5a4        0x8 /mnt/nvme0n1p4/soo/optee_os/out/arm-plat-vexpress/export-ta_arm32/lib/libutils.a(memcpy.o)
 .ARM.exidx     0x000000000000f5ac        0x8 /mnt/nvme0n1p4/soo/optee_os/out/arm-plat-vexpress/export-ta_arm32/lib/libutils.a(memset.o)
 .ARM.exidx     0x000000000000f5b4       0x28 /mnt/nvme0n1p4/soo/optee_os/out/arm-plat-vexpress/export-ta_arm32/lib/libutils.a(trace.o)
 .ARM.exidx     0x000000000000f5dc       0x18 /mnt/nvme0n1p4/soo/optee_os/out/arm-plat-vexpress/export-ta_arm32/lib/libutils.a(aeabi_unwind.o)
 .ARM.exidx     0x000000000000f5f4       0x18 /mnt/nvme0n1p4/soo/optee_os/out/arm-plat-vexpress/export-ta_arm32/lib/libutils.a(snprintk.o)
 .ARM.exidx     0x000000000000f60c        0x8 /mnt/nvme0n1p4/soo/optee_os/out/arm-plat-vexpress/export-ta_arm32/lib/libutils.a(memchr.o)
 .ARM.exidx     0x000000000000f614        0x8 /mnt/nvme0n1p4/soo/optee_os/out/arm-plat-vexpress/export-ta_arm32/lib/libutils.a(strlen.o)
 .ARM.exidx.text.__aeabi_ldivmod
                0x000000000000f61c        0x8 /mnt/nvme0n1p4/soo/optee_os/out/arm-plat-vexpress/export-ta_arm32/lib/libutils.a(arm32_aeabi_ldivmod_a32.o)
 .ARM.exidx.text.__aeabi_uldivmod
                0x000000000000f624        0x8 /mnt/nvme0n1p4/soo/optee_os/out/arm-plat-vexpress/export-ta_arm32/lib/libutils.a(arm32_aeabi_ldivmod_a32.o)
 .ARM.exidx     0x000000000000f62c       0x10 /mnt/nvme0n1p4/soo/optee_os/out/arm-plat-vexpress/export-ta_arm32/lib/libutils.a(arm32_aeabi_ldivmod.o)
 .ARM.exidx     0x000000000000f63c       0x28 /mnt/nvme0n1p4/soo/optee_os/out/arm-plat-vexpress/export-ta_arm32/lib/libutee.a(trace_ext.o)
 .ARM.exidx     0x000000000000f664       0x78 /mnt/nvme0n1p4/soo/optee_os/out/arm-plat-vexpress/export-ta_arm32/lib/libutee.a(tee_api_property.o)
 .ARM.exidx     0x000000000000f6dc       0x18 /mnt/nvme0n1p4/soo/optee_os/out/arm-plat-vexpress/export-ta_arm32/lib/libutee.a(base64.o)
 .ARM.exidx     0x000000000000f6f4       0xc8 /mnt/nvme0n1p4/soo/optee_os/out/arm-plat-vexpress/export-ta_arm32/lib/libutee.a(tee_api.o)
 .ARM.exidx     0x000000000000f7bc       0xf8 /mnt/nvme0n1p4/soo/optee_os/out/arm-plat-vexpress/export-ta_arm32/lib/libutee.a(tee_api_objects.o)
 .ARM.exidx     0x000000000000f8b4       0xf0 /mnt/nvme0n1p4/soo/optee_os/out/arm-plat-vexpress/export-ta_arm32/lib/libutee.a(tee_api_operations.o)
 .ARM.exidx     0x000000000000f9a4        0x8 /mnt/nvme0n1p4/soo/optee_os/out/arm-plat-vexpress/export-ta_arm32/lib/libutee.a(tee_api_panic.o)
 .ARM.exidx     0x000000000000f9ac       0x18 /mnt/nvme0n1p4/soo/optee_os/out/arm-plat-vexpress/export-ta_arm32/lib/libutee.a(tee_system_pta.o)
 .ARM.exidx.text.utee_panic
                0x000000000000f9c4        0x8 /mnt/nvme0n1p4/soo/optee_os/out/arm-plat-vexpress/export-ta_arm32/lib/libutee.a(utee_syscalls_a32.o)
 .ARM.exidx.text.utee_return
                0x000000000000f9cc        0x8 /mnt/nvme0n1p4/soo/optee_os/out/arm-plat-vexpress/export-ta_arm32/lib/libutee.a(utee_syscalls_a32.o)
 .ARM.exidx.text.utee_log
                0x000000000000f9d4        0x0 /mnt/nvme0n1p4/soo/optee_os/out/arm-plat-vexpress/export-ta_arm32/lib/libutee.a(utee_syscalls_a32.o)
                                          0x8 (size before relaxing)
 .ARM.exidx.text.__utee_panic
                0x000000000000f9d4        0x0 /mnt/nvme0n1p4/soo/optee_os/out/arm-plat-vexpress/export-ta_arm32/lib/libutee.a(utee_syscalls_a32.o)
                                          0x8 (size before relaxing)
 .ARM.exidx.text.utee_get_property
                0x000000000000f9d4        0x0 /mnt/nvme0n1p4/soo/optee_os/out/arm-plat-vexpress/export-ta_arm32/lib/libutee.a(utee_syscalls_a32.o)
                                          0x8 (size before relaxing)
 .ARM.exidx.text.utee_get_property_name_to_index
                0x000000000000f9d4        0x0 /mnt/nvme0n1p4/soo/optee_os/out/arm-plat-vexpress/export-ta_arm32/lib/libutee.a(utee_syscalls_a32.o)
                                          0x8 (size before relaxing)
 .ARM.exidx.text.utee_open_ta_session
                0x000000000000f9d4        0x0 /mnt/nvme0n1p4/soo/optee_os/out/arm-plat-vexpress/export-ta_arm32/lib/libutee.a(utee_syscalls_a32.o)
                                          0x8 (size before relaxing)
 .ARM.exidx.text.utee_close_ta_session
                0x000000000000f9d4        0x0 /mnt/nvme0n1p4/soo/optee_os/out/arm-plat-vexpress/export-ta_arm32/lib/libutee.a(utee_syscalls_a32.o)
                                          0x8 (size before relaxing)
 .ARM.exidx.text.utee_invoke_ta_command
                0x000000000000f9d4        0x0 /mnt/nvme0n1p4/soo/optee_os/out/arm-plat-vexpress/export-ta_arm32/lib/libutee.a(utee_syscalls_a32.o)
                                          0x8 (size before relaxing)
 .ARM.exidx.text.utee_get_cancellation_flag
                0x000000000000f9d4        0x0 /mnt/nvme0n1p4/soo/optee_os/out/arm-plat-vexpress/export-ta_arm32/lib/libutee.a(utee_syscalls_a32.o)
                                          0x8 (size before relaxing)
 .ARM.exidx.text.utee_check_access_rights
                0x000000000000f9d4        0x0 /mnt/nvme0n1p4/soo/optee_os/out/arm-plat-vexpress/export-ta_arm32/lib/libutee.a(utee_syscalls_a32.o)
                                          0x8 (size before relaxing)
 .ARM.exidx.text.utee_unmask_cancellation
                0x000000000000f9d4        0x0 /mnt/nvme0n1p4/soo/optee_os/out/arm-plat-vexpress/export-ta_arm32/lib/libutee.a(utee_syscalls_a32.o)
                                          0x8 (size before relaxing)
 .ARM.exidx.text.utee_mask_cancellation
                0x000000000000f9d4        0x0 /mnt/nvme0n1p4/soo/optee_os/out/arm-plat-vexpress/export-ta_arm32/lib/libutee.a(utee_syscalls_a32.o)
                                          0x8 (size before relaxing)
 .ARM.exidx.text.utee_wait
                0x000000000000f9d4        0x0 /mnt/nvme0n1p4/soo/optee_os/out/arm-plat-vexpress/export-ta_arm32/lib/libutee.a(utee_syscalls_a32.o)
                                          0x8 (size before relaxing)
 .ARM.exidx.text.utee_get_time
                0x000000000000f9d4        0x0 /mnt/nvme0n1p4/soo/optee_os/out/arm-plat-vexpress/export-ta_arm32/lib/libutee.a(utee_syscalls_a32.o)
                                          0x8 (size before relaxing)
 .ARM.exidx.text.utee_set_ta_time
                0x000000000000f9d4        0x0 /mnt/nvme0n1p4/soo/optee_os/out/arm-plat-vexpress/export-ta_arm32/lib/libutee.a(utee_syscalls_a32.o)
                                          0x8 (size before relaxing)
 .ARM.exidx.text.utee_cryp_state_alloc
                0x000000000000f9d4        0x0 /mnt/nvme0n1p4/soo/optee_os/out/arm-plat-vexpress/export-ta_arm32/lib/libutee.a(utee_syscalls_a32.o)
                                          0x8 (size before relaxing)
 .ARM.exidx.text.utee_cryp_state_copy
                0x000000000000f9d4        0x0 /mnt/nvme0n1p4/soo/optee_os/out/arm-plat-vexpress/export-ta_arm32/lib/libutee.a(utee_syscalls_a32.o)
                                          0x8 (size before relaxing)
 .ARM.exidx.text.utee_cryp_state_free
                0x000000000000f9d4        0x0 /mnt/nvme0n1p4/soo/optee_os/out/arm-plat-vexpress/export-ta_arm32/lib/libutee.a(utee_syscalls_a32.o)
                                          0x8 (size before relaxing)
 .ARM.exidx.text.utee_hash_init
                0x000000000000f9d4        0x0 /mnt/nvme0n1p4/soo/optee_os/out/arm-plat-vexpress/export-ta_arm32/lib/libutee.a(utee_syscalls_a32.o)
                                          0x8 (size before relaxing)
 .ARM.exidx.text.utee_hash_update
                0x000000000000f9d4        0x0 /mnt/nvme0n1p4/soo/optee_os/out/arm-plat-vexpress/export-ta_arm32/lib/libutee.a(utee_syscalls_a32.o)
                                          0x8 (size before relaxing)
 .ARM.exidx.text.utee_hash_final
                0x000000000000f9d4        0x0 /mnt/nvme0n1p4/soo/optee_os/out/arm-plat-vexpress/export-ta_arm32/lib/libutee.a(utee_syscalls_a32.o)
                                          0x8 (size before relaxing)
 .ARM.exidx.text.utee_cipher_init
                0x000000000000f9d4        0x0 /mnt/nvme0n1p4/soo/optee_os/out/arm-plat-vexpress/export-ta_arm32/lib/libutee.a(utee_syscalls_a32.o)
                                          0x8 (size before relaxing)
 .ARM.exidx.text.utee_cipher_update
                0x000000000000f9d4        0x0 /mnt/nvme0n1p4/soo/optee_os/out/arm-plat-vexpress/export-ta_arm32/lib/libutee.a(utee_syscalls_a32.o)
                                          0x8 (size before relaxing)
 .ARM.exidx.text.utee_cipher_final
                0x000000000000f9d4        0x0 /mnt/nvme0n1p4/soo/optee_os/out/arm-plat-vexpress/export-ta_arm32/lib/libutee.a(utee_syscalls_a32.o)
                                          0x8 (size before relaxing)
 .ARM.exidx.text.utee_cryp_obj_get_info
                0x000000000000f9d4        0x0 /mnt/nvme0n1p4/soo/optee_os/out/arm-plat-vexpress/export-ta_arm32/lib/libutee.a(utee_syscalls_a32.o)
                                          0x8 (size before relaxing)
 .ARM.exidx.text.utee_cryp_obj_restrict_usage
                0x000000000000f9d4        0x0 /mnt/nvme0n1p4/soo/optee_os/out/arm-plat-vexpress/export-ta_arm32/lib/libutee.a(utee_syscalls_a32.o)
                                          0x8 (size before relaxing)
 .ARM.exidx.text.utee_cryp_obj_get_attr
                0x000000000000f9d4        0x0 /mnt/nvme0n1p4/soo/optee_os/out/arm-plat-vexpress/export-ta_arm32/lib/libutee.a(utee_syscalls_a32.o)
                                          0x8 (size before relaxing)
 .ARM.exidx.text.utee_cryp_obj_alloc
                0x000000000000f9d4        0x0 /mnt/nvme0n1p4/soo/optee_os/out/arm-plat-vexpress/export-ta_arm32/lib/libutee.a(utee_syscalls_a32.o)
                                          0x8 (size before relaxing)
 .ARM.exidx.text.utee_cryp_obj_close
                0x000000000000f9d4        0x0 /mnt/nvme0n1p4/soo/optee_os/out/arm-plat-vexpress/export-ta_arm32/lib/libutee.a(utee_syscalls_a32.o)
                                          0x8 (size before relaxing)
 .ARM.exidx.text.utee_cryp_obj_reset
                0x000000000000f9d4        0x0 /mnt/nvme0n1p4/soo/optee_os/out/arm-plat-vexpress/export-ta_arm32/lib/libutee.a(utee_syscalls_a32.o)
                                          0x8 (size before relaxing)
 .ARM.exidx.text.utee_cryp_obj_populate
                0x000000000000f9d4        0x0 /mnt/nvme0n1p4/soo/optee_os/out/arm-plat-vexpress/export-ta_arm32/lib/libutee.a(utee_syscalls_a32.o)
                                          0x8 (size before relaxing)
 .ARM.exidx.text.utee_cryp_obj_copy
                0x000000000000f9d4        0x0 /mnt/nvme0n1p4/soo/optee_os/out/arm-plat-vexpress/export-ta_arm32/lib/libutee.a(utee_syscalls_a32.o)
                                          0x8 (size before relaxing)
 .ARM.exidx.text.utee_cryp_derive_key
                0x000000000000f9d4        0x0 /mnt/nvme0n1p4/soo/optee_os/out/arm-plat-vexpress/export-ta_arm32/lib/libutee.a(utee_syscalls_a32.o)
                                          0x8 (size before relaxing)
 .ARM.exidx.text.utee_cryp_random_number_generate
                0x000000000000f9d4        0x0 /mnt/nvme0n1p4/soo/optee_os/out/arm-plat-vexpress/export-ta_arm32/lib/libutee.a(utee_syscalls_a32.o)
                                          0x8 (size before relaxing)
 .ARM.exidx.text.utee_authenc_init
                0x000000000000f9d4        0x0 /mnt/nvme0n1p4/soo/optee_os/out/arm-plat-vexpress/export-ta_arm32/lib/libutee.a(utee_syscalls_a32.o)
                                          0x8 (size before relaxing)
 .ARM.exidx.text.utee_authenc_update_aad
                0x000000000000f9d4        0x0 /mnt/nvme0n1p4/soo/optee_os/out/arm-plat-vexpress/export-ta_arm32/lib/libutee.a(utee_syscalls_a32.o)
                                          0x8 (size before relaxing)
 .ARM.exidx.text.utee_authenc_update_payload
                0x000000000000f9d4        0x0 /mnt/nvme0n1p4/soo/optee_os/out/arm-plat-vexpress/export-ta_arm32/lib/libutee.a(utee_syscalls_a32.o)
                                          0x8 (size before relaxing)
 .ARM.exidx.text.utee_authenc_enc_final
                0x000000000000f9d4        0x0 /mnt/nvme0n1p4/soo/optee_os/out/arm-plat-vexpress/export-ta_arm32/lib/libutee.a(utee_syscalls_a32.o)
                                          0x8 (size before relaxing)
 .ARM.exidx.text.utee_authenc_dec_final
                0x000000000000f9d4        0x0 /mnt/nvme0n1p4/soo/optee_os/out/arm-plat-vexpress/export-ta_arm32/lib/libutee.a(utee_syscalls_a32.o)
                                          0x8 (size before relaxing)
 .ARM.exidx.text.utee_asymm_operate
                0x000000000000f9d4        0x0 /mnt/nvme0n1p4/soo/optee_os/out/arm-plat-vexpress/export-ta_arm32/lib/libutee.a(utee_syscalls_a32.o)
                                          0x8 (size before relaxing)
 .ARM.exidx.text.utee_asymm_verify
                0x000000000000f9d4        0x0 /mnt/nvme0n1p4/soo/optee_os/out/arm-plat-vexpress/export-ta_arm32/lib/libutee.a(utee_syscalls_a32.o)
                                          0x8 (size before relaxing)
 .ARM.exidx.text.utee_storage_obj_open
                0x000000000000f9d4        0x0 /mnt/nvme0n1p4/soo/optee_os/out/arm-plat-vexpress/export-ta_arm32/lib/libutee.a(utee_syscalls_a32.o)
                                          0x8 (size before relaxing)
 .ARM.exidx.text.utee_storage_obj_create
                0x000000000000f9d4        0x0 /mnt/nvme0n1p4/soo/optee_os/out/arm-plat-vexpress/export-ta_arm32/lib/libutee.a(utee_syscalls_a32.o)
                                          0x8 (size before relaxing)
 .ARM.exidx.text.utee_storage_obj_del
                0x000000000000f9d4        0x0 /mnt/nvme0n1p4/soo/optee_os/out/arm-plat-vexpress/export-ta_arm32/lib/libutee.a(utee_syscalls_a32.o)
                                          0x8 (size before relaxing)
 .ARM.exidx.text.utee_storage_obj_rename
                0x000000000000f9d4        0x0 /mnt/nvme0n1p4/soo/optee_os/out/arm-plat-vexpress/export-ta_arm32/lib/libutee.a(utee_syscalls_a32.o)
                                          0x8 (size before relaxing)
 .ARM.exidx.text.utee_storage_alloc_enum
                0x000000000000f9d4        0x0 /mnt/nvme0n1p4/soo/optee_os/out/arm-plat-vexpress/export-ta_arm32/lib/libutee.a(utee_syscalls_a32.o)
                                          0x8 (size before relaxing)
 .ARM.exidx.text.utee_storage_free_enum
                0x000000000000f9d4        0x0 /mnt/nvme0n1p4/soo/optee_os/out/arm-plat-vexpress/export-ta_arm32/lib/libutee.a(utee_syscalls_a32.o)
                                          0x8 (size before relaxing)
 .ARM.exidx.text.utee_storage_reset_enum
                0x000000000000f9d4        0x0 /mnt/nvme0n1p4/soo/optee_os/out/arm-plat-vexpress/export-ta_arm32/lib/libutee.a(utee_syscalls_a32.o)
                                          0x8 (size before relaxing)
 .ARM.exidx.text.utee_storage_start_enum
                0x000000000000f9d4        0x0 /mnt/nvme0n1p4/soo/optee_os/out/arm-plat-vexpress/export-ta_arm32/lib/libutee.a(utee_syscalls_a32.o)
                                          0x8 (size before relaxing)
 .ARM.exidx.text.utee_storage_next_enum
                0x000000000000f9d4        0x0 /mnt/nvme0n1p4/soo/optee_os/out/arm-plat-vexpress/export-ta_arm32/lib/libutee.a(utee_syscalls_a32.o)
                                          0x8 (size before relaxing)
 .ARM.exidx.text.utee_storage_obj_read
                0x000000000000f9d4        0x0 /mnt/nvme0n1p4/soo/optee_os/out/arm-plat-vexpress/export-ta_arm32/lib/libutee.a(utee_syscalls_a32.o)
                                          0x8 (size before relaxing)
 .ARM.exidx.text.utee_storage_obj_write
                0x000000000000f9d4        0x0 /mnt/nvme0n1p4/soo/optee_os/out/arm-plat-vexpress/export-ta_arm32/lib/libutee.a(utee_syscalls_a32.o)
                                          0x8 (size before relaxing)
 .ARM.exidx.text.utee_storage_obj_trunc
                0x000000000000f9d4        0x0 /mnt/nvme0n1p4/soo/optee_os/out/arm-plat-vexpress/export-ta_arm32/lib/libutee.a(utee_syscalls_a32.o)
                                          0x8 (size before relaxing)
 .ARM.exidx.text.utee_storage_obj_seek
                0x000000000000f9d4        0x0 /mnt/nvme0n1p4/soo/optee_os/out/arm-plat-vexpress/export-ta_arm32/lib/libutee.a(utee_syscalls_a32.o)
                                          0x8 (size before relaxing)
 .ARM.exidx.text.utee_cryp_obj_generate_key
                0x000000000000f9d4        0x0 /mnt/nvme0n1p4/soo/optee_os/out/arm-plat-vexpress/export-ta_arm32/lib/libutee.a(utee_syscalls_a32.o)
                                          0x8 (size before relaxing)
 .ARM.exidx.text.utee_cache_operation
                0x000000000000f9d4        0x0 /mnt/nvme0n1p4/soo/optee_os/out/arm-plat-vexpress/export-ta_arm32/lib/libutee.a(utee_syscalls_a32.o)
                                          0x8 (size before relaxing)
 .ARM.exidx     0x000000000000f9d4       0x28 /mnt/nvme0n1p4/soo/optee_os/out/arm-plat-vexpress/export-ta_arm32/lib/libutee.a(user_ta_entry.o)
 .ARM.exidx.text.unlikely
                0x000000000000fb44        0x8 /mnt/nvme0n1p4/soo/optee_os/out/arm-plat-vexpress/export-ta_arm32/lib/libutee.a(tee_api_arith_mpi.o)
 .ARM.exidx     0x000000000000f9fc      0x148 /mnt/nvme0n1p4/soo/optee_os/out/arm-plat-vexpress/export-ta_arm32/lib/libutee.a(tee_api_arith_mpi.o)
 .ARM.exidx     0x000000000000fb4c      0x1a8 /mnt/nvme0n1p4/soo/optee_os/out/arm-plat-vexpress/export-ta_arm32/lib/libmbedtls.a(bignum.o)
 .ARM.exidx     0x000000000000fcf4        0x8 /mnt/nvme0n1p4/soo/optee_os/out/arm-plat-vexpress/export-ta_arm32/lib/libmbedtls.a(platform_util.o)
 .ARM.exidx     0x000000000000fcfc       0x88 /mnt/nvme0n1p4/soo/optee_os/out/arm-plat-vexpress/export-ta_arm32/lib/libutils.a(bget_malloc.o)
 .ARM.exidx     0x000000000000fd84       0x10 /mnt/nvme0n1p4/soo/optee_os/out/arm-plat-vexpress/export-ta_arm32/lib/libutils.a(snprintf.o)
 .ARM.exidx     0x000000000000fd94        0x8 /mnt/nvme0n1p4/soo/optee_os/out/arm-plat-vexpress/export-ta_arm32/lib/libutils.a(memmove.o)
 .ARM.exidx     0x000000000000fd9c        0x8 /mnt/nvme0n1p4/soo/optee_os/out/arm-plat-vexpress/export-ta_arm32/lib/libutils.a(strcmp.o)
 .ARM.exidx     0x000000000000fda4        0x8 /mnt/nvme0n1p4/soo/optee_os/out/arm-plat-vexpress/export-ta_arm32/lib/libutils.a(strlcpy.o)
 .ARM.exidx     0x000000000000fdac       0x20 /mnt/nvme0n1p4/soo/optee_os/out/arm-plat-vexpress/export-ta_arm32/lib/libutils.a(mempool.o)
 .ARM.exidx     0x000000000000fdcc        0x8 /mnt/nvme0n1p4/soo/optee_os/out/arm-plat-vexpress/export-ta_arm32/lib/libutils.a(consttime_memcmp.o)
 .ARM.exidx     0x000000000000fdd4       0x18 /mnt/nvme0n1p4/soo/optee_os/out/arm-plat-vexpress/export-ta_arm32/lib/libutee.a(assert.o)
                                         0x10 (size before relaxing)

.ctors
 *(SORT(.ctors))

.dtors
 *(SORT(.dtors))

.dynsym         0x000000000000fdec      0x140
 *(SORT(.dynsym))
 .dynsym        0x000000000000fdec      0x140 ./asf.o

.dynstr         0x000000000000ff2c      0x107
 *(SORT(.dynstr))
 .dynstr        0x000000000000ff2c      0x107 ./asf.o

.hash           0x0000000000010034       0x9c
 *(SORT(.hash))
 .hash          0x0000000000010034       0x9c ./asf.o
                0x0000000000011000                . = ALIGN (0x1000)

.dynamic        0x0000000000011000       0x80
 *(SORT(.dynamic))
 .dynamic       0x0000000000011000       0x80 ./asf.o
                0x0000000000011000                _DYNAMIC

.got            0x0000000000011080       0x50
 *(SORT(.got.plt))
 .got.plt       0x0000000000011080        0xc ./asf.o
                0x0000000000011080                _GLOBAL_OFFSET_TABLE_
 *(SORT(.got))
 .got           0x000000000001108c       0x44 ./asf.o

.rel.text
 *(SORT(.rel.text))
 *(SORT(.rel.gnu.linkonce.t*))

.rela.text
 *(SORT(.rela.text))
 *(SORT(.rela.gnu.linkonce.t*))

.rel.data
 *(SORT(.rel.data))
 *(SORT(.rel.gnu.linkonce.d*))

.rela.data
 *(SORT(.rela.data))
 *(SORT(.rela.gnu.linkonce.d*))

.rel.rodata
 *(SORT(.rel.rodata))
 *(SORT(.rel.gnu.linkonce.r*))

.rela.rodata
 *(SORT(.rela.rodata))
 *(SORT(.rela.gnu.linkonce.r*))

.rel.dyn        0x00000000000110d0       0xe0
 *(SORT(.rel.dyn))
 .rel.iplt      0x00000000000110d0        0x0 ./asf.o
 .rel.data.rel.ro.local
                0x00000000000110d0       0xc0 ./asf.o
 .rel.data.rel.local
                0x0000000000011190       0x18 ./asf.o
 .rel.data.rel  0x00000000000111a8        0x8 ./asf.o

.rel.got        0x00000000000111b0       0x88
 *(SORT(.rel.got))
 .rel.got       0x00000000000111b0       0x88 ./asf.o

.rela.got
 *(SORT(.rela.got))

.rel.ctors
 *(SORT(.rel.ctors))

.rela.ctors
 *(SORT(.rela.ctors))

.rel.dtors
 *(SORT(.rel.dtors))

.rela.dtors
 *(SORT(.rela.dtors))

.rel.init
 *(SORT(.rel.init))

.rela.init
 *(SORT(.rela.init))

.rel.fini
 *(SORT(.rel.fini))

.rela.fini
 *(SORT(.rela.fini))

.rel.bss
 *(SORT(.rel.bss))

.rela.bss
 *(SORT(.rela.bss))

.rel.plt        0x0000000000011238        0x0
 *(SORT(.rel.plt))
 .rel.plt       0x0000000000011238        0x0 ./asf.o

.rela.plt
 *(SORT(.rela.plt))

.data           0x0000000000011238      0x108
 *(SORT(.data) SORT(.data.*) SORT(.gnu.linkonce.d.*))
 .data          0x0000000000011238        0x4 ./user_ta_header.o
                0x0000000000011238                trace_level
 .data.rel.ro.local
                0x000000000001123c       0x6c ./user_ta_header.o
                0x000000000001123c                ta_props
 .data.rel.ro.local
                0x00000000000112a8       0x24 /mnt/nvme0n1p4/soo/optee_os/out/arm-plat-vexpress/export-ta_arm32/lib/libutee.a(tee_api_property.o)
                0x00000000000112a8                tee_props
 .data.rel.local
                0x00000000000112cc        0x8 /mnt/nvme0n1p4/soo/optee_os/out/arm-plat-vexpress/export-ta_arm32/lib/libutee.a(user_ta_entry.o)
 .data.rel      0x00000000000112d4        0x4 /mnt/nvme0n1p4/soo/optee_os/out/arm-plat-vexpress/export-ta_arm32/lib/libmbedtls.a(platform_util.o)
 .data.rel.local
                0x00000000000112d8       0x5c /mnt/nvme0n1p4/soo/optee_os/out/arm-plat-vexpress/export-ta_arm32/lib/libutils.a(bget_malloc.o)
 .data          0x0000000000011334        0xc ./asf.o
 .data          0x0000000000011340        0x0 ./ta_entry_a32.o
 .data          0x0000000000011340        0x0 /mnt/nvme0n1p4/soo/optee_os/out/arm-plat-vexpress/export-ta_arm32/lib/libutils.a(memcpy.o)
 .data          0x0000000000011340        0x0 /mnt/nvme0n1p4/soo/optee_os/out/arm-plat-vexpress/export-ta_arm32/lib/libutils.a(memset.o)
 .data          0x0000000000011340        0x0 /mnt/nvme0n1p4/soo/optee_os/out/arm-plat-vexpress/export-ta_arm32/lib/libutils.a(trace.o)
 .data          0x0000000000011340        0x0 /mnt/nvme0n1p4/soo/optee_os/out/arm-plat-vexpress/export-ta_arm32/lib/libutils.a(aeabi_unwind.o)
 .data          0x0000000000011340        0x0 /mnt/nvme0n1p4/soo/optee_os/out/arm-plat-vexpress/export-ta_arm32/lib/libutils.a(snprintk.o)
 .data          0x0000000000011340        0x0 /mnt/nvme0n1p4/soo/optee_os/out/arm-plat-vexpress/export-ta_arm32/lib/libutils.a(memchr.o)
 .data          0x0000000000011340        0x0 /mnt/nvme0n1p4/soo/optee_os/out/arm-plat-vexpress/export-ta_arm32/lib/libutils.a(strlen.o)
 .data          0x0000000000011340        0x0 /mnt/nvme0n1p4/soo/optee_os/out/arm-plat-vexpress/export-ta_arm32/lib/libutils.a(arm32_aeabi_ldivmod_a32.o)
 .data          0x0000000000011340        0x0 /mnt/nvme0n1p4/soo/optee_os/out/arm-plat-vexpress/export-ta_arm32/lib/libutils.a(arm32_aeabi_ldivmod.o)
 .data          0x0000000000011340        0x0 /mnt/nvme0n1p4/soo/optee_os/out/arm-plat-vexpress/export-ta_arm32/lib/libutee.a(trace_ext.o)
 .data          0x0000000000011340        0x0 /mnt/nvme0n1p4/soo/optee_os/out/arm-plat-vexpress/export-ta_arm32/lib/libutee.a(tee_api_property.o)
 .data          0x0000000000011340        0x0 /mnt/nvme0n1p4/soo/optee_os/out/arm-plat-vexpress/export-ta_arm32/lib/libutee.a(base64.o)
 .data          0x0000000000011340        0x0 /mnt/nvme0n1p4/soo/optee_os/out/arm-plat-vexpress/export-ta_arm32/lib/libutee.a(tee_api.o)
 .data          0x0000000000011340        0x0 /mnt/nvme0n1p4/soo/optee_os/out/arm-plat-vexpress/export-ta_arm32/lib/libutee.a(tee_api_objects.o)
 .data          0x0000000000011340        0x0 /mnt/nvme0n1p4/soo/optee_os/out/arm-plat-vexpress/export-ta_arm32/lib/libutee.a(tee_api_operations.o)
 .data          0x0000000000011340        0x0 /mnt/nvme0n1p4/soo/optee_os/out/arm-plat-vexpress/export-ta_arm32/lib/libutee.a(tee_api_panic.o)
 .data          0x0000000000011340        0x0 /mnt/nvme0n1p4/soo/optee_os/out/arm-plat-vexpress/export-ta_arm32/lib/libutee.a(tee_system_pta.o)
 .data          0x0000000000011340        0x0 /mnt/nvme0n1p4/soo/optee_os/out/arm-plat-vexpress/export-ta_arm32/lib/libutee.a(utee_syscalls_a32.o)
 .data          0x0000000000011340        0x0 /mnt/nvme0n1p4/soo/optee_os/out/arm-plat-vexpress/export-ta_arm32/lib/libutee.a(user_ta_entry.o)
 .data          0x0000000000011340        0x0 /mnt/nvme0n1p4/soo/optee_os/out/arm-plat-vexpress/export-ta_arm32/lib/libutee.a(tee_api_arith_mpi.o)
 .data          0x0000000000011340        0x0 /mnt/nvme0n1p4/soo/optee_os/out/arm-plat-vexpress/export-ta_arm32/lib/libmbedtls.a(bignum.o)
 .data          0x0000000000011340        0x0 /mnt/nvme0n1p4/soo/optee_os/out/arm-plat-vexpress/export-ta_arm32/lib/libmbedtls.a(platform_util.o)
 .data          0x0000000000011340        0x0 /mnt/nvme0n1p4/soo/optee_os/out/arm-plat-vexpress/export-ta_arm32/lib/libutils.a(bget_malloc.o)
 .data          0x0000000000011340        0x0 /mnt/nvme0n1p4/soo/optee_os/out/arm-plat-vexpress/export-ta_arm32/lib/libutils.a(snprintf.o)
 .data          0x0000000000011340        0x0 /mnt/nvme0n1p4/soo/optee_os/out/arm-plat-vexpress/export-ta_arm32/lib/libutils.a(memmove.o)
 .data          0x0000000000011340        0x0 /mnt/nvme0n1p4/soo/optee_os/out/arm-plat-vexpress/export-ta_arm32/lib/libutils.a(strcmp.o)
 .data          0x0000000000011340        0x0 /mnt/nvme0n1p4/soo/optee_os/out/arm-plat-vexpress/export-ta_arm32/lib/libutils.a(strlcpy.o)
 .data          0x0000000000011340        0x0 /mnt/nvme0n1p4/soo/optee_os/out/arm-plat-vexpress/export-ta_arm32/lib/libutils.a(mempool.o)
 .data          0x0000000000011340        0x0 /mnt/nvme0n1p4/soo/optee_os/out/arm-plat-vexpress/export-ta_arm32/lib/libutils.a(consttime_memcmp.o)
 .data          0x0000000000011340        0x0 /mnt/nvme0n1p4/soo/optee_os/out/arm-plat-vexpress/export-ta_arm32/lib/libutee.a(assert.o)

.igot.plt       0x0000000000011340        0x0
 .igot.plt      0x0000000000011340        0x0 ./asf.o

.bss            0x0000000000011340     0xb078
 *(SORT(.bss) SORT(.bss.*) SORT(.gnu.linkonce.b.*) SORT(COMMON))
 .bss           0x0000000000011340        0x4 /mnt/nvme0n1p4/soo/optee_os/out/arm-plat-vexpress/export-ta_arm32/lib/libutee.a(tee_api.o)
 .bss           0x0000000000011344        0x4 /mnt/nvme0n1p4/soo/optee_os/out/arm-plat-vexpress/export-ta_arm32/lib/libutee.a(tee_system_pta.o)
 .bss           0x0000000000011348       0x28 /mnt/nvme0n1p4/soo/optee_os/out/arm-plat-vexpress/export-ta_arm32/lib/libutee.a(user_ta_entry.o)
                0x000000000001134c                ta_params
                0x000000000001136c                ta_param_types
 .bss           0x0000000000011370     0x3000 /mnt/nvme0n1p4/soo/optee_os/out/arm-plat-vexpress/export-ta_arm32/lib/libutee.a(tee_api_arith_mpi.o)
 .bss           0x0000000000014370        0x4 /mnt/nvme0n1p4/soo/optee_os/out/arm-plat-vexpress/export-ta_arm32/lib/libmbedtls.a(bignum.o)
                0x0000000000014370                mbedtls_mpi_mempool
 .bss           0x0000000000014374       0x40 ./asf.o
 .bss           0x00000000000143b4     0x8000 ./user_ta_header.o
                0x00000000000143b4                ta_heap
 .bss           0x000000000001c3b4        0x0 ./ta_entry_a32.o
 .bss           0x000000000001c3b4        0x0 /mnt/nvme0n1p4/soo/optee_os/out/arm-plat-vexpress/export-ta_arm32/lib/libutils.a(memcpy.o)
 .bss           0x000000000001c3b4        0x0 /mnt/nvme0n1p4/soo/optee_os/out/arm-plat-vexpress/export-ta_arm32/lib/libutils.a(memset.o)
 .bss           0x000000000001c3b4        0x0 /mnt/nvme0n1p4/soo/optee_os/out/arm-plat-vexpress/export-ta_arm32/lib/libutils.a(trace.o)
 .bss           0x000000000001c3b4        0x0 /mnt/nvme0n1p4/soo/optee_os/out/arm-plat-vexpress/export-ta_arm32/lib/libutils.a(aeabi_unwind.o)
 .bss           0x000000000001c3b4        0x0 /mnt/nvme0n1p4/soo/optee_os/out/arm-plat-vexpress/export-ta_arm32/lib/libutils.a(snprintk.o)
 .bss           0x000000000001c3b4        0x0 /mnt/nvme0n1p4/soo/optee_os/out/arm-plat-vexpress/export-ta_arm32/lib/libutils.a(memchr.o)
 .bss           0x000000000001c3b4        0x0 /mnt/nvme0n1p4/soo/optee_os/out/arm-plat-vexpress/export-ta_arm32/lib/libutils.a(strlen.o)
 .bss           0x000000000001c3b4        0x0 /mnt/nvme0n1p4/soo/optee_os/out/arm-plat-vexpress/export-ta_arm32/lib/libutils.a(arm32_aeabi_ldivmod_a32.o)
 .bss           0x000000000001c3b4        0x0 /mnt/nvme0n1p4/soo/optee_os/out/arm-plat-vexpress/export-ta_arm32/lib/libutils.a(arm32_aeabi_ldivmod.o)
 .bss           0x000000000001c3b4        0x0 /mnt/nvme0n1p4/soo/optee_os/out/arm-plat-vexpress/export-ta_arm32/lib/libutee.a(trace_ext.o)
 .bss           0x000000000001c3b4        0x0 /mnt/nvme0n1p4/soo/optee_os/out/arm-plat-vexpress/export-ta_arm32/lib/libutee.a(tee_api_property.o)
 .bss           0x000000000001c3b4        0x0 /mnt/nvme0n1p4/soo/optee_os/out/arm-plat-vexpress/export-ta_arm32/lib/libutee.a(base64.o)
 .bss           0x000000000001c3b4        0x0 /mnt/nvme0n1p4/soo/optee_os/out/arm-plat-vexpress/export-ta_arm32/lib/libutee.a(tee_api_objects.o)
 .bss           0x000000000001c3b4        0x0 /mnt/nvme0n1p4/soo/optee_os/out/arm-plat-vexpress/export-ta_arm32/lib/libutee.a(tee_api_operations.o)
 .bss           0x000000000001c3b4        0x0 /mnt/nvme0n1p4/soo/optee_os/out/arm-plat-vexpress/export-ta_arm32/lib/libutee.a(tee_api_panic.o)
 .bss           0x000000000001c3b4        0x0 /mnt/nvme0n1p4/soo/optee_os/out/arm-plat-vexpress/export-ta_arm32/lib/libutee.a(utee_syscalls_a32.o)
 .bss           0x000000000001c3b4        0x0 /mnt/nvme0n1p4/soo/optee_os/out/arm-plat-vexpress/export-ta_arm32/lib/libmbedtls.a(platform_util.o)
 .bss           0x000000000001c3b4        0x0 /mnt/nvme0n1p4/soo/optee_os/out/arm-plat-vexpress/export-ta_arm32/lib/libutils.a(bget_malloc.o)
 .bss           0x000000000001c3b4        0x0 /mnt/nvme0n1p4/soo/optee_os/out/arm-plat-vexpress/export-ta_arm32/lib/libutils.a(snprintf.o)
 .bss           0x000000000001c3b4        0x0 /mnt/nvme0n1p4/soo/optee_os/out/arm-plat-vexpress/export-ta_arm32/lib/libutils.a(memmove.o)
 .bss           0x000000000001c3b4        0x0 /mnt/nvme0n1p4/soo/optee_os/out/arm-plat-vexpress/export-ta_arm32/lib/libutils.a(strcmp.o)
 .bss           0x000000000001c3b4        0x0 /mnt/nvme0n1p4/soo/optee_os/out/arm-plat-vexpress/export-ta_arm32/lib/libutils.a(strlcpy.o)
 .bss           0x000000000001c3b4        0x0 /mnt/nvme0n1p4/soo/optee_os/out/arm-plat-vexpress/export-ta_arm32/lib/libutils.a(mempool.o)
 .bss           0x000000000001c3b4        0x0 /mnt/nvme0n1p4/soo/optee_os/out/arm-plat-vexpress/export-ta_arm32/lib/libutils.a(consttime_memcmp.o)
 .bss           0x000000000001c3b4        0x0 /mnt/nvme0n1p4/soo/optee_os/out/arm-plat-vexpress/export-ta_arm32/lib/libutee.a(assert.o)
                0x000000000001c3b8                . = ALIGN (0x8)
 *fill*         0x000000000001c3b4        0x4 
                0x000000000001c3b8                __gprof_buf_start = .
                0x000000000001c3b8                . = (. + DEFINED (__gnu_mcount_nc)?(((__text_end - __text_start) * 0x88) / 0x64):0x0)
                0x000000000001c3b8                __gprof_buf_end = .
                0x000000000001c3b8                . = ALIGN (0x8)
                0x000000000001c3b8                __ftrace_buf_start = .