Archive member included to satisfy reference by file (symbol)

/home/reds/soo/optee_os/out/arm-plat-vexpress/export-ta_arm32/lib/libutils.a(memcpy.o)
                              ./asf.o (memcpy)
/home/reds/soo/optee_os/out/arm-plat-vexpress/export-ta_arm32/lib/libutils.a(memset.o)
                              ./asf.o (memset)
/home/reds/soo/optee_os/out/arm-plat-vexpress/export-ta_arm32/lib/libutils.a(trace.o)
                              ./asf.o (trace_printf)
/home/reds/soo/optee_os/out/arm-plat-vexpress/export-ta_arm32/lib/libutils.a(aeabi_unwind.o)
                              ./asf.o (__aeabi_unwind_cpp_pr0)
/home/reds/soo/optee_os/out/arm-plat-vexpress/export-ta_arm32/lib/libutils.a(snprintk.o)
                              /home/reds/soo/optee_os/out/arm-plat-vexpress/export-ta_arm32/lib/libutils.a(trace.o) (vsnprintk)
/home/reds/soo/optee_os/out/arm-plat-vexpress/export-ta_arm32/lib/libutils.a(memchr.o)
                              /home/reds/soo/optee_os/out/arm-plat-vexpress/export-ta_arm32/lib/libutils.a(snprintk.o) (memchr)
/home/reds/soo/optee_os/out/arm-plat-vexpress/export-ta_arm32/lib/libutils.a(strlen.o)
                              /home/reds/soo/optee_os/out/arm-plat-vexpress/export-ta_arm32/lib/libutils.a(snprintk.o) (strlen)
/home/reds/soo/optee_os/out/arm-plat-vexpress/export-ta_arm32/lib/libutils.a(arm32_aeabi_ldivmod_a32.o)
                              /home/reds/soo/optee_os/out/arm-plat-vexpress/export-ta_arm32/lib/libutils.a(snprintk.o) (__aeabi_uldivmod)
/home/reds/soo/optee_os/out/arm-plat-vexpress/export-ta_arm32/lib/libutils.a(arm32_aeabi_ldivmod.o)
                              /home/reds/soo/optee_os/out/arm-plat-vexpress/export-ta_arm32/lib/libutils.a(arm32_aeabi_ldivmod_a32.o) (__ul_divmod)
/home/reds/soo/optee_os/out/arm-plat-vexpress/export-ta_arm32/lib/libutee.a(trace_ext.o)
                              /home/reds/soo/optee_os/out/arm-plat-vexpress/export-ta_arm32/lib/libutils.a(trace.o) (trace_ext_puts)
/home/reds/soo/optee_os/out/arm-plat-vexpress/export-ta_arm32/lib/libutee.a(tee_api_objects.o)
                              ./asf.o (TEE_AllocateTransientObject)
/home/reds/soo/optee_os/out/arm-plat-vexpress/export-ta_arm32/lib/libutee.a(tee_api_operations.o)
                              ./asf.o (TEE_FreeOperation)
/home/reds/soo/optee_os/out/arm-plat-vexpress/export-ta_arm32/lib/libutee.a(tee_api_panic.o)
                              /home/reds/soo/optee_os/out/arm-plat-vexpress/export-ta_arm32/lib/libutee.a(tee_api_objects.o) (TEE_Panic)
/home/reds/soo/optee_os/out/arm-plat-vexpress/export-ta_arm32/lib/libutee.a(tee_api_property.o)
                              ./asf.o (TEE_GetPropertyAsBinaryBlock)
/home/reds/soo/optee_os/out/arm-plat-vexpress/export-ta_arm32/lib/libutee.a(utee_syscalls_a32.o)
                              /home/reds/soo/optee_os/out/arm-plat-vexpress/export-ta_arm32/lib/libutee.a(tee_api_panic.o) (_utee_panic)
/home/reds/soo/optee_os/out/arm-plat-vexpress/export-ta_arm32/lib/libutee.a(user_ta_entry.o)
                              ./user_ta_header.o (__utee_entry)
/home/reds/soo/optee_os/out/arm-plat-vexpress/export-ta_arm32/lib/libutee.a(abort.o)
                              /home/reds/soo/optee_os/out/arm-plat-vexpress/export-ta_arm32/lib/libutee.a(user_ta_entry.o) (abort)
/home/reds/soo/optee_os/out/arm-plat-vexpress/export-ta_arm32/lib/libutee.a(base64.o)
                              /home/reds/soo/optee_os/out/arm-plat-vexpress/export-ta_arm32/lib/libutee.a(tee_api_property.o) (_base64_enc_len)
/home/reds/soo/optee_os/out/arm-plat-vexpress/export-ta_arm32/lib/libutee.a(tee_api.o)
                              /home/reds/soo/optee_os/out/arm-plat-vexpress/export-ta_arm32/lib/libutee.a(tee_api_panic.o) (TEE_CheckMemoryAccessRights)
/home/reds/soo/optee_os/out/arm-plat-vexpress/export-ta_arm32/lib/libutee.a(tee_api_arith_mpi.o)
                              /home/reds/soo/optee_os/out/arm-plat-vexpress/export-ta_arm32/lib/libutee.a(user_ta_entry.o) (_TEE_MathAPI_Init)
/home/reds/soo/optee_os/out/arm-plat-vexpress/export-ta_arm32/lib/libutee.a(tee_system_pta.o)
                              /home/reds/soo/optee_os/out/arm-plat-vexpress/export-ta_arm32/lib/libutee.a(tee_api.o) (tee_map_zi)
/home/reds/soo/optee_os/out/arm-plat-vexpress/export-ta_arm32/lib/libutee.a(tcb.o)
                              /home/reds/soo/optee_os/out/arm-plat-vexpress/export-ta_arm32/lib/libutee.a(user_ta_entry.o) (__utee_tcb_init)
/home/reds/soo/optee_os/out/arm-plat-vexpress/export-ta_arm32/lib/libutee.a(assert.o)
                              /home/reds/soo/optee_os/out/arm-plat-vexpress/export-ta_arm32/lib/libutee.a(tcb.o) (_assert_log)
/home/reds/soo/optee_os/out/arm-plat-vexpress/export-ta_arm32/lib/libmbedtls.a(bignum.o)
                              /home/reds/soo/optee_os/out/arm-plat-vexpress/export-ta_arm32/lib/libutee.a(tee_api_arith_mpi.o) (mbedtls_mpi_init_mempool)
[...]
Memory Configuration

Name             Origin             Length             Attributes
*default*        0x0000000000000000 0xffffffffffffffff

Linker script and memory map


.ta_head        0x0000000000000000       0x20
 *(SORT_BY_ALIGNMENT(.ta_head))
 .ta_head       0x0000000000000000       0x20 ./user_ta_header.o
                0x0000000000000000                ta_head

.text           0x0000000000000020     0x93e8
                0x0000000000000020                __text_start = .
 *(SORT_BY_ALIGNMENT(.text) SORT_BY_ALIGNMENT(.text.*))
 .text          0x0000000000000020      0x308 ./asf.o
                0x000000000000023c                TA_CreateEntryPoint
                0x0000000000000240                TA_DestroyEntryPoint
                0x0000000000000242                TA_OpenSessionEntryPoint
                0x00000000000002e4                TA_CloseSessionEntryPoint
                0x00000000000002e6                TA_InvokeCommandEntryPoint
 .text.__ta_entry
                0x0000000000000328        0x4 ./ta_entry_a32.o
                0x0000000000000328                __ta_entry
 .text          0x000000000000032c       0xc4 /home/reds/soo/optee_os/out/arm-plat-vexpress/export-ta_arm32/lib/libutils.a(memcpy.o)
                0x000000000000032c                memcpy
 .text          0x00000000000003f0      0x18c /home/reds/soo/optee_os/out/arm-plat-vexpress/export-ta_arm32/lib/libutils.a(trace.o)
                0x00000000000003f0                trace_set_level
                0x000000000000040c                trace_get_level
                0x0000000000000420                trace_vprintf
                0x0000000000000560                trace_printf
                0x0000000000000578                dhex_dump
 .text          0x000000000000057c      0x7a8 /home/reds/soo/optee_os/out/arm-plat-vexpress/export-ta_arm32/lib/libutils.a(snprintk.o)
                0x000000000000057c                __vsnprintf
                0x00000000000005ae                vsnprintk
                0x00000000000005bc                snprintk
                0x0000000000000d0c                __vsprintf
 .text.__aeabi_ldivmod
                0x0000000000000d24       0x18 /home/reds/soo/optee_os/out/arm-plat-vexpress/export-ta_arm32/lib/libutils.a(arm32_aeabi_ldivmod_a32.o)
                0x0000000000000d24                __aeabi_ldivmod
 .text.__aeabi_uldivmod
                0x0000000000000d3c       0x18 /home/reds/soo/optee_os/out/arm-plat-vexpress/export-ta_arm32/lib/libutils.a(arm32_aeabi_ldivmod_a32.o)
                0x0000000000000d3c                __aeabi_uldivmod
 .text          0x0000000000000d54       0x9c /home/reds/soo/optee_os/out/arm-plat-vexpress/export-ta_arm32/lib/libutee.a(trace_ext.o)
                0x0000000000000d54                trace_ext_puts
                0x0000000000000d68                trace_ext_get_thread_id
                0x0000000000000d6e                printf
                0x0000000000000da8                puts
                0x0000000000000dcc                putchar
 .text          0x0000000000000df0      0x7c4 /home/reds/soo/optee_os/out/arm-plat-vexpress/export-ta_arm32/lib/libutee.a(tee_api_objects.o)
                0x0000000000000df0                __utee_from_attr
                0x0000000000000e2a                TEE_GetObjectInfo
                0x0000000000000e54                TEE_GetObjectInfo1
                0x0000000000000e74                TEE_RestrictObjectUsage1
                0x0000000000000e94                TEE_RestrictObjectUsage
                0x0000000000000ec0                TEE_GetObjectBufferAttribute
                0x0000000000000f38                TEE_GetObjectValueAttribute
                0x0000000000000fd4                TEE_CloseObject
                0x0000000000000fe8                TEE_AllocateTransientObject
                0x0000000000001028                TEE_FreeTransientObject
                0x0000000000001058                TEE_ResetTransientObject
                0x0000000000001088                TEE_PopulateTransientObject
                0x0000000000001100                TEE_InitRefAttribute
                0x0000000000001122                TEE_InitValueAttribute
                0x0000000000001144                TEE_CopyObjectAttributes1
                0x00000000000011ac                TEE_CopyObjectAttributes
                0x00000000000011dc                TEE_GenerateKey
                0x000000000000122c                TEE_OpenPersistentObject
                0x000000000000127c                TEE_CreatePersistentObject
                0x0000000000001300                TEE_CloseAndDeletePersistentObject1
                0x0000000000001324                TEE_CloseAndDeletePersistentObject
                0x000000000000133a                TEE_RenamePersistentObject
                0x0000000000001374                TEE_AllocatePersistentObjectEnumerator
                0x00000000000013a8                TEE_FreePersistentObjectEnumerator
                0x00000000000013bc                TEE_ResetPersistentObjectEnumerator
                0x00000000000013d0                TEE_StartPersistentObjectEnumerator
                0x00000000000013fc                TEE_GetNextPersistentObject
                0x000000000000146c                TEE_ReadObjectData
                0x00000000000014c0                TEE_WriteObjectData
                0x0000000000001500                TEE_TruncateObjectData
                0x0000000000001538                TEE_SeekObjectData
 .text          0x00000000000015b4     0x1ab0 /home/reds/soo/optee_os/out/arm-plat-vexpress/export-ta_arm32/lib/libutee.a(tee_api_operations.o)
                0x0000000000001714                TEE_FreeOperation
                0x000000000000173a                TEE_AllocateOperation
                0x0000000000001e6c                TEE_GetOperationInfo
                0x0000000000001e9c                TEE_GetOperationInfoMultiple
                0x0000000000001f70                TEE_ResetOperation
                0x0000000000001fb0                TEE_SetOperationKey
                0x000000000000204c                TEE_SetOperationKey2
                0x0000000000002144                TEE_CopyOperation
                0x00000000000021f8                TEE_DigestUpdate
                0x0000000000002228                TEE_DigestDoFinal
                0x00000000000022ac                TEE_CipherInit
                0x0000000000002302                TEE_CipherUpdate
                0x00000000000023ec                TEE_CipherDoFinal
                0x000000000000252c                TEE_MACInit
                0x0000000000002582                TEE_MACUpdate
                0x00000000000025d0                TEE_MACComputeFinal
                0x000000000000264c                TEE_MACCompareFinal
                0x00000000000026b0                TEE_AEInit
                0x0000000000002720                TEE_AEUpdateAAD
                0x0000000000002766                TEE_AEUpdate
                0x0000000000002858                TEE_AEEncryptFinal
                0x0000000000002970                TEE_AEDecryptFinal
                0x0000000000002a70                TEE_AsymmetricEncrypt
                0x0000000000002b2c                TEE_AsymmetricDecrypt
                0x0000000000002bec                TEE_AsymmetricSignDigest
                0x0000000000002ca4                TEE_AsymmetricVerifyDigest
                0x0000000000002d48                TEE_DeriveKey
                0x0000000000002e18                TEE_GenerateRandom
                0x0000000000002e2a                rand
                0x0000000000002e42                TEE_IsAlgorithmSupported
 .text          0x0000000000003064       0xd8 /home/reds/soo/optee_os/out/arm-plat-vexpress/export-ta_arm32/lib/libutee.a(tee_api_panic.o)
                0x0000000000003084                TEE_Panic
                0x0000000000003092                __utee_check_outbuf_annotation
                0x00000000000030c0                __utee_check_instring_annotation
                0x00000000000030d8                __utee_check_outstring_annotation
                0x0000000000003104                __utee_check_out_annotation
                0x0000000000003116                __utee_check_attr_in_annotation
                0x000000000000312a                __utee_check_inout_annotation
 .text          0x000000000000313c      0x648 /home/reds/soo/optee_os/out/arm-plat-vexpress/export-ta_arm32/lib/libutee.a(tee_api_property.o)
                0x000000000000330c                TEE_GetPropertyAsString
                0x0000000000003460                TEE_GetPropertyAsBool
                0x00000000000034c0                TEE_GetPropertyAsU32
                0x0000000000003524                TEE_GetPropertyAsBinaryBlock
                0x000000000000358c                TEE_GetPropertyAsUUID
                0x00000000000035f0                TEE_GetPropertyAsIdentity
                0x0000000000003654                TEE_ResetPropertyEnumerator
                0x000000000000365c                TEE_AllocatePropertyEnumerator
                0x0000000000003684                TEE_FreePropertyEnumerator
                0x0000000000003688                TEE_StartPropertyEnumerator
                0x0000000000003692                TEE_GetPropertyName
                0x000000000000371c                TEE_GetNextProperty
 .text          0x0000000000003784        0x0 /home/reds/soo/optee_os/out/arm-plat-vexpress/export-ta_arm32/lib/libutee.a(utee_syscalls_a32.o)
 .text._utee_panic
                0x0000000000003784       0x14 /home/reds/soo/optee_os/out/arm-plat-vexpress/export-ta_arm32/lib/libutee.a(utee_syscalls_a32.o)
                0x0000000000003784                _utee_panic
 .text._utee_return
                0x0000000000003798       0x14 /home/reds/soo/optee_os/out/arm-plat-vexpress/export-ta_arm32/lib/libutee.a(utee_syscalls_a32.o)
                0x0000000000003798                _utee_return
 .text._utee_log
                0x00000000000037ac       0x14 /home/reds/soo/optee_os/out/arm-plat-vexpress/export-ta_arm32/lib/libutee.a(utee_syscalls_a32.o)
                0x00000000000037ac                _utee_log
 .text.__utee_panic
                0x00000000000037c0       0x14 /home/reds/soo/optee_os/out/arm-plat-vexpress/export-ta_arm32/lib/libutee.a(utee_syscalls_a32.o)
                0x00000000000037c0                __utee_panic
 .text._utee_get_property
                0x00000000000037d4       0x18 /home/reds/soo/optee_os/out/arm-plat-vexpress/export-ta_arm32/lib/libutee.a(utee_syscalls_a32.o)
                0x00000000000037d4                _utee_get_property
 .text._utee_get_property_name_to_index
                0x00000000000037ec       0x14 /home/reds/soo/optee_os/out/arm-plat-vexpress/export-ta_arm32/lib/libutee.a(utee_syscalls_a32.o)
                0x00000000000037ec                _utee_get_property_name_to_index
 .text._utee_open_ta_session
                0x0000000000003800       0x18 /home/reds/soo/optee_os/out/arm-plat-vexpress/export-ta_arm32/lib/libutee.a(utee_syscalls_a32.o)
                0x0000000000003800                _utee_open_ta_session
 .text._utee_close_ta_session
                0x0000000000003818       0x14 /home/reds/soo/optee_os/out/arm-plat-vexpress/export-ta_arm32/lib/libutee.a(utee_syscalls_a32.o)
                0x0000000000003818                _utee_close_ta_session
 .text._utee_invoke_ta_command
                0x000000000000382c       0x18 /home/reds/soo/optee_os/out/arm-plat-vexpress/export-ta_arm32/lib/libutee.a(utee_syscalls_a32.o)
                0x000000000000382c                _utee_invoke_ta_command
 .text._utee_get_cancellation_flag
                0x0000000000003844       0x14 /home/reds/soo/optee_os/out/arm-plat-vexpress/export-ta_arm32/lib/libutee.a(utee_syscalls_a32.o)
                0x0000000000003844                _utee_get_cancellation_flag
 .text._utee_check_access_rights
                0x0000000000003858       0x14 /home/reds/soo/optee_os/out/arm-plat-vexpress/export-ta_arm32/lib/libutee.a(utee_syscalls_a32.o)
                0x0000000000003858                _utee_check_access_rights
 .text._utee_unmask_cancellation
                0x000000000000386c       0x14 /home/reds/soo/optee_os/out/arm-plat-vexpress/export-ta_arm32/lib/libutee.a(utee_syscalls_a32.o)
                0x000000000000386c                _utee_unmask_cancellation
 .text._utee_mask_cancellation
                0x0000000000003880       0x14 /home/reds/soo/optee_os/out/arm-plat-vexpress/export-ta_arm32/lib/libutee.a(utee_syscalls_a32.o)
                0x0000000000003880                _utee_mask_cancellation
 .text._utee_wait
                0x0000000000003894       0x14 /home/reds/soo/optee_os/out/arm-plat-vexpress/export-ta_arm32/lib/libutee.a(utee_syscalls_a32.o)
                0x0000000000003894                _utee_wait
 .text._utee_get_time
                0x00000000000038a8       0x14 /home/reds/soo/optee_os/out/arm-plat-vexpress/export-ta_arm32/lib/libutee.a(utee_syscalls_a32.o)
                0x00000000000038a8                _utee_get_time
 .text._utee_set_ta_time
                0x00000000000038bc       0x14 /home/reds/soo/optee_os/out/arm-plat-vexpress/export-ta_arm32/lib/libutee.a(utee_syscalls_a32.o)
                0x00000000000038bc                _utee_set_ta_time
 .text._utee_cryp_state_alloc
                0x00000000000038d0       0x18 /home/reds/soo/optee_os/out/arm-plat-vexpress/export-ta_arm32/lib/libutee.a(utee_syscalls_a32.o)
                0x00000000000038d0                _utee_cryp_state_alloc
 .text._utee_cryp_state_copy
                0x00000000000038e8       0x14 /home/reds/soo/optee_os/out/arm-plat-vexpress/export-ta_arm32/lib/libutee.a(utee_syscalls_a32.o)
                0x00000000000038e8                _utee_cryp_state_copy
 .text._utee_cryp_state_free
                0x00000000000038fc       0x14 /home/reds/soo/optee_os/out/arm-plat-vexpress/export-ta_arm32/lib/libutee.a(utee_syscalls_a32.o)
                0x00000000000038fc                _utee_cryp_state_free
 .text._utee_hash_init
                0x0000000000003910       0x14 /home/reds/soo/optee_os/out/arm-plat-vexpress/export-ta_arm32/lib/libutee.a(utee_syscalls_a32.o)
                0x0000000000003910                _utee_hash_init
 .text._utee_hash_update
                0x0000000000003924       0x14 /home/reds/soo/optee_os/out/arm-plat-vexpress/export-ta_arm32/lib/libutee.a(utee_syscalls_a32.o)
                0x0000000000003924                _utee_hash_update
 .text._utee_hash_final
                0x0000000000003938       0x18 /home/reds/soo/optee_os/out/arm-plat-vexpress/export-ta_arm32/lib/libutee.a(utee_syscalls_a32.o)
                0x0000000000003938                _utee_hash_final
 .text._utee_cipher_init
                0x0000000000003950       0x14 /home/reds/soo/optee_os/out/arm-plat-vexpress/export-ta_arm32/lib/libutee.a(utee_syscalls_a32.o)
                0x0000000000003950                _utee_cipher_init
 .text._utee_cipher_update
                0x0000000000003964       0x18 /home/reds/soo/optee_os/out/arm-plat-vexpress/export-ta_arm32/lib/libutee.a(utee_syscalls_a32.o)
                0x0000000000003964                _utee_cipher_update
 .text._utee_cipher_final
                0x000000000000397c       0x18 /home/reds/soo/optee_os/out/arm-plat-vexpress/export-ta_arm32/lib/libutee.a(utee_syscalls_a32.o)
                0x000000000000397c                _utee_cipher_final
 .text._utee_cryp_obj_get_info
                0x0000000000003994       0x14 /home/reds/soo/optee_os/out/arm-plat-vexpress/export-ta_arm32/lib/libutee.a(utee_syscalls_a32.o)
                0x0000000000003994                _utee_cryp_obj_get_info
 .text._utee_cryp_obj_restrict_usage
                0x00000000000039a8       0x14 /home/reds/soo/optee_os/out/arm-plat-vexpress/export-ta_arm32/lib/libutee.a(utee_syscalls_a32.o)
                0x00000000000039a8                _utee_cryp_obj_restrict_usage
 .text._utee_cryp_obj_get_attr
                0x00000000000039bc       0x14 /home/reds/soo/optee_os/out/arm-plat-vexpress/export-ta_arm32/lib/libutee.a(utee_syscalls_a32.o)
                0x00000000000039bc                _utee_cryp_obj_get_attr
 .text._utee_cryp_obj_alloc
                0x00000000000039d0       0x14 /home/reds/soo/optee_os/out/arm-plat-vexpress/export-ta_arm32/lib/libutee.a(utee_syscalls_a32.o)
                0x00000000000039d0                _utee_cryp_obj_alloc
 .text._utee_cryp_obj_close
                0x00000000000039e4       0x14 /home/reds/soo/optee_os/out/arm-plat-vexpress/export-ta_arm32/lib/libutee.a(utee_syscalls_a32.o)
                0x00000000000039e4                _utee_cryp_obj_close
 .text._utee_cryp_obj_reset
                0x00000000000039f8       0x14 /home/reds/soo/optee_os/out/arm-plat-vexpress/export-ta_arm32/lib/libutee.a(utee_syscalls_a32.o)
                0x00000000000039f8                _utee_cryp_obj_reset
 .text._utee_cryp_obj_populate
                0x0000000000003a0c       0x14 /home/reds/soo/optee_os/out/arm-plat-vexpress/export-ta_arm32/lib/libutee.a(utee_syscalls_a32.o)
                0x0000000000003a0c                _utee_cryp_obj_populate
 .text._utee_cryp_obj_copy
                0x0000000000003a20       0x14 /home/reds/soo/optee_os/out/arm-plat-vexpress/export-ta_arm32/lib/libutee.a(utee_syscalls_a32.o)
                0x0000000000003a20                _utee_cryp_obj_copy
 .text._utee_cryp_derive_key
                0x0000000000003a34       0x14 /home/reds/soo/optee_os/out/arm-plat-vexpress/export-ta_arm32/lib/libutee.a(utee_syscalls_a32.o)
                0x0000000000003a34                _utee_cryp_derive_key
 .text._utee_cryp_random_number_generate
                0x0000000000003a48       0x14 /home/reds/soo/optee_os/out/arm-plat-vexpress/export-ta_arm32/lib/libutee.a(utee_syscalls_a32.o)
                0x0000000000003a48                _utee_cryp_random_number_generate
 .text._utee_authenc_init
                0x0000000000003a5c       0x18 /home/reds/soo/optee_os/out/arm-plat-vexpress/export-ta_arm32/lib/libutee.a(utee_syscalls_a32.o)
                0x0000000000003a5c                _utee_authenc_init
 .text._utee_authenc_update_aad
                0x0000000000003a74       0x14 /home/reds/soo/optee_os/out/arm-plat-vexpress/export-ta_arm32/lib/libutee.a(utee_syscalls_a32.o)
                0x0000000000003a74                _utee_authenc_update_aad
 .text._utee_authenc_update_payload
                0x0000000000003a88       0x18 /home/reds/soo/optee_os/out/arm-plat-vexpress/export-ta_arm32/lib/libutee.a(utee_syscalls_a32.o)
                0x0000000000003a88                _utee_authenc_update_payload
 .text._utee_authenc_enc_final
                0x0000000000003aa0       0x18 /home/reds/soo/optee_os/out/arm-plat-vexpress/export-ta_arm32/lib/libutee.a(utee_syscalls_a32.o)
                0x0000000000003aa0                _utee_authenc_enc_final
 .text._utee_authenc_dec_final
                0x0000000000003ab8       0x18 /home/reds/soo/optee_os/out/arm-plat-vexpress/export-ta_arm32/lib/libutee.a(utee_syscalls_a32.o)
                0x0000000000003ab8                _utee_authenc_dec_final
 .text._utee_asymm_operate
                0x0000000000003ad0       0x18 /home/reds/soo/optee_os/out/arm-plat-vexpress/export-ta_arm32/lib/libutee.a(utee_syscalls_a32.o)
                0x0000000000003ad0                _utee_asymm_operate
 .text._utee_asymm_verify
                0x0000000000003ae8       0x18 /home/reds/soo/optee_os/out/arm-plat-vexpress/export-ta_arm32/lib/libutee.a(utee_syscalls_a32.o)
                0x0000000000003ae8                _utee_asymm_verify
 .text._utee_storage_obj_open
                0x0000000000003b00       0x18 /home/reds/soo/optee_os/out/arm-plat-vexpress/export-ta_arm32/lib/libutee.a(utee_syscalls_a32.o)
                0x0000000000003b00                _utee_storage_obj_open
 .text._utee_storage_obj_create
                0x0000000000003b18       0x18 /home/reds/soo/optee_os/out/arm-plat-vexpress/export-ta_arm32/lib/libutee.a(utee_syscalls_a32.o)
                0x0000000000003b18                _utee_storage_obj_create
 .text._utee_storage_obj_del
                0x0000000000003b30       0x14 /home/reds/soo/optee_os/out/arm-plat-vexpress/export-ta_arm32/lib/libutee.a(utee_syscalls_a32.o)
                0x0000000000003b30                _utee_storage_obj_del
 .text._utee_storage_obj_rename
                0x0000000000003b44       0x14 /home/reds/soo/optee_os/out/arm-plat-vexpress/export-ta_arm32/lib/libutee.a(utee_syscalls_a32.o)
                0x0000000000003b44                _utee_storage_obj_rename
 .text._utee_storage_alloc_enum
                0x0000000000003b58       0x14 /home/reds/soo/optee_os/out/arm-plat-vexpress/export-ta_arm32/lib/libutee.a(utee_syscalls_a32.o)
                0x0000000000003b58                _utee_storage_alloc_enum
 .text._utee_storage_free_enum
                0x0000000000003b6c       0x14 /home/reds/soo/optee_os/out/arm-plat-vexpress/export-ta_arm32/lib/libutee.a(utee_syscalls_a32.o)
                0x0000000000003b6c                _utee_storage_free_enum
 .text._utee_storage_reset_enum
                0x0000000000003b80       0x14 /home/reds/soo/optee_os/out/arm-plat-vexpress/export-ta_arm32/lib/libutee.a(utee_syscalls_a32.o)
                0x0000000000003b80                _utee_storage_reset_enum
 .text._utee_storage_start_enum
                0x0000000000003b94       0x14 /home/reds/soo/optee_os/out/arm-plat-vexpress/export-ta_arm32/lib/libutee.a(utee_syscalls_a32.o)
                0x0000000000003b94                _utee_storage_start_enum
 .text._utee_storage_next_enum
                0x0000000000003ba8       0x14 /home/reds/soo/optee_os/out/arm-plat-vexpress/export-ta_arm32/lib/libutee.a(utee_syscalls_a32.o)
                0x0000000000003ba8                _utee_storage_next_enum
 .text._utee_storage_obj_read
                0x0000000000003bbc       0x14 /home/reds/soo/optee_os/out/arm-plat-vexpress/export-ta_arm32/lib/libutee.a(utee_syscalls_a32.o)
                0x0000000000003bbc                _utee_storage_obj_read
 .text._utee_storage_obj_write
                0x0000000000003bd0       0x14 /home/reds/soo/optee_os/out/arm-plat-vexpress/export-ta_arm32/lib/libutee.a(utee_syscalls_a32.o)
                0x0000000000003bd0                _utee_storage_obj_write
 .text._utee_storage_obj_trunc
                0x0000000000003be4       0x14 /home/reds/soo/optee_os/out/arm-plat-vexpress/export-ta_arm32/lib/libutee.a(utee_syscalls_a32.o)
                0x0000000000003be4                _utee_storage_obj_trunc
 .text._utee_storage_obj_seek
                0x0000000000003bf8       0x14 /home/reds/soo/optee_os/out/arm-plat-vexpress/export-ta_arm32/lib/libutee.a(utee_syscalls_a32.o)
                0x0000000000003bf8                _utee_storage_obj_seek
 .text._utee_cryp_obj_generate_key
                0x0000000000003c0c       0x14 /home/reds/soo/optee_os/out/arm-plat-vexpress/export-ta_arm32/lib/libutee.a(utee_syscalls_a32.o)
                0x0000000000003c0c                _utee_cryp_obj_generate_key
 .text._utee_cache_operation
                0x0000000000003c20       0x14 /home/reds/soo/optee_os/out/arm-plat-vexpress/export-ta_arm32/lib/libutee.a(utee_syscalls_a32.o)
                0x0000000000003c20                _utee_cache_operation
 .text          0x0000000000003c34      0x47c /home/reds/soo/optee_os/out/arm-plat-vexpress/export-ta_arm32/lib/libutee.a(user_ta_entry.o)
                0x0000000000003de0                __utee_call_elf_init_fn
                0x0000000000003e9c                __utee_call_elf_fini_fn
                0x0000000000003f18                __utee_entry
 .text          0x00000000000040b0       0x18 /home/reds/soo/optee_os/out/arm-plat-vexpress/export-ta_arm32/lib/libutee.a(abort.o)
                0x00000000000040b0                abort
 .text          0x00000000000040c8      0x1a8 /home/reds/soo/optee_os/out/arm-plat-vexpress/export-ta_arm32/lib/libutee.a(base64.o)
                0x00000000000040c8                _base64_enc_len
                0x00000000000040d6                _base64_enc
                0x00000000000041a4                _base64_dec
 .text          0x0000000000004270      0x484 /home/reds/soo/optee_os/out/arm-plat-vexpress/export-ta_arm32/lib/libutee.a(tee_api.o)
                0x00000000000042c8                TEE_CloseTASession
                0x00000000000042dc                TEE_GetCancellationFlag
                0x00000000000042f8                TEE_UnmaskCancellation
                0x0000000000004314                TEE_MaskCancellation
                0x0000000000004330                TEE_CheckMemoryAccessRights
                0x000000000000447c                TEE_OpenTASession
                0x000000000000450e                TEE_InvokeTACommand
                0x00000000000045bc                TEE_SetInstanceData
                0x00000000000045c8                TEE_GetInstanceData
                0x00000000000045d4                TEE_MemMove
                0x00000000000045d8                TEE_MemCompare
                0x00000000000045dc                TEE_MemFill
                0x00000000000045e0                TEE_GetSystemTime
                0x00000000000045f6                TEE_Wait
                0x0000000000004614                TEE_GetTAPersistentTime
                0x0000000000004650                TEE_SetTAPersistentTime
                0x0000000000004678                TEE_GetREETime
                0x000000000000468e                TEE_Malloc
                0x00000000000046d8                TEE_Realloc
                0x00000000000046dc                TEE_Free
                0x00000000000046e0                TEE_CacheClean
                0x00000000000046e6                TEE_CacheFlush
                0x00000000000046ec                TEE_CacheInvalidate
 .text          0x00000000000046f4     0x11a0 /home/reds/soo/optee_os/out/arm-plat-vexpress/export-ta_arm32/lib/libutee.a(tee_api_arith_mpi.o)
                0x0000000000004cc8                _TEE_MathAPI_Init
                0x0000000000004d0c                TEE_BigIntInit
                0x0000000000004d44                TEE_BigIntConvertFromOctetString
                0x0000000000004d98                TEE_BigIntConvertToOctetString
                0x0000000000004df0                TEE_BigIntConvertFromS32
                0x0000000000004e40                TEE_BigIntConvertToS32
                0x0000000000004e98                TEE_BigIntCmp
                0x0000000000004ecc                TEE_BigIntCmpS32
                0x0000000000004ff4                TEE_BigIntShiftRight
                0x0000000000005104                TEE_BigIntGetBit
                0x000000000000512e                TEE_BigIntGetBitCount
                0x0000000000005150                TEE_BigIntAdd
                0x0000000000005170                TEE_BigIntSub
                0x0000000000005190                TEE_BigIntNeg
                0x0000000000005204                TEE_BigIntMul
                0x00000000000052a8                TEE_BigIntSquare
                0x00000000000052ae                TEE_BigIntDiv
                0x00000000000053a0                TEE_BigIntMod
                0x00000000000053f0                TEE_BigIntAddMod
                0x000000000000540c                TEE_BigIntSubMod
                0x0000000000005428                TEE_BigIntMulMod
                0x0000000000005444                TEE_BigIntSquareMod
                0x000000000000544c                TEE_BigIntInvMod
                0x0000000000005508                TEE_BigIntRelativePrime
                0x0000000000005584                TEE_BigIntComputeExtendedGcd
                0x000000000000572c                TEE_BigIntIsProbablePrime
                0x000000000000575c                TEE_BigIntInitFMM
                0x0000000000005760                TEE_BigIntInitFMMContext
                0x0000000000005762                TEE_BigIntFMMSizeInU32
                0x000000000000576a                TEE_BigIntFMMContextSizeInU32
                0x000000000000576e                TEE_BigIntConvertToFMM
                0x0000000000005772                TEE_BigIntConvertFromFMM
                0x00000000000057d8                TEE_BigIntComputeFMM
 .text.unlikely
                0x0000000000005894       0x20 /home/reds/soo/optee_os/out/arm-plat-vexpress/export-ta_arm32/lib/libutee.a(tee_api_arith_mpi.o)
 .text          0x00000000000058b4      0x160 /home/reds/soo/optee_os/out/arm-plat-vexpress/export-ta_arm32/lib/libutee.a(tee_system_pta.o)
                0x0000000000005904                tee_map_zi
                0x0000000000005940                tee_unmap
                0x000000000000598c                tee_invoke_supp_plugin
 .text          0x0000000000005a14      0x228 /home/reds/soo/optee_os/out/arm-plat-vexpress/export-ta_arm32/lib/libutee.a(tcb.o)
                0x0000000000005a14                __utee_tcb_init
                0x0000000000005b88                __tls_get_addr
                0x0000000000005ba0                dl_iterate_phdr
 .text          0x0000000000005c3c       0x38 /home/reds/soo/optee_os/out/arm-plat-vexpress/export-ta_arm32/lib/libutee.a(assert.o)
                0x0000000000005c3c                _assert_log
                0x0000000000005c64                _assert_break
 .text          0x0000000000005c74     0x2a78 /home/reds/soo/optee_os/out/arm-plat-vexpress/export-ta_arm32/lib/libmbedtls.a(bignum.o)
                0x0000000000006228                mbedtls_mpi_init
                0x0000000000006236                mbedtls_mpi_init_mempool
                0x000000000000625c                mbedtls_mpi_free
                0x00000000000062a0                mbedtls_mpi_grow
                0x000000000000633c                mbedtls_mpi_shrink
                0x0000000000006400                mbedtls_mpi_copy
                0x0000000000006466                mbedtls_mpi_swap
                0x0000000000006494                mbedtls_mpi_safe_cond_assign
                0x0000000000006500                mbedtls_mpi_safe_cond_swap
                0x0000000000006582                mbedtls_mpi_lset
                0x00000000000065ba                mbedtls_mpi_get_bit
                0x00000000000065da                mbedtls_mpi_set_bit
                0x000000000000662a                mbedtls_mpi_lsb
                0x0000000000006658                mbedtls_mpi_bitlen
                0x000000000000669a                mbedtls_mpi_size
                0x00000000000066a6                mbedtls_mpi_read_binary_le
                0x000000000000670c                mbedtls_mpi_read_binary
                0x0000000000006782                mbedtls_mpi_write_binary_le
                0x00000000000067ec                mbedtls_mpi_write_binary
                0x0000000000006854                mbedtls_mpi_shift_l
                0x00000000000068ea                mbedtls_mpi_shift_r
                0x0000000000006970                mbedtls_mpi_cmp_abs
                0x00000000000069e4                mbedtls_mpi_cmp_mpi
                0x0000000000006a7c                mbedtls_mpi_lt_mpi_ct
                0x0000000000006b34                mbedtls_mpi_cmp_int
                0x0000000000006b62                mbedtls_mpi_add_abs
                0x0000000000006c20                mbedtls_mpi_sub_abs
                0x0000000000006ca0                mbedtls_mpi_add_mpi
                0x0000000000006ce8                mbedtls_mpi_sub_mpi
                0x0000000000006d32                mbedtls_mpi_add_int
                0x0000000000006d60                mbedtls_mpi_sub_int
                0x0000000000006d8e                mbedtls_mpi_mul_mpi
                0x0000000000006e76                mbedtls_mpi_mul_int
                0x0000000000006e92                mbedtls_mpi_read_string
                0x0000000000006fc0                mbedtls_mpi_div_mpi
                0x000000000000734a                mbedtls_mpi_div_int
                0x0000000000007376                mbedtls_mpi_mod_mpi
                0x00000000000073da                mbedtls_mpi_mod_int
                0x000000000000744c                mbedtls_mpi_write_string
                0x000000000000760c                mbedtls_mpi_montg_init
                0x0000000000007634                mbedtls_mpi_montmul
                0x00000000000076fc                mbedtls_mpi_montred
                0x000000000000771e                mbedtls_mpi_exp_mod
                0x0000000000007b78                mbedtls_mpi_gcd
                0x0000000000007c80                mbedtls_mpi_fill_random
                0x0000000000007e7a                mbedtls_mpi_inv_mod
                0x000000000000814a                mbedtls_mpi_is_prime_ext
                0x00000000000081ac                mbedtls_mpi_is_prime
                0x00000000000081b6                mbedtls_mpi_gen_prime
                0x00000000000083c0                mbedtls_mpi_self_test
 .text          0x00000000000086ec       0x14 /home/reds/soo/optee_os/out/arm-plat-vexpress/export-ta_arm32/lib/libmbedtls.a(platform_util.o)
                0x00000000000086ec                mbedtls_platform_zeroize
 .text          0x0000000000008700      0x928 /home/reds/soo/optee_os/out/arm-plat-vexpress/export-ta_arm32/lib/libutils.a(bget_malloc.o)
                0x0000000000008730                bget
                0x000000000000893c                bgetz
                0x000000000000899c                brel
                0x0000000000008ba4                bgetr
                0x0000000000008c54                bpool
                0x0000000000008cf0                bstats
                0x0000000000008d54                malloc_reset_stats
                0x0000000000008d68                malloc_get_stats
                0x0000000000008d84                malloc
                0x0000000000008db4                calloc
                0x0000000000008df8                realloc
                0x0000000000008dfa                memalign
                0x0000000000008e38                free
                0x0000000000008e4c                free_wipe
                0x0000000000008e60                malloc_add_pool
                0x0000000000008ef8                malloc_buffer_is_within_alloced
                0x0000000000008fd8                malloc_buffer_overlaps_heap
 .text          0x0000000000009028      0x104 /home/reds/soo/optee_os/out/arm-plat-vexpress/export-ta_arm32/lib/libutils.a(mempool.o)
                0x0000000000009028                mempool_alloc_pool
                0x000000000000906c                mempool_alloc
                0x00000000000090d8                mempool_calloc
                0x00000000000090fc                mempool_free
 .text          0x000000000000912c        0xe ./user_ta_header.o
                0x000000000000912c                __ta_entry_c
                0x0000000000009136                tahead_get_trace_level
 .text          0x000000000000913a       0x10 /home/reds/soo/optee_os/out/arm-plat-vexpress/export-ta_arm32/lib/libutils.a(memset.o)
                0x000000000000913a                memset
 .text          0x000000000000914a        0x6 /home/reds/soo/optee_os/out/arm-plat-vexpress/export-ta_arm32/lib/libutils.a(aeabi_unwind.o)
                0x000000000000914a                __aeabi_unwind_cpp_pr0
                0x000000000000914c                __aeabi_unwind_cpp_pr1
                0x000000000000914e                __aeabi_unwind_cpp_pr2
 .text          0x0000000000009150       0x1c /home/reds/soo/optee_os/out/arm-plat-vexpress/export-ta_arm32/lib/libutils.a(memchr.o)
                0x0000000000009150                memchr
 .text          0x000000000000916c       0x10 /home/reds/soo/optee_os/out/arm-plat-vexpress/export-ta_arm32/lib/libutils.a(strlen.o)
                0x000000000000916c                strlen
 .text          0x000000000000917c      0x160 /home/reds/soo/optee_os/out/arm-plat-vexpress/export-ta_arm32/lib/libutils.a(arm32_aeabi_ldivmod.o)
                0x000000000000917c                __ul_divmod
                0x00000000000091f0                __l_divmod
 .text          0x00000000000092dc       0x2c /home/reds/soo/optee_os/out/arm-plat-vexpress/export-ta_arm32/lib/libutils.a(snprintf.o)
                0x00000000000092dc                snprintf
                0x00000000000092fa                vsnprintf
 .text          0x0000000000009308       0x34 /home/reds/soo/optee_os/out/arm-plat-vexpress/export-ta_arm32/lib/libutils.a(memmove.o)
                0x0000000000009308                memmove
 .text          0x000000000000933c       0x1a /home/reds/soo/optee_os/out/arm-plat-vexpress/export-ta_arm32/lib/libutils.a(strcmp.o)
                0x000000000000933c                strcmp
 .text          0x0000000000009356       0x2a /home/reds/soo/optee_os/out/arm-plat-vexpress/export-ta_arm32/lib/libutils.a(strlcpy.o)
                0x0000000000009356                strlcpy
 .text          0x0000000000009380       0x48 /home/reds/soo/optee_os/out/arm-plat-vexpress/export-ta_arm32/lib/libutils.a(consttime_memcmp.o)
                0x0000000000009380                consttime_memcmp
 .text          0x00000000000093c8        0x0 ./ta_entry_a32.o
 .text          0x00000000000093c8        0x0 /home/reds/soo/optee_os/out/arm-plat-vexpress/export-ta_arm32/lib/libutils.a(arm32_aeabi_ldivmod_a32.o)
 .text.__stub   0x00000000000093c8       0x40 linker stubs
 *(SORT_BY_ALIGNMENT(.stub))
 *(SORT_BY_ALIGNMENT(.glue_7))
 .glue_7        0x0000000000009408        0x0 linker stubs
 *(SORT_BY_ALIGNMENT(.glue_7t))
 .glue_7t       0x0000000000009408        0x0 linker stubs
 *(SORT_BY_ALIGNMENT(.gnu.linkonce.t.*))
 *(SORT_BY_ALIGNMENT(.vfp11_veneer))
 .vfp11_veneer  0x0000000000009408        0x0 linker stubs
                0x0000000000009408                __text_end = .

.v4_bx          0x0000000000009408        0x0
 .v4_bx         0x0000000000009408        0x0 linker stubs

.iplt           0x0000000000009408        0x0
 .iplt          0x0000000000009408        0x0 ./asf.o

.plt            0x0000000000009408        0x0
 *(SORT_BY_ALIGNMENT(.plt))
 .plt           0x0000000000009408        0x0 ./asf.o

.eh_frame_hdr
 *(SORT_BY_ALIGNMENT(.eh_frame_hdr))
 *(SORT_BY_ALIGNMENT(.eh_frame_entry) SORT_BY_ALIGNMENT(.eh_frame_entry.*))

.eh_frame
 *(SORT_BY_ALIGNMENT(.eh_frame))
 *(SORT_BY_ALIGNMENT(.eh_frame.*))

.gcc_except_table
 *(SORT_BY_ALIGNMENT(.gcc_except_table) SORT_BY_ALIGNMENT(.gcc_except_table.*))

.rodata         0x0000000000009408     0x12f9
 *(SORT_BY_ALIGNMENT(.gnu.linkonce.r.*))
 *(SORT_BY_ALIGNMENT(.rodata) SORT_BY_ALIGNMENT(.rodata.*))
 .rodata.user_ta_header.c
                0x0000000000009408       0x17 ./user_ta_header.o
                0x0000000000009408                ta_num_props
                0x0000000000009418                ta_heap_size
                0x000000000000941c                trace_ext_prefix
 *fill*         0x000000000000941f        0x1 
 .rodata.lib/libutee/tee_api_property.c
                0x0000000000009420        0xc /home/reds/soo/optee_os/out/arm-plat-vexpress/export-ta_arm32/lib/libutee.a(tee_api_property.o)
 .rodata.lib/libutee/tee_system_pta.c
                0x000000000000942c       0x31 /home/reds/soo/optee_os/out/arm-plat-vexpress/export-ta_arm32/lib/libutee.a(tee_system_pta.o)
 *fill*         0x000000000000945d        0x3 
 .rodata.lib/libmbedtls/mbedtls/library/bignum.c
                0x0000000000009460      0x2c4 /home/reds/soo/optee_os/out/arm-plat-vexpress/export-ta_arm32/lib/libmbedtls.a(bignum.o)
 .rodata.str1.1.asf.c
                0x0000000000009724      0x1df ./asf.o
 .rodata.asf.c  0x0000000000009903       0x40 ./asf.o
 .rodata.str1.1.user_ta_header.c
                0x0000000000009943      0x118 ./user_ta_header.o
                                        0x137 (size before relaxing)
 .rodata.lib/libutils/ext/trace.c
                0x0000000000009a5b        0x5 /home/reds/soo/optee_os/out/arm-plat-vexpress/export-ta_arm32/lib/libutils.a(trace.o)
 .rodata.str1.1.lib/libutils/ext/trace.c
                0x0000000000009a60       0x1a /home/reds/soo/optee_os/out/arm-plat-vexpress/export-ta_arm32/lib/libutils.a(trace.o)
                                         0x1b (size before relaxing)
 .rodata.lib/libutils/ext/snprintk.c
                0x0000000000009a7a       0x22 /home/reds/soo/optee_os/out/arm-plat-vexpress/export-ta_arm32/lib/libutils.a(snprintk.o)
 .rodata.str1.1.lib/libutils/ext/snprintk.c
                0x0000000000009a9c       0x38 /home/reds/soo/optee_os/out/arm-plat-vexpress/export-ta_arm32/lib/libutils.a(snprintk.o)
 .rodata.str1.1.lib/libutee/trace_ext.c
                0x0000000000009ad4       0x38 /home/reds/soo/optee_os/out/arm-plat-vexpress/export-ta_arm32/lib/libutee.a(trace_ext.o)
                                          0x2 (size before relaxing)
 .rodata.str1.1.lib/libutee/tee_api_property.c
                0x0000000000009ad4       0x66 /home/reds/soo/optee_os/out/arm-plat-vexpress/export-ta_arm32/lib/libutee.a(tee_api_property.o)
                                         0x6b (size before relaxing)
 .rodata.lib/libutee/arch/arm/user_ta_entry.c
                0x0000000000009b3a       0x16 /home/reds/soo/optee_os/out/arm-plat-vexpress/export-ta_arm32/lib/libutee.a(user_ta_entry.o)
 .rodata.str1.1.lib/libutee/arch/arm/user_ta_entry.c
                0x0000000000009b50       0x19 /home/reds/soo/optee_os/out/arm-plat-vexpress/export-ta_arm32/lib/libutee.a(user_ta_entry.o)
 .rodata.str1.1.lib/libutee/abort.c
                0x0000000000009b69        0x7 /home/reds/soo/optee_os/out/arm-plat-vexpress/export-ta_arm32/lib/libutee.a(abort.o)
 .rodata.lib/libutee/base64.c
                0x0000000000009b70       0x41 /home/reds/soo/optee_os/out/arm-plat-vexpress/export-ta_arm32/lib/libutee.a(base64.o)
 .rodata.lib/libutee/tee_api.c
                0x0000000000009bb1        0xb /home/reds/soo/optee_os/out/arm-plat-vexpress/export-ta_arm32/lib/libutee.a(tee_api.o)
 .rodata.str1.1.lib/libutee/tee_api.c
                0x0000000000009bbc       0x11 /home/reds/soo/optee_os/out/arm-plat-vexpress/export-ta_arm32/lib/libutee.a(tee_api.o)
 .rodata.lib/libutee/tee_api_arith_mpi.c
                0x0000000000009bcd      0x13d /home/reds/soo/optee_os/out/arm-plat-vexpress/export-ta_arm32/lib/libutee.a(tee_api_arith_mpi.o)
 .rodata.str1.1.lib/libutee/tee_api_arith_mpi.c
                0x0000000000009d0a       0xb7 /home/reds/soo/optee_os/out/arm-plat-vexpress/export-ta_arm32/lib/libutee.a(tee_api_arith_mpi.o)
 .rodata.str1.1.lib/libutee/tee_system_pta.c
                0x0000000000009dc1       0x55 /home/reds/soo/optee_os/out/arm-plat-vexpress/export-ta_arm32/lib/libutee.a(tee_system_pta.o)
 .rodata.lib/libutee/arch/arm/tcb.c
                0x0000000000009e16       0x20 /home/reds/soo/optee_os/out/arm-plat-vexpress/export-ta_arm32/lib/libutee.a(tcb.o)
 .rodata.str1.1.lib/libutee/arch/arm/tcb.c
                0x0000000000009e36       0x96 /home/reds/soo/optee_os/out/arm-plat-vexpress/export-ta_arm32/lib/libutee.a(tcb.o)
 .rodata.str1.1.lib/libutee/assert.c
                0x0000000000009ecc       0x27 /home/reds/soo/optee_os/out/arm-plat-vexpress/export-ta_arm32/lib/libutee.a(assert.o)
 .rodata.str1.1.lib/libmbedtls/mbedtls/library/bignum.c
                0x0000000000009ef3      0x456 /home/reds/soo/optee_os/out/arm-plat-vexpress/export-ta_arm32/lib/libmbedtls.a(bignum.o)
                                        0x45d (size before relaxing)
 .rodata.lib/libutils/isoc/bget_malloc.c
                0x000000000000a349       0x58 /home/reds/soo/optee_os/out/arm-plat-vexpress/export-ta_arm32/lib/libutils.a(bget_malloc.o)
 .rodata.str1.1.lib/libutils/isoc/bget_malloc.c
                0x000000000000a3a1      0x2c5 /home/reds/soo/optee_os/out/arm-plat-vexpress/export-ta_arm32/lib/libutils.a(bget_malloc.o)
                                        0x2ce (size before relaxing)
 .rodata.lib/libutils/ext/mempool.c
                0x000000000000a666       0x21 /home/reds/soo/optee_os/out/arm-plat-vexpress/export-ta_arm32/lib/libutils.a(mempool.o)
 .rodata.str1.1.lib/libutils/ext/mempool.c
                0x000000000000a687       0x7a /home/reds/soo/optee_os/out/arm-plat-vexpress/export-ta_arm32/lib/libutils.a(mempool.o)

.gnu.version_d  0x000000000000a704        0x0
 .gnu.version_d
                0x000000000000a704        0x0 ./asf.o

.gnu.version    0x000000000000a702        0x0
 .gnu.version   0x000000000000a702        0x0 ./asf.o

.gnu.version_r  0x000000000000a704        0x0
 .gnu.version_r
                0x000000000000a704        0x0 ./asf.o

.gnu.hash       0x000000000000a704       0x2c
 .gnu.hash      0x000000000000a704       0x2c ./asf.o

.ARM.extab      0x000000000000a730      0x138
 *(SORT_BY_ALIGNMENT(.ARM.extab*) SORT_BY_ALIGNMENT(.gnu.linkonce.armextab.*))
 .ARM.extab     0x000000000000a730        0xc ./user_ta_header.o
 .ARM.extab     0x000000000000a73c        0xc /home/reds/soo/optee_os/out/arm-plat-vexpress/export-ta_arm32/lib/libutils.a(snprintk.o)
 .ARM.extab.text.__aeabi_ldivmod
                0x000000000000a748        0xc /home/reds/soo/optee_os/out/arm-plat-vexpress/export-ta_arm32/lib/libutils.a(arm32_aeabi_ldivmod_a32.o)
 .ARM.extab.text.__aeabi_uldivmod
                0x000000000000a754        0xc /home/reds/soo/optee_os/out/arm-plat-vexpress/export-ta_arm32/lib/libutils.a(arm32_aeabi_ldivmod_a32.o)
 .ARM.extab     0x000000000000a760        0xc /home/reds/soo/optee_os/out/arm-plat-vexpress/export-ta_arm32/lib/libutee.a(trace_ext.o)
 .ARM.extab     0x000000000000a76c       0x3c /home/reds/soo/optee_os/out/arm-plat-vexpress/export-ta_arm32/lib/libutee.a(tee_api_objects.o)
 .ARM.extab     0x000000000000a7a8        0xc /home/reds/soo/optee_os/out/arm-plat-vexpress/export-ta_arm32/lib/libutee.a(tee_api_operations.o)
 .ARM.extab     0x000000000000a7b4       0x24 /home/reds/soo/optee_os/out/arm-plat-vexpress/export-ta_arm32/lib/libutee.a(tee_api_panic.o)
 .ARM.extab.text._utee_panic
                0x000000000000a7d8        0xc /home/reds/soo/optee_os/out/arm-plat-vexpress/export-ta_arm32/lib/libutee.a(utee_syscalls_a32.o)
 .ARM.extab     0x000000000000a7e4        0xc /home/reds/soo/optee_os/out/arm-plat-vexpress/export-ta_arm32/lib/libutee.a(abort.o)
 .ARM.extab     0x000000000000a7f0       0x24 /home/reds/soo/optee_os/out/arm-plat-vexpress/export-ta_arm32/lib/libutee.a(tee_api.o)
 .ARM.extab.text.unlikely
                0x000000000000a814        0xc /home/reds/soo/optee_os/out/arm-plat-vexpress/export-ta_arm32/lib/libutee.a(tee_api_arith_mpi.o)
 .ARM.extab     0x000000000000a820       0x24 /home/reds/soo/optee_os/out/arm-plat-vexpress/export-ta_arm32/lib/libutee.a(tee_api_arith_mpi.o)
 .ARM.extab     0x000000000000a844        0xc /home/reds/soo/optee_os/out/arm-plat-vexpress/export-ta_arm32/lib/libutee.a(assert.o)
 .ARM.extab     0x000000000000a850        0xc /home/reds/soo/optee_os/out/arm-plat-vexpress/export-ta_arm32/lib/libmbedtls.a(bignum.o)
 .ARM.extab     0x000000000000a85c        0xc /home/reds/soo/optee_os/out/arm-plat-vexpress/export-ta_arm32/lib/libutils.a(snprintf.o)
 .ARM.extab     0x000000000000a868        0x0 ./asf.o
 .ARM.extab.text.__ta_entry
                0x000000000000a868        0x0 ./ta_entry_a32.o
 .ARM.extab     0x000000000000a868        0x0 /home/reds/soo/optee_os/out/arm-plat-vexpress/export-ta_arm32/lib/libutils.a(memcpy.o)
 .ARM.extab     0x000000000000a868        0x0 /home/reds/soo/optee_os/out/arm-plat-vexpress/export-ta_arm32/lib/libutils.a(memset.o)
 .ARM.extab     0x000000000000a868        0x0 /home/reds/soo/optee_os/out/arm-plat-vexpress/export-ta_arm32/lib/libutils.a(trace.o)
 .ARM.extab     0x000000000000a868        0x0 /home/reds/soo/optee_os/out/arm-plat-vexpress/export-ta_arm32/lib/libutils.a(aeabi_unwind.o)
 .ARM.extab     0x000000000000a868        0x0 /home/reds/soo/optee_os/out/arm-plat-vexpress/export-ta_arm32/lib/libutils.a(memchr.o)
 .ARM.extab     0x000000000000a868        0x0 /home/reds/soo/optee_os/out/arm-plat-vexpress/export-ta_arm32/lib/libutils.a(strlen.o)
 .ARM.extab     0x000000000000a868        0x0 /home/reds/soo/optee_os/out/arm-plat-vexpress/export-ta_arm32/lib/libutils.a(arm32_aeabi_ldivmod.o)
 .ARM.extab     0x000000000000a868        0x0 /home/reds/soo/optee_os/out/arm-plat-vexpress/export-ta_arm32/lib/libutee.a(tee_api_property.o)
 .ARM.extab.text._utee_return
                0x000000000000a868        0x0 /home/reds/soo/optee_os/out/arm-plat-vexpress/export-ta_arm32/lib/libutee.a(utee_syscalls_a32.o)
 .ARM.extab.text._utee_log
                0x000000000000a868        0x0 /home/reds/soo/optee_os/out/arm-plat-vexpress/export-ta_arm32/lib/libutee.a(utee_syscalls_a32.o)
 .ARM.extab.text.__utee_panic
                0x000000000000a868        0x0 /home/reds/soo/optee_os/out/arm-plat-vexpress/export-ta_arm32/lib/libutee.a(utee_syscalls_a32.o)
 .ARM.extab.text._utee_get_property
                0x000000000000a868        0x0 /home/reds/soo/optee_os/out/arm-plat-vexpress/export-ta_arm32/lib/libutee.a(utee_syscalls_a32.o)
 .ARM.extab.text._utee_get_property_name_to_index
                0x000000000000a868        0x0 /home/reds/soo/optee_os/out/arm-plat-vexpress/export-ta_arm32/lib/libutee.a(utee_syscalls_a32.o)
 .ARM.extab.text._utee_open_ta_session
                0x000000000000a868        0x0 /home/reds/soo/optee_os/out/arm-plat-vexpress/export-ta_arm32/lib/libutee.a(utee_syscalls_a32.o)
 .ARM.extab.text._utee_close_ta_session
                0x000000000000a868        0x0 /home/reds/soo/optee_os/out/arm-plat-vexpress/export-ta_arm32/lib/libutee.a(utee_syscalls_a32.o)
 .ARM.extab.text._utee_invoke_ta_command
                0x000000000000a868        0x0 /home/reds/soo/optee_os/out/arm-plat-vexpress/export-ta_arm32/lib/libutee.a(utee_syscalls_a32.o)
 .ARM.extab.text._utee_get_cancellation_flag
                0x000000000000a868        0x0 /home/reds/soo/optee_os/out/arm-plat-vexpress/export-ta_arm32/lib/libutee.a(utee_syscalls_a32.o)
 .ARM.extab.text._utee_check_access_rights
                0x000000000000a868        0x0 /home/reds/soo/optee_os/out/arm-plat-vexpress/export-ta_arm32/lib/libutee.a(utee_syscalls_a32.o)
 .ARM.extab.text._utee_unmask_cancellation
                0x000000000000a868        0x0 /home/reds/soo/optee_os/out/arm-plat-vexpress/export-ta_arm32/lib/libutee.a(utee_syscalls_a32.o)
 .ARM.extab.text._utee_mask_cancellation
                0x000000000000a868        0x0 /home/reds/soo/optee_os/out/arm-plat-vexpress/export-ta_arm32/lib/libutee.a(utee_syscalls_a32.o)
 .ARM.extab.text._utee_wait
                0x000000000000a868        0x0 /home/reds/soo/optee_os/out/arm-plat-vexpress/export-ta_arm32/lib/libutee.a(utee_syscalls_a32.o)
 .ARM.extab.text._utee_get_time
                0x000000000000a868        0x0 /home/reds/soo/optee_os/out/arm-plat-vexpress/export-ta_arm32/lib/libutee.a(utee_syscalls_a32.o)
 .ARM.extab.text._utee_set_ta_time
                0x000000000000a868        0x0 /home/reds/soo/optee_os/out/arm-plat-vexpress/export-ta_arm32/lib/libutee.a(utee_syscalls_a32.o)
 .ARM.extab.text._utee_cryp_state_alloc
                0x000000000000a868        0x0 /home/reds/soo/optee_os/out/arm-plat-vexpress/export-ta_arm32/lib/libutee.a(utee_syscalls_a32.o)
 .ARM.extab.text._utee_cryp_state_copy
                0x000000000000a868        0x0 /home/reds/soo/optee_os/out/arm-plat-vexpress/export-ta_arm32/lib/libutee.a(utee_syscalls_a32.o)
 .ARM.extab.text._utee_cryp_state_free
                0x000000000000a868        0x0 /home/reds/soo/optee_os/out/arm-plat-vexpress/export-ta_arm32/lib/libutee.a(utee_syscalls_a32.o)
 .ARM.extab.text._utee_hash_init
                0x000000000000a868        0x0 /home/reds/soo/optee_os/out/arm-plat-vexpress/export-ta_arm32/lib/libutee.a(utee_syscalls_a32.o)
 .ARM.extab.text._utee_hash_update
                0x000000000000a868        0x0 /home/reds/soo/optee_os/out/arm-plat-vexpress/export-ta_arm32/lib/libutee.a(utee_syscalls_a32.o)
 .ARM.extab.text._utee_hash_final
                0x000000000000a868        0x0 /home/reds/soo/optee_os/out/arm-plat-vexpress/export-ta_arm32/lib/libutee.a(utee_syscalls_a32.o)
 .ARM.extab.text._utee_cipher_init
                0x000000000000a868        0x0 /home/reds/soo/optee_os/out/arm-plat-vexpress/export-ta_arm32/lib/libutee.a(utee_syscalls_a32.o)
 .ARM.extab.text._utee_cipher_update
                0x000000000000a868        0x0 /home/reds/soo/optee_os/out/arm-plat-vexpress/export-ta_arm32/lib/libutee.a(utee_syscalls_a32.o)
 .ARM.extab.text._utee_cipher_final
                0x000000000000a868        0x0 /home/reds/soo/optee_os/out/arm-plat-vexpress/export-ta_arm32/lib/libutee.a(utee_syscalls_a32.o)
 .ARM.extab.text._utee_cryp_obj_get_info
                0x000000000000a868        0x0 /home/reds/soo/optee_os/out/arm-plat-vexpress/export-ta_arm32/lib/libutee.a(utee_syscalls_a32.o)
 .ARM.extab.text._utee_cryp_obj_restrict_usage
                0x000000000000a868        0x0 /home/reds/soo/optee_os/out/arm-plat-vexpress/export-ta_arm32/lib/libutee.a(utee_syscalls_a32.o)
 .ARM.extab.text._utee_cryp_obj_get_attr
                0x000000000000a868        0x0 /home/reds/soo/optee_os/out/arm-plat-vexpress/export-ta_arm32/lib/libutee.a(utee_syscalls_a32.o)
 .ARM.extab.text._utee_cryp_obj_alloc
                0x000000000000a868        0x0 /home/reds/soo/optee_os/out/arm-plat-vexpress/export-ta_arm32/lib/libutee.a(utee_syscalls_a32.o)
 .ARM.extab.text._utee_cryp_obj_close
                0x000000000000a868        0x0 /home/reds/soo/optee_os/out/arm-plat-vexpress/export-ta_arm32/lib/libutee.a(utee_syscalls_a32.o)
 .ARM.extab.text._utee_cryp_obj_reset
                0x000000000000a868        0x0 /home/reds/soo/optee_os/out/arm-plat-vexpress/export-ta_arm32/lib/libutee.a(utee_syscalls_a32.o)
 .ARM.extab.text._utee_cryp_obj_populate
                0x000000000000a868        0x0 /home/reds/soo/optee_os/out/arm-plat-vexpress/export-ta_arm32/lib/libutee.a(utee_syscalls_a32.o)
 .ARM.extab.text._utee_cryp_obj_copy
                0x000000000000a868        0x0 /home/reds/soo/optee_os/out/arm-plat-vexpress/export-ta_arm32/lib/libutee.a(utee_syscalls_a32.o)
 .ARM.extab.text._utee_cryp_derive_key
                0x000000000000a868        0x0 /home/reds/soo/optee_os/out/arm-plat-vexpress/export-ta_arm32/lib/libutee.a(utee_syscalls_a32.o)
 .ARM.extab.text._utee_cryp_random_number_generate
                0x000000000000a868        0x0 /home/reds/soo/optee_os/out/arm-plat-vexpress/export-ta_arm32/lib/libutee.a(utee_syscalls_a32.o)
 .ARM.extab.text._utee_authenc_init
                0x000000000000a868        0x0 /home/reds/soo/optee_os/out/arm-plat-vexpress/export-ta_arm32/lib/libutee.a(utee_syscalls_a32.o)
 .ARM.extab.text._utee_authenc_update_aad
                0x000000000000a868        0x0 /home/reds/soo/optee_os/out/arm-plat-vexpress/export-ta_arm32/lib/libutee.a(utee_syscalls_a32.o)
 .ARM.extab.text._utee_authenc_update_payload
                0x000000000000a868        0x0 /home/reds/soo/optee_os/out/arm-plat-vexpress/export-ta_arm32/lib/libutee.a(utee_syscalls_a32.o)
 .ARM.extab.text._utee_authenc_enc_final
                0x000000000000a868        0x0 /home/reds/soo/optee_os/out/arm-plat-vexpress/export-ta_arm32/lib/libutee.a(utee_syscalls_a32.o)
 .ARM.extab.text._utee_authenc_dec_final
                0x000000000000a868        0x0 /home/reds/soo/optee_os/out/arm-plat-vexpress/export-ta_arm32/lib/libutee.a(utee_syscalls_a32.o)
 .ARM.extab.text._utee_asymm_operate
                0x000000000000a868        0x0 /home/reds/soo/optee_os/out/arm-plat-vexpress/export-ta_arm32/lib/libutee.a(utee_syscalls_a32.o)
 .ARM.extab.text._utee_asymm_verify
                0x000000000000a868        0x0 /home/reds/soo/optee_os/out/arm-plat-vexpress/export-ta_arm32/lib/libutee.a(utee_syscalls_a32.o)
 .ARM.extab.text._utee_storage_obj_open
                0x000000000000a868        0x0 /home/reds/soo/optee_os/out/arm-plat-vexpress/export-ta_arm32/lib/libutee.a(utee_syscalls_a32.o)
 .ARM.extab.text._utee_storage_obj_create
                0x000000000000a868        0x0 /home/reds/soo/optee_os/out/arm-plat-vexpress/export-ta_arm32/lib/libutee.a(utee_syscalls_a32.o)
 .ARM.extab.text._utee_storage_obj_del
                0x000000000000a868        0x0 /home/reds/soo/optee_os/out/arm-plat-vexpress/export-ta_arm32/lib/libutee.a(utee_syscalls_a32.o)
 .ARM.extab.text._utee_storage_obj_rename
                0x000000000000a868        0x0 /home/reds/soo/optee_os/out/arm-plat-vexpress/export-ta_arm32/lib/libutee.a(utee_syscalls_a32.o)
 .ARM.extab.text._utee_storage_alloc_enum
                0x000000000000a868        0x0 /home/reds/soo/optee_os/out/arm-plat-vexpress/export-ta_arm32/lib/libutee.a(utee_syscalls_a32.o)
 .ARM.extab.text._utee_storage_free_enum
                0x000000000000a868        0x0 /home/reds/soo/optee_os/out/arm-plat-vexpress/export-ta_arm32/lib/libutee.a(utee_syscalls_a32.o)
 .ARM.extab.text._utee_storage_reset_enum
                0x000000000000a868        0x0 /home/reds/soo/optee_os/out/arm-plat-vexpress/export-ta_arm32/lib/libutee.a(utee_syscalls_a32.o)
 .ARM.extab.text._utee_storage_start_enum
                0x000000000000a868        0x0 /home/reds/soo/optee_os/out/arm-plat-vexpress/export-ta_arm32/lib/libutee.a(utee_syscalls_a32.o)
 .ARM.extab.text._utee_storage_next_enum
                0x000000000000a868        0x0 /home/reds/soo/optee_os/out/arm-plat-vexpress/export-ta_arm32/lib/libutee.a(utee_syscalls_a32.o)
 .ARM.extab.text._utee_storage_obj_read
                0x000000000000a868        0x0 /home/reds/soo/optee_os/out/arm-plat-vexpress/export-ta_arm32/lib/libutee.a(utee_syscalls_a32.o)
 .ARM.extab.text._utee_storage_obj_write
                0x000000000000a868        0x0 /home/reds/soo/optee_os/out/arm-plat-vexpress/export-ta_arm32/lib/libutee.a(utee_syscalls_a32.o)
 .ARM.extab.text._utee_storage_obj_trunc
                0x000000000000a868        0x0 /home/reds/soo/optee_os/out/arm-plat-vexpress/export-ta_arm32/lib/libutee.a(utee_syscalls_a32.o)
 .ARM.extab.text._utee_storage_obj_seek
                0x000000000000a868        0x0 /home/reds/soo/optee_os/out/arm-plat-vexpress/export-ta_arm32/lib/libutee.a(utee_syscalls_a32.o)
 .ARM.extab.text._utee_cryp_obj_generate_key
                0x000000000000a868        0x0 /home/reds/soo/optee_os/out/arm-plat-vexpress/export-ta_arm32/lib/libutee.a(utee_syscalls_a32.o)
 .ARM.extab.text._utee_cache_operation
                0x000000000000a868        0x0 /home/reds/soo/optee_os/out/arm-plat-vexpress/export-ta_arm32/lib/libutee.a(utee_syscalls_a32.o)
 .ARM.extab     0x000000000000a868        0x0 /home/reds/soo/optee_os/out/arm-plat-vexpress/export-ta_arm32/lib/libutee.a(user_ta_entry.o)
 .ARM.extab     0x000000000000a868        0x0 /home/reds/soo/optee_os/out/arm-plat-vexpress/export-ta_arm32/lib/libutee.a(base64.o)
 .ARM.extab     0x000000000000a868        0x0 /home/reds/soo/optee_os/out/arm-plat-vexpress/export-ta_arm32/lib/libutee.a(tee_system_pta.o)
 .ARM.extab     0x000000000000a868        0x0 /home/reds/soo/optee_os/out/arm-plat-vexpress/export-ta_arm32/lib/libutee.a(tcb.o)
 .ARM.extab     0x000000000000a868        0x0 /home/reds/soo/optee_os/out/arm-plat-vexpress/export-ta_arm32/lib/libmbedtls.a(platform_util.o)
 .ARM.extab     0x000000000000a868        0x0 /home/reds/soo/optee_os/out/arm-plat-vexpress/export-ta_arm32/lib/libutils.a(bget_malloc.o)
 .ARM.extab     0x000000000000a868        0x0 /home/reds/soo/optee_os/out/arm-plat-vexpress/export-ta_arm32/lib/libutils.a(memmove.o)
 .ARM.extab     0x000000000000a868        0x0 /home/reds/soo/optee_os/out/arm-plat-vexpress/export-ta_arm32/lib/libutils.a(strcmp.o)
 .ARM.extab     0x000000000000a868        0x0 /home/reds/soo/optee_os/out/arm-plat-vexpress/export-ta_arm32/lib/libutils.a(strlcpy.o)
 .ARM.extab     0x000000000000a868        0x0 /home/reds/soo/optee_os/out/arm-plat-vexpress/export-ta_arm32/lib/libutils.a(mempool.o)
 .ARM.extab     0x000000000000a868        0x0 /home/reds/soo/optee_os/out/arm-plat-vexpress/export-ta_arm32/lib/libutils.a(consttime_memcmp.o)
                [!provide]                        PROVIDE (__exidx_start = .)

.ARM.exidx      0x000000000000a868      0x7c0
 *(SORT_BY_ALIGNMENT(.ARM.exidx*) SORT_BY_ALIGNMENT(.gnu.linkonce.armexidx.*))
 .ARM.exidx     0x000000000000a868       0x28 ./asf.o
                                         0x30 (size before relaxing)
 .ARM.exidx     0x000000000000afd8       0x10 ./user_ta_header.o
 .ARM.exidx.text.__ta_entry
                0x000000000000a890        0x8 ./ta_entry_a32.o
 .ARM.exidx     0x000000000000a898        0x8 /home/reds/soo/optee_os/out/arm-plat-vexpress/export-ta_arm32/lib/libutils.a(memcpy.o)
 .ARM.exidx     0x000000000000afe8        0x0 /home/reds/soo/optee_os/out/arm-plat-vexpress/export-ta_arm32/lib/libutils.a(memset.o)
                                          0x8 (size before relaxing)
 .ARM.exidx     0x000000000000a8a0       0x20 /home/reds/soo/optee_os/out/arm-plat-vexpress/export-ta_arm32/lib/libutils.a(trace.o)
                                         0x28 (size before relaxing)
 .ARM.exidx     0x000000000000afe8        0x0 /home/reds/soo/optee_os/out/arm-plat-vexpress/export-ta_arm32/lib/libutils.a(aeabi_unwind.o)
                                         0x18 (size before relaxing)
 .ARM.exidx     0x000000000000a8c0       0x28 /home/reds/soo/optee_os/out/arm-plat-vexpress/export-ta_arm32/lib/libutils.a(snprintk.o)
 .ARM.exidx     0x000000000000afe8        0x8 /home/reds/soo/optee_os/out/arm-plat-vexpress/export-ta_arm32/lib/libutils.a(memchr.o)
 .ARM.exidx     0x000000000000aff0        0x8 /home/reds/soo/optee_os/out/arm-plat-vexpress/export-ta_arm32/lib/libutils.a(strlen.o)
 .ARM.exidx.text.__aeabi_ldivmod
                0x000000000000a8e8        0x8 /home/reds/soo/optee_os/out/arm-plat-vexpress/export-ta_arm32/lib/libutils.a(arm32_aeabi_ldivmod_a32.o)
 .ARM.exidx.text.__aeabi_uldivmod
                0x000000000000a8f0        0x8 /home/reds/soo/optee_os/out/arm-plat-vexpress/export-ta_arm32/lib/libutils.a(arm32_aeabi_ldivmod_a32.o)
 .ARM.exidx     0x000000000000aff8        0x8 /home/reds/soo/optee_os/out/arm-plat-vexpress/export-ta_arm32/lib/libutils.a(arm32_aeabi_ldivmod.o)
                                         0x10 (size before relaxing)
 .ARM.exidx     0x000000000000a8f8       0x28 /home/reds/soo/optee_os/out/arm-plat-vexpress/export-ta_arm32/lib/libutee.a(trace_ext.o)
 .ARM.exidx     0x000000000000a920       0xd0 /home/reds/soo/optee_os/out/arm-plat-vexpress/export-ta_arm32/lib/libutee.a(tee_api_objects.o)
                                         0xf8 (size before relaxing)
 .ARM.exidx     0x000000000000a9f0       0xe0 /home/reds/soo/optee_os/out/arm-plat-vexpress/export-ta_arm32/lib/libutee.a(tee_api_operations.o)
                                         0xf8 (size before relaxing)
 .ARM.exidx     0x000000000000aad0       0x40 /home/reds/soo/optee_os/out/arm-plat-vexpress/export-ta_arm32/lib/libutee.a(tee_api_panic.o)
                                         0x48 (size before relaxing)
 .ARM.exidx     0x000000000000ab10       0x60 /home/reds/soo/optee_os/out/arm-plat-vexpress/export-ta_arm32/lib/libutee.a(tee_api_property.o)
                                         0x80 (size before relaxing)
 .ARM.exidx.text._utee_panic
                0x000000000000ab70        0x8 /home/reds/soo/optee_os/out/arm-plat-vexpress/export-ta_arm32/lib/libutee.a(utee_syscalls_a32.o)
 .ARM.exidx.text._utee_return
                0x000000000000ab78        0x8 /home/reds/soo/optee_os/out/arm-plat-vexpress/export-ta_arm32/lib/libutee.a(utee_syscalls_a32.o)
 .ARM.exidx.text._utee_log
                0x000000000000ab80        0x0 /home/reds/soo/optee_os/out/arm-plat-vexpress/export-ta_arm32/lib/libutee.a(utee_syscalls_a32.o)
                                          0x8 (size before relaxing)
 .ARM.exidx.text.__utee_panic
                0x000000000000ab80        0x0 /home/reds/soo/optee_os/out/arm-plat-vexpress/export-ta_arm32/lib/libutee.a(utee_syscalls_a32.o)
                                          0x8 (size before relaxing)
 .ARM.exidx.text._utee_get_property
                0x000000000000ab80        0x0 /home/reds/soo/optee_os/out/arm-plat-vexpress/export-ta_arm32/lib/libutee.a(utee_syscalls_a32.o)
                                          0x8 (size before relaxing)
 .ARM.exidx.text._utee_get_property_name_to_index
                0x000000000000ab80        0x0 /home/reds/soo/optee_os/out/arm-plat-vexpress/export-ta_arm32/lib/libutee.a(utee_syscalls_a32.o)
                                          0x8 (size before relaxing)
 .ARM.exidx.text._utee_open_ta_session
                0x000000000000ab80        0x0 /home/reds/soo/optee_os/out/arm-plat-vexpress/export-ta_arm32/lib/libutee.a(utee_syscalls_a32.o)
                                          0x8 (size before relaxing)
 .ARM.exidx.text._utee_close_ta_session
                0x000000000000ab80        0x0 /home/reds/soo/optee_os/out/arm-plat-vexpress/export-ta_arm32/lib/libutee.a(utee_syscalls_a32.o)
                                          0x8 (size before relaxing)
 .ARM.exidx.text._utee_invoke_ta_command
                0x000000000000ab80        0x0 /home/reds/soo/optee_os/out/arm-plat-vexpress/export-ta_arm32/lib/libutee.a(utee_syscalls_a32.o)
                                          0x8 (size before relaxing)
 .ARM.exidx.text._utee_get_cancellation_flag
                0x000000000000ab80        0x0 /home/reds/soo/optee_os/out/arm-plat-vexpress/export-ta_arm32/lib/libutee.a(utee_syscalls_a32.o)
                                          0x8 (size before relaxing)
 .ARM.exidx.text._utee_check_access_rights
                0x000000000000ab80        0x0 /home/reds/soo/optee_os/out/arm-plat-vexpress/export-ta_arm32/lib/libutee.a(utee_syscalls_a32.o)
                                          0x8 (size before relaxing)
 .ARM.exidx.text._utee_unmask_cancellation
                0x000000000000ab80        0x0 /home/reds/soo/optee_os/out/arm-plat-vexpress/export-ta_arm32/lib/libutee.a(utee_syscalls_a32.o)
                                          0x8 (size before relaxing)
 .ARM.exidx.text._utee_mask_cancellation
                0x000000000000ab80        0x0 /home/reds/soo/optee_os/out/arm-plat-vexpress/export-ta_arm32/lib/libutee.a(utee_syscalls_a32.o)
                                          0x8 (size before relaxing)
 .ARM.exidx.text._utee_wait
                0x000000000000ab80        0x0 /home/reds/soo/optee_os/out/arm-plat-vexpress/export-ta_arm32/lib/libutee.a(utee_syscalls_a32.o)
                                          0x8 (size before relaxing)
 .ARM.exidx.text._utee_get_time
                0x000000000000ab80        0x0 /home/reds/soo/optee_os/out/arm-plat-vexpress/export-ta_arm32/lib/libutee.a(utee_syscalls_a32.o)
                                          0x8 (size before relaxing)
 .ARM.exidx.text._utee_set_ta_time
                0x000000000000ab80        0x0 /home/reds/soo/optee_os/out/arm-plat-vexpress/export-ta_arm32/lib/libutee.a(utee_syscalls_a32.o)
                                          0x8 (size before relaxing)
 .ARM.exidx.text._utee_cryp_state_alloc
                0x000000000000ab80        0x0 /home/reds/soo/optee_os/out/arm-plat-vexpress/export-ta_arm32/lib/libutee.a(utee_syscalls_a32.o)
                                          0x8 (size before relaxing)
 .ARM.exidx.text._utee_cryp_state_copy
                0x000000000000ab80        0x0 /home/reds/soo/optee_os/out/arm-plat-vexpress/export-ta_arm32/lib/libutee.a(utee_syscalls_a32.o)
                                          0x8 (size before relaxing)
 .ARM.exidx.text._utee_cryp_state_free
                0x000000000000ab80        0x0 /home/reds/soo/optee_os/out/arm-plat-vexpress/export-ta_arm32/lib/libutee.a(utee_syscalls_a32.o)
                                          0x8 (size before relaxing)
 .ARM.exidx.text._utee_hash_init
                0x000000000000ab80        0x0 /home/reds/soo/optee_os/out/arm-plat-vexpress/export-ta_arm32/lib/libutee.a(utee_syscalls_a32.o)
                                          0x8 (size before relaxing)
 .ARM.exidx.text._utee_hash_update
                0x000000000000ab80        0x0 /home/reds/soo/optee_os/out/arm-plat-vexpress/export-ta_arm32/lib/libutee.a(utee_syscalls_a32.o)
                                          0x8 (size before relaxing)
 .ARM.exidx.text._utee_hash_final
                0x000000000000ab80        0x0 /home/reds/soo/optee_os/out/arm-plat-vexpress/export-ta_arm32/lib/libutee.a(utee_syscalls_a32.o)
                                          0x8 (size before relaxing)
 .ARM.exidx.text._utee_cipher_init
                0x000000000000ab80        0x0 /home/reds/soo/optee_os/out/arm-plat-vexpress/export-ta_arm32/lib/libutee.a(utee_syscalls_a32.o)
                                          0x8 (size before relaxing)
 .ARM.exidx.text._utee_cipher_update
                0x000000000000ab80        0x0 /home/reds/soo/optee_os/out/arm-plat-vexpress/export-ta_arm32/lib/libutee.a(utee_syscalls_a32.o)
                                          0x8 (size before relaxing)
 .ARM.exidx.text._utee_cipher_final
                0x000000000000ab80        0x0 /home/reds/soo/optee_os/out/arm-plat-vexpress/export-ta_arm32/lib/libutee.a(utee_syscalls_a32.o)
                                          0x8 (size before relaxing)
 .ARM.exidx.text._utee_cryp_obj_get_info
                0x000000000000ab80        0x0 /home/reds/soo/optee_os/out/arm-plat-vexpress/export-ta_arm32/lib/libutee.a(utee_syscalls_a32.o)
                                          0x8 (size before relaxing)
 .ARM.exidx.text._utee_cryp_obj_restrict_usage
                0x000000000000ab80        0x0 /home/reds/soo/optee_os/out/arm-plat-vexpress/export-ta_arm32/lib/libutee.a(utee_syscalls_a32.o)
                                          0x8 (size before relaxing)
 .ARM.exidx.text._utee_cryp_obj_get_attr
                0x000000000000ab80        0x0 /home/reds/soo/optee_os/out/arm-plat-vexpress/export-ta_arm32/lib/libutee.a(utee_syscalls_a32.o)
                                          0x8 (size before relaxing)
 .ARM.exidx.text._utee_cryp_obj_alloc
                0x000000000000ab80        0x0 /home/reds/soo/optee_os/out/arm-plat-vexpress/export-ta_arm32/lib/libutee.a(utee_syscalls_a32.o)
                                          0x8 (size before relaxing)
 .ARM.exidx.text._utee_cryp_obj_close
                0x000000000000ab80        0x0 /home/reds/soo/optee_os/out/arm-plat-vexpress/export-ta_arm32/lib/libutee.a(utee_syscalls_a32.o)
                                          0x8 (size before relaxing)
 .ARM.exidx.text._utee_cryp_obj_reset
                0x000000000000ab80        0x0 /home/reds/soo/optee_os/out/arm-plat-vexpress/export-ta_arm32/lib/libutee.a(utee_syscalls_a32.o)
                                          0x8 (size before relaxing)
 .ARM.exidx.text._utee_cryp_obj_populate
                0x000000000000ab80        0x0 /home/reds/soo/optee_os/out/arm-plat-vexpress/export-ta_arm32/lib/libutee.a(utee_syscalls_a32.o)
                                          0x8 (size before relaxing)
 .ARM.exidx.text._utee_cryp_obj_copy
                0x000000000000ab80        0x0 /home/reds/soo/optee_os/out/arm-plat-vexpress/export-ta_arm32/lib/libutee.a(utee_syscalls_a32.o)
                                          0x8 (size before relaxing)
 .ARM.exidx.text._utee_cryp_derive_key
                0x000000000000ab80        0x0 /home/reds/soo/optee_os/out/arm-plat-vexpress/export-ta_arm32/lib/libutee.a(utee_syscalls_a32.o)
                                          0x8 (size before relaxing)
 .ARM.exidx.text._utee_cryp_random_number_generate
                0x000000000000ab80        0x0 /home/reds/soo/optee_os/out/arm-plat-vexpress/export-ta_arm32/lib/libutee.a(utee_syscalls_a32.o)
                                          0x8 (size before relaxing)
 .ARM.exidx.text._utee_authenc_init
                0x000000000000ab80        0x0 /home/reds/soo/optee_os/out/arm-plat-vexpress/export-ta_arm32/lib/libutee.a(utee_syscalls_a32.o)
                                          0x8 (size before relaxing)
 .ARM.exidx.text._utee_authenc_update_aad
                0x000000000000ab80        0x0 /home/reds/soo/optee_os/out/arm-plat-vexpress/export-ta_arm32/lib/libutee.a(utee_syscalls_a32.o)
                                          0x8 (size before relaxing)
 .ARM.exidx.text._utee_authenc_update_payload
                0x000000000000ab80        0x0 /home/reds/soo/optee_os/out/arm-plat-vexpress/export-ta_arm32/lib/libutee.a(utee_syscalls_a32.o)
                                          0x8 (size before relaxing)
 .ARM.exidx.text._utee_authenc_enc_final
                0x000000000000ab80        0x0 /home/reds/soo/optee_os/out/arm-plat-vexpress/export-ta_arm32/lib/libutee.a(utee_syscalls_a32.o)
                                          0x8 (size before relaxing)
 .ARM.exidx.text._utee_authenc_dec_final
                0x000000000000ab80        0x0 /home/reds/soo/optee_os/out/arm-plat-vexpress/export-ta_arm32/lib/libutee.a(utee_syscalls_a32.o)
                                          0x8 (size before relaxing)
 .ARM.exidx.text._utee_asymm_operate
                0x000000000000ab80        0x0 /home/reds/soo/optee_os/out/arm-plat-vexpress/export-ta_arm32/lib/libutee.a(utee_syscalls_a32.o)
                                          0x8 (size before relaxing)
 .ARM.exidx.text._utee_asymm_verify
                0x000000000000ab80        0x0 /home/reds/soo/optee_os/out/arm-plat-vexpress/export-ta_arm32/lib/libutee.a(utee_syscalls_a32.o)
                                          0x8 (size before relaxing)
 .ARM.exidx.text._utee_storage_obj_open
                0x000000000000ab80        0x0 /home/reds/soo/optee_os/out/arm-plat-vexpress/export-ta_arm32/lib/libutee.a(utee_syscalls_a32.o)
                                          0x8 (size before relaxing)
 .ARM.exidx.text._utee_storage_obj_create
                0x000000000000ab80        0x0 /home/reds/soo/optee_os/out/arm-plat-vexpress/export-ta_arm32/lib/libutee.a(utee_syscalls_a32.o)
                                          0x8 (size before relaxing)
 .ARM.exidx.text._utee_storage_obj_del
                0x000000000000ab80        0x0 /home/reds/soo/optee_os/out/arm-plat-vexpress/export-ta_arm32/lib/libutee.a(utee_syscalls_a32.o)
                                          0x8 (size before relaxing)
 .ARM.exidx.text._utee_storage_obj_rename
                0x000000000000ab80        0x0 /home/reds/soo/optee_os/out/arm-plat-vexpress/export-ta_arm32/lib/libutee.a(utee_syscalls_a32.o)
                                          0x8 (size before relaxing)
 .ARM.exidx.text._utee_storage_alloc_enum
                0x000000000000ab80        0x0 /home/reds/soo/optee_os/out/arm-plat-vexpress/export-ta_arm32/lib/libutee.a(utee_syscalls_a32.o)
                                          0x8 (size before relaxing)
 .ARM.exidx.text._utee_storage_free_enum
                0x000000000000ab80        0x0 /home/reds/soo/optee_os/out/arm-plat-vexpress/export-ta_arm32/lib/libutee.a(utee_syscalls_a32.o)
                                          0x8 (size before relaxing)
 .ARM.exidx.text._utee_storage_reset_enum
                0x000000000000ab80        0x0 /home/reds/soo/optee_os/out/arm-plat-vexpress/export-ta_arm32/lib/libutee.a(utee_syscalls_a32.o)
                                          0x8 (size before relaxing)
 .ARM.exidx.text._utee_storage_start_enum
                0x000000000000ab80        0x0 /home/reds/soo/optee_os/out/arm-plat-vexpress/export-ta_arm32/lib/libutee.a(utee_syscalls_a32.o)
                                          0x8 (size before relaxing)
 .ARM.exidx.text._utee_storage_next_enum
                0x000000000000ab80        0x0 /home/reds/soo/optee_os/out/arm-plat-vexpress/export-ta_arm32/lib/libutee.a(utee_syscalls_a32.o)
                                          0x8 (size before relaxing)
 .ARM.exidx.text._utee_storage_obj_read
                0x000000000000ab80        0x0 /home/reds/soo/optee_os/out/arm-plat-vexpress/export-ta_arm32/lib/libutee.a(utee_syscalls_a32.o)
                                          0x8 (size before relaxing)
 .ARM.exidx.text._utee_storage_obj_write
                0x000000000000ab80        0x0 /home/reds/soo/optee_os/out/arm-plat-vexpress/export-ta_arm32/lib/libutee.a(utee_syscalls_a32.o)
                                          0x8 (size before relaxing)
 .ARM.exidx.text._utee_storage_obj_trunc
                0x000000000000ab80        0x0 /home/reds/soo/optee_os/out/arm-plat-vexpress/export-ta_arm32/lib/libutee.a(utee_syscalls_a32.o)
                                          0x8 (size before relaxing)
 .ARM.exidx.text._utee_storage_obj_seek
                0x000000000000ab80        0x0 /home/reds/soo/optee_os/out/arm-plat-vexpress/export-ta_arm32/lib/libutee.a(utee_syscalls_a32.o)
                                          0x8 (size before relaxing)
 .ARM.exidx.text._utee_cryp_obj_generate_key
                0x000000000000ab80        0x0 /home/reds/soo/optee_os/out/arm-plat-vexpress/export-ta_arm32/lib/libutee.a(utee_syscalls_a32.o)
                                          0x8 (size before relaxing)
 .ARM.exidx.text._utee_cache_operation
                0x000000000000ab80        0x0 /home/reds/soo/optee_os/out/arm-plat-vexpress/export-ta_arm32/lib/libutee.a(utee_syscalls_a32.o)
                                          0x8 (size before relaxing)
 .ARM.exidx     0x000000000000ab80       0x48 /home/reds/soo/optee_os/out/arm-plat-vexpress/export-ta_arm32/lib/libutee.a(user_ta_entry.o)
                                         0x50 (size before relaxing)
 .ARM.exidx     0x000000000000abc8        0x8 /home/reds/soo/optee_os/out/arm-plat-vexpress/export-ta_arm32/lib/libutee.a(abort.o)
 .ARM.exidx     0x000000000000abd0       0x18 /home/reds/soo/optee_os/out/arm-plat-vexpress/export-ta_arm32/lib/libutee.a(base64.o)
 .ARM.exidx     0x000000000000abe8       0x70 /home/reds/soo/optee_os/out/arm-plat-vexpress/export-ta_arm32/lib/libutee.a(tee_api.o)
                                         0xc8 (size before relaxing)
 .ARM.exidx.text.unlikely
                0x000000000000ad58        0x8 /home/reds/soo/optee_os/out/arm-plat-vexpress/export-ta_arm32/lib/libutee.a(tee_api_arith_mpi.o)
 .ARM.exidx     0x000000000000ac58      0x100 /home/reds/soo/optee_os/out/arm-plat-vexpress/export-ta_arm32/lib/libutee.a(tee_api_arith_mpi.o)
                                        0x148 (size before relaxing)
 .ARM.exidx     0x000000000000ad60       0x20 /home/reds/soo/optee_os/out/arm-plat-vexpress/export-ta_arm32/lib/libutee.a(tee_system_pta.o)
 .ARM.exidx     0x000000000000ad80       0x18 /home/reds/soo/optee_os/out/arm-plat-vexpress/export-ta_arm32/lib/libutee.a(tcb.o)
 .ARM.exidx     0x000000000000ad98       0x10 /home/reds/soo/optee_os/out/arm-plat-vexpress/export-ta_arm32/lib/libutee.a(assert.o)
 .ARM.exidx     0x000000000000ada8      0x188 /home/reds/soo/optee_os/out/arm-plat-vexpress/export-ta_arm32/lib/libmbedtls.a(bignum.o)
                                        0x1c0 (size before relaxing)
 .ARM.exidx     0x000000000000af30        0x8 /home/reds/soo/optee_os/out/arm-plat-vexpress/export-ta_arm32/lib/libmbedtls.a(platform_util.o)
 .ARM.exidx     0x000000000000af38       0x80 /home/reds/soo/optee_os/out/arm-plat-vexpress/export-ta_arm32/lib/libutils.a(bget_malloc.o)
                                         0x98 (size before relaxing)
 .ARM.exidx     0x000000000000b000       0x10 /home/reds/soo/optee_os/out/arm-plat-vexpress/export-ta_arm32/lib/libutils.a(snprintf.o)
 .ARM.exidx     0x000000000000b010        0x8 /home/reds/soo/optee_os/out/arm-plat-vexpress/export-ta_arm32/lib/libutils.a(memmove.o)
 .ARM.exidx     0x000000000000b018        0x0 /home/reds/soo/optee_os/out/arm-plat-vexpress/export-ta_arm32/lib/libutils.a(strcmp.o)
                                          0x8 (size before relaxing)
 .ARM.exidx     0x000000000000b018        0x0 /home/reds/soo/optee_os/out/arm-plat-vexpress/export-ta_arm32/lib/libutils.a(strlcpy.o)
                                          0x8 (size before relaxing)
 .ARM.exidx     0x000000000000afb8       0x20 /home/reds/soo/optee_os/out/arm-plat-vexpress/export-ta_arm32/lib/libutils.a(mempool.o)
 .ARM.exidx     0x000000000000b018       0x10 /home/reds/soo/optee_os/out/arm-plat-vexpress/export-ta_arm32/lib/libutils.a(consttime_memcmp.o)
                                          0x8 (size before relaxing)
                [!provide]                        PROVIDE (__exidx_end = .)

.ctors
 *(SORT_BY_ALIGNMENT(.ctors))

.dtors
 *(SORT_BY_ALIGNMENT(.dtors))

.dynsym         0x000000000000b028       0x60
 *(SORT_BY_ALIGNMENT(.dynsym))
 .dynsym        0x000000000000b028       0x60 ./asf.o

.dynstr         0x000000000000b088       0x2e
 *(SORT_BY_ALIGNMENT(.dynstr))
 .dynstr        0x000000000000b088       0x2e ./asf.o

.hash           0x000000000000b0b8       0x2c
 *(SORT_BY_ALIGNMENT(.hash))
 .hash          0x000000000000b0b8       0x2c ./asf.o
                0x000000000000c000                . = ALIGN (0x1000)

.dynamic        0x000000000000c000       0x88
 *(SORT_BY_ALIGNMENT(.dynamic))
 .dynamic       0x000000000000c000       0x88 ./asf.o
                0x000000000000c000                _DYNAMIC

.tdata
 *(SORT_BY_ALIGNMENT(.tdata) SORT_BY_ALIGNMENT(.tdata.*) SORT_BY_ALIGNMENT(.gnu.linkonce.td.*))

.tbss
 *(SORT_BY_ALIGNMENT(.tbss) SORT_BY_ALIGNMENT(.tbss.*) SORT_BY_ALIGNMENT(.gnu.linkonce.tb.*))
 *(SORT_BY_ALIGNMENT(.tcommon))

.got            0x000000000000c088       0x54
 *(SORT_BY_ALIGNMENT(.got.plt))
 .got.plt       0x000000000000c088        0xc ./asf.o
                0x000000000000c088                _GLOBAL_OFFSET_TABLE_
 *(SORT_BY_ALIGNMENT(.got))
 .got           0x000000000000c094       0x48 ./asf.o

.rel.text
 *(SORT_BY_ALIGNMENT(.rel.text))
 *(SORT_BY_ALIGNMENT(.rel.gnu.linkonce.t*))

.rela.text
 *(SORT_BY_ALIGNMENT(.rela.text))
 *(SORT_BY_ALIGNMENT(.rela.gnu.linkonce.t*))

.rel.data
 *(SORT_BY_ALIGNMENT(.rel.data))
 *(SORT_BY_ALIGNMENT(.rel.gnu.linkonce.d*))

.rela.data
 *(SORT_BY_ALIGNMENT(.rela.data))
 *(SORT_BY_ALIGNMENT(.rela.gnu.linkonce.d*))

.rel.tdata
 *(SORT_BY_ALIGNMENT(.rel.tdata) SORT_BY_ALIGNMENT(.rel.tdata.*) SORT_BY_ALIGNMENT(.rel.gnu.linkonce.td.*))

.rela.tdata
 *(SORT_BY_ALIGNMENT(.rela.tdata) SORT_BY_ALIGNMENT(.rela.tdata.*) SORT_BY_ALIGNMENT(.rela.gnu.linkonce.td.*))

.rel.tbss
 *(SORT_BY_ALIGNMENT(.rel.tbss) SORT_BY_ALIGNMENT(.rel.tbss.*) SORT_BY_ALIGNMENT(.rel.gnu.linkonce.tb.*))

.rela.tbss
 *(SORT_BY_ALIGNMENT(.rela.tbss) SORT_BY_ALIGNMENT(.rela.tbss.*) SORT_BY_ALIGNMENT(.rela.gnu.linkonce.tb.*))

.rel.rodata
 *(SORT_BY_ALIGNMENT(.rel.rodata))
 *(SORT_BY_ALIGNMENT(.rel.gnu.linkonce.r*))

.rela.rodata
 *(SORT_BY_ALIGNMENT(.rela.rodata))
 *(SORT_BY_ALIGNMENT(.rela.gnu.linkonce.r*))

.rel.dyn        0x000000000000c0dc       0xe8
 *(SORT_BY_ALIGNMENT(.rel.dyn))
 .rel.data.rel.ro
                0x000000000000c0dc        0x0 ./asf.o
 .rel.iplt      0x000000000000c0dc        0x0 ./asf.o
 .rel.data.rel.ro.local
                0x000000000000c0dc       0xc0 ./asf.o
 .rel.data.rel.local
                0x000000000000c19c       0x20 ./asf.o
 .rel.data.rel  0x000000000000c1bc        0x8 ./asf.o

.rel.got        0x000000000000c1c4       0x90
 *(SORT_BY_ALIGNMENT(.rel.got))
 .rel.got       0x000000000000c1c4       0x90 ./asf.o

.rela.got
 *(SORT_BY_ALIGNMENT(.rela.got))

.rel.ctors
 *(SORT_BY_ALIGNMENT(.rel.ctors))

.rela.ctors
 *(SORT_BY_ALIGNMENT(.rela.ctors))

.rel.dtors
 *(SORT_BY_ALIGNMENT(.rel.dtors))

.rela.dtors
 *(SORT_BY_ALIGNMENT(.rela.dtors))

.rel.init
 *(SORT_BY_ALIGNMENT(.rel.init))

.rela.init
 *(SORT_BY_ALIGNMENT(.rela.init))

.rel.fini
 *(SORT_BY_ALIGNMENT(.rel.fini))

.rela.fini
 *(SORT_BY_ALIGNMENT(.rela.fini))

.rel.bss        0x000000000000c254        0x0
 *(SORT_BY_ALIGNMENT(.rel.bss))
 .rel.bss       0x000000000000c254        0x0 ./asf.o

.rela.bss
 *(SORT_BY_ALIGNMENT(.rela.bss))

.rel.plt        0x000000000000c254        0x0
 *(SORT_BY_ALIGNMENT(.rel.plt))
 .rel.plt       0x000000000000c254        0x0 ./asf.o

.rela.plt
 *(SORT_BY_ALIGNMENT(.rela.plt))

.data           0x000000000000c254      0x110
 *(SORT_BY_ALIGNMENT(.data) SORT_BY_ALIGNMENT(.data.*) SORT_BY_ALIGNMENT(.gnu.linkonce.d.*))
 .data          0x000000000000c254        0x4 ./user_ta_header.o
                0x000000000000c254                trace_level
 .data.rel.ro.local
                0x000000000000c258       0x6c ./user_ta_header.o
                0x000000000000c258                ta_props
 .data.rel.ro.local
                0x000000000000c2c4       0x24 /home/reds/soo/optee_os/out/arm-plat-vexpress/export-ta_arm32/lib/libutee.a(tee_api_property.o)
                0x000000000000c2c4                tee_props
 .data.rel.local
                0x000000000000c2e8       0x10 /home/reds/soo/optee_os/out/arm-plat-vexpress/export-ta_arm32/lib/libutee.a(user_ta_entry.o)
 .data.rel      0x000000000000c2f8        0x4 /home/reds/soo/optee_os/out/arm-plat-vexpress/export-ta_arm32/lib/libmbedtls.a(platform_util.o)
 .data.rel.local
                0x000000000000c2fc       0x5c /home/reds/soo/optee_os/out/arm-plat-vexpress/export-ta_arm32/lib/libutils.a(bget_malloc.o)
 .data          0x000000000000c358        0xc ./asf.o
 .data.rel.ro   0x000000000000c364        0x0 ./asf.o
 .data          0x000000000000c364        0x0 ./ta_entry_a32.o
 .data          0x000000000000c364        0x0 /home/reds/soo/optee_os/out/arm-plat-vexpress/export-ta_arm32/lib/libutils.a(memcpy.o)
 .data          0x000000000000c364        0x0 /home/reds/soo/optee_os/out/arm-plat-vexpress/export-ta_arm32/lib/libutils.a(memset.o)
 .data          0x000000000000c364        0x0 /home/reds/soo/optee_os/out/arm-plat-vexpress/export-ta_arm32/lib/libutils.a(trace.o)
 .data          0x000000000000c364        0x0 /home/reds/soo/optee_os/out/arm-plat-vexpress/export-ta_arm32/lib/libutils.a(aeabi_unwind.o)
 .data          0x000000000000c364        0x0 /home/reds/soo/optee_os/out/arm-plat-vexpress/export-ta_arm32/lib/libutils.a(snprintk.o)
 .data          0x000000000000c364        0x0 /home/reds/soo/optee_os/out/arm-plat-vexpress/export-ta_arm32/lib/libutils.a(memchr.o)
 .data          0x000000000000c364        0x0 /home/reds/soo/optee_os/out/arm-plat-vexpress/export-ta_arm32/lib/libutils.a(strlen.o)
 .data          0x000000000000c364        0x0 /home/reds/soo/optee_os/out/arm-plat-vexpress/export-ta_arm32/lib/libutils.a(arm32_aeabi_ldivmod_a32.o)
 .data          0x000000000000c364        0x0 /home/reds/soo/optee_os/out/arm-plat-vexpress/export-ta_arm32/lib/libutils.a(arm32_aeabi_ldivmod.o)
 .data          0x000000000000c364        0x0 /home/reds/soo/optee_os/out/arm-plat-vexpress/export-ta_arm32/lib/libutee.a(trace_ext.o)
 .data          0x000000000000c364        0x0 /home/reds/soo/optee_os/out/arm-plat-vexpress/export-ta_arm32/lib/libutee.a(tee_api_objects.o)
 .data          0x000000000000c364        0x0 /home/reds/soo/optee_os/out/arm-plat-vexpress/export-ta_arm32/lib/libutee.a(tee_api_operations.o)
 .data          0x000000000000c364        0x0 /home/reds/soo/optee_os/out/arm-plat-vexpress/export-ta_arm32/lib/libutee.a(tee_api_panic.o)
 .data          0x000000000000c364        0x0 /home/reds/soo/optee_os/out/arm-plat-vexpress/export-ta_arm32/lib/libutee.a(tee_api_property.o)
 .data          0x000000000000c364        0x0 /home/reds/soo/optee_os/out/arm-plat-vexpress/export-ta_arm32/lib/libutee.a(utee_syscalls_a32.o)
 .data          0x000000000000c364        0x0 /home/reds/soo/optee_os/out/arm-plat-vexpress/export-ta_arm32/lib/libutee.a(user_ta_entry.o)
 .data          0x000000000000c364        0x0 /home/reds/soo/optee_os/out/arm-plat-vexpress/export-ta_arm32/lib/libutee.a(abort.o)
 .data          0x000000000000c364        0x0 /home/reds/soo/optee_os/out/arm-plat-vexpress/export-ta_arm32/lib/libutee.a(base64.o)
 .data          0x000000000000c364        0x0 /home/reds/soo/optee_os/out/arm-plat-vexpress/export-ta_arm32/lib/libutee.a(tee_api.o)
 .data          0x000000000000c364        0x0 /home/reds/soo/optee_os/out/arm-plat-vexpress/export-ta_arm32/lib/libutee.a(tee_api_arith_mpi.o)
 .data          0x000000000000c364        0x0 /home/reds/soo/optee_os/out/arm-plat-vexpress/export-ta_arm32/lib/libutee.a(tee_system_pta.o)
 .data          0x000000000000c364        0x0 /home/reds/soo/optee_os/out/arm-plat-vexpress/export-ta_arm32/lib/libutee.a(tcb.o)
 .data          0x000000000000c364        0x0 /home/reds/soo/optee_os/out/arm-plat-vexpress/export-ta_arm32/lib/libutee.a(assert.o)
 .data          0x000000000000c364        0x0 /home/reds/soo/optee_os/out/arm-plat-vexpress/export-ta_arm32/lib/libmbedtls.a(bignum.o)
 .data          0x000000000000c364        0x0 /home/reds/soo/optee_os/out/arm-plat-vexpress/export-ta_arm32/lib/libmbedtls.a(platform_util.o)
 .data          0x000000000000c364        0x0 /home/reds/soo/optee_os/out/arm-plat-vexpress/export-ta_arm32/lib/libutils.a(bget_malloc.o)
 .data          0x000000000000c364        0x0 /home/reds/soo/optee_os/out/arm-plat-vexpress/export-ta_arm32/lib/libutils.a(snprintf.o)
 .data          0x000000000000c364        0x0 /home/reds/soo/optee_os/out/arm-plat-vexpress/export-ta_arm32/lib/libutils.a(memmove.o)
 .data          0x000000000000c364        0x0 /home/reds/soo/optee_os/out/arm-plat-vexpress/export-ta_arm32/lib/libutils.a(strcmp.o)
 .data          0x000000000000c364        0x0 /home/reds/soo/optee_os/out/arm-plat-vexpress/export-ta_arm32/lib/libutils.a(strlcpy.o)
 .data          0x000000000000c364        0x0 /home/reds/soo/optee_os/out/arm-plat-vexpress/export-ta_arm32/lib/libutils.a(mempool.o)
 .data          0x000000000000c364        0x0 /home/reds/soo/optee_os/out/arm-plat-vexpress/export-ta_arm32/lib/libutils.a(consttime_memcmp.o)

.igot.plt       0x000000000000c364        0x0
 .igot.plt      0x000000000000c364        0x0 ./asf.o

.bss            0x000000000000c364     0xb08c
 *(SORT_BY_ALIGNMENT(.bss) SORT_BY_ALIGNMENT(.bss.*) SORT_BY_ALIGNMENT(.gnu.linkonce.b.*) SORT_BY_ALIGNMENT(COMMON))
 .bss           0x000000000000c364       0x38 /home/reds/soo/optee_os/out/arm-plat-vexpress/export-ta_arm32/lib/libutee.a(user_ta_entry.o)
                0x000000000000c36c                __elf_phdr_info
                0x000000000000c378                ta_params
                0x000000000000c398                ta_param_types
 .bss           0x000000000000c39c        0x4 /home/reds/soo/optee_os/out/arm-plat-vexpress/export-ta_arm32/lib/libutee.a(tee_api.o)
 .bss           0x000000000000c3a0     0x3000 /home/reds/soo/optee_os/out/arm-plat-vexpress/export-ta_arm32/lib/libutee.a(tee_api_arith_mpi.o)
 .bss           0x000000000000f3a0        0x4 /home/reds/soo/optee_os/out/arm-plat-vexpress/export-ta_arm32/lib/libutee.a(tee_system_pta.o)
 .bss           0x000000000000f3a4        0x8 /home/reds/soo/optee_os/out/arm-plat-vexpress/export-ta_arm32/lib/libutee.a(tcb.o)
 .bss           0x000000000000f3ac        0x4 /home/reds/soo/optee_os/out/arm-plat-vexpress/export-ta_arm32/lib/libmbedtls.a(bignum.o)
                0x000000000000f3ac                mbedtls_mpi_mempool
 .bss           0x000000000000f3b0       0x40 ./asf.o
 .bss           0x000000000000f3f0     0x8000 ./user_ta_header.o
                0x000000000000f3f0                ta_heap
 .bss           0x00000000000173f0        0x0 ./ta_entry_a32.o
 .bss           0x00000000000173f0        0x0 /home/reds/soo/optee_os/out/arm-plat-vexpress/export-ta_arm32/lib/libutils.a(memcpy.o)
 .bss           0x00000000000173f0        0x0 /home/reds/soo/optee_os/out/arm-plat-vexpress/export-ta_arm32/lib/libutils.a(memset.o)
 .bss           0x00000000000173f0        0x0 /home/reds/soo/optee_os/out/arm-plat-vexpress/export-ta_arm32/lib/libutils.a(trace.o)
 .bss           0x00000000000173f0        0x0 /home/reds/soo/optee_os/out/arm-plat-vexpress/export-ta_arm32/lib/libutils.a(aeabi_unwind.o)
 .bss           0x00000000000173f0        0x0 /home/reds/soo/optee_os/out/arm-plat-vexpress/export-ta_arm32/lib/libutils.a(snprintk.o)
 .bss           0x00000000000173f0        0x0 /home/reds/soo/optee_os/out/arm-plat-vexpress/export-ta_arm32/lib/libutils.a(memchr.o)
 .bss           0x00000000000173f0        0x0 /home/reds/soo/optee_os/out/arm-plat-vexpress/export-ta_arm32/lib/libutils.a(strlen.o)
 .bss           0x00000000000173f0        0x0 /home/reds/soo/optee_os/out/arm-plat-vexpress/export-ta_arm32/lib/libutils.a(arm32_aeabi_ldivmod_a32.o)
 .bss           0x00000000000173f0        0x0 /home/reds/soo/optee_os/out/arm-plat-vexpress/export-ta_arm32/lib/libutils.a(arm32_aeabi_ldivmod.o)
 .bss           0x00000000000173f0        0x0 /home/reds/soo/optee_os/out/arm-plat-vexpress/export-ta_arm32/lib/libutee.a(trace_ext.o)
 .bss           0x00000000000173f0        0x0 /home/reds/soo/optee_os/out/arm-plat-vexpress/export-ta_arm32/lib/libutee.a(tee_api_objects.o)
 .bss           0x00000000000173f0        0x0 /home/reds/soo/optee_os/out/arm-plat-vexpress/export-ta_arm32/lib/libutee.a(tee_api_operations.o)
 .bss           0x00000000000173f0        0x0 /home/reds/soo/optee_os/out/arm-plat-vexpress/export-ta_arm32/lib/libutee.a(tee_api_panic.o)
 .bss           0x00000000000173f0        0x0 /home/reds/soo/optee_os/out/arm-plat-vexpress/export-ta_arm32/lib/libutee.a(tee_api_property.o)
 .bss           0x00000000000173f0        0x0 /home/reds/soo/optee_os/out/arm-plat-vexpress/export-ta_arm32/lib/libutee.a(utee_syscalls_a32.o)
 .bss           0x00000000000173f0        0x0 /home/reds/soo/optee_os/out/arm-plat-vexpress/export-ta_arm32/lib/libutee.a(abort.o)
 .bss           0x00000000000173f0        0x0 /home/reds/soo/optee_os/out/arm-plat-vexpress/export-ta_arm32/lib/libutee.a(base64.o)
 .bss           0x00000000000173f0        0x0 /home/reds/soo/optee_os/out/arm-plat-vexpress/export-ta_arm32/lib/libutee.a(assert.o)
 .bss           0x00000000000173f0        0x0 /home/reds/soo/optee_os/out/arm-plat-vexpress/export-ta_arm32/lib/libmbedtls.a(platform_util.o)
 .bss           0x00000000000173f0        0x0 /home/reds/soo/optee_os/out/arm-plat-vexpress/export-ta_arm32/lib/libutils.a(bget_malloc.o)
 .bss           0x00000000000173f0        0x0 /home/reds/soo/optee_os/out/arm-plat-vexpress/export-ta_arm32/lib/libutils.a(snprintf.o)
 .bss           0x00000000000173f0        0x0 /home/reds/soo/optee_os/out/arm-plat-vexpress/export-ta_arm32/lib/libutils.a(memmove.o)
 .bss           0x00000000000173f0        0x0 /home/reds/soo/optee_os/out/arm-plat-vexpress/export-ta_arm32/lib/libutils.a(strcmp.o)
 .bss           0x00000000000173f0        0x0 /home/reds/soo/optee_os/out/arm-plat-vexpress/export-ta_arm32/lib/libutils.a(strlcpy.o)